
-----------------------
Resources requested:
nodes=4:ppn=40
-----------------------
Resources used:
cput=00:59:07
walltime=00:01:34
mem=5.392GB
vmem=158.957GB
-----------------------
Resource units charged (estimate):
0.417 RUs
-----------------------
