
-----------------------
Resources requested:
nodes=4:ppn=40
-----------------------
Resources used:
cput=05:33:16
walltime=00:08:28
mem=8.504GB
vmem=162.153GB
-----------------------
Resource units charged (estimate):
-----------------------
