 running on  160 total cores
 distrk:  each k-point on   20 cores,    8 groups
 distr:  one band on    5 cores,    4 groups
 using from now: INCAR     
 vasp.5.4.1 05Feb16 (build Jan 29 2020 16:04:39) complex                        
  
 POSCAR found type information on POSCAR  Pt Au
 POSCAR found :  2 types and      32 ions
 scaLAPACK will be used

 ----------------------------------------------------------------------------- 
|                                                                             |
|           W    W    AA    RRRRR   N    N  II  N    N   GGGG   !!!           |
|           W    W   A  A   R    R  NN   N  II  NN   N  G    G  !!!           |
|           W    W  A    A  R    R  N N  N  II  N N  N  G       !!!           |
|           W WW W  AAAAAA  RRRRR   N  N N  II  N  N N  G  GGG   !            |
|           WW  WW  A    A  R   R   N   NN  II  N   NN  G    G                |
|           W    W  A    A  R    R  N    N  II  N    N   GGGG   !!!           |
|                                                                             |
|      For optimal performance we recommend to set                            |
|        NCORE= 4 - approx SQRT( number of cores)                             |
|      NCORE specifies how many cores store one orbital (NPAR=cpu/NCORE).     |
|      This setting can  greatly improve the performance of VASP for DFT.     |
|      The default, NPAR=number of cores might be grossly inefficient         |
|      on modern multi-core architectures or massively parallel machines.     |
|      Do your own testing !!!!                                               |
|      Unfortunately you need to use the default for GW and RPA calculations. |
|      (for HF NCORE is supported but not extensively tested yet)             |
|                                                                             |
 ----------------------------------------------------------------------------- 


 ----------------------------------------------------------------------------- 
|                                                                             |
|           W    W    AA    RRRRR   N    N  II  N    N   GGGG   !!!           |
|           W    W   A  A   R    R  NN   N  II  NN   N  G    G  !!!           |
|           W    W  A    A  R    R  N N  N  II  N N  N  G       !!!           |
|           W WW W  AAAAAA  RRRRR   N  N N  II  N  N N  G  GGG   !            |
|           WW  WW  A    A  R   R   N   NN  II  N   NN  G    G                |
|           W    W  A    A  R    R  N    N  II  N    N   GGGG   !!!           |
|                                                                             |
|      You have enabled k-point parallelism (KPAR>1).                         |
|      This developmental code was originally  written by Paul Kent at ORNL,  |
|      and carefully double checked in Vienna.                                |
|      GW as well as linear response parallelism added by Martijn Marsman     |
|      and Georg Kresse.                                                      |
|      Carefully verify results versus KPAR=1.                                |
|      Report problems to Paul Kent and Vienna.                               |
|                                                                             |
 ----------------------------------------------------------------------------- 

 LDA part: xc-table for Pade appr. of Perdew
 POSCAR, INCAR and KPOINTS ok, starting setup
 FFT: planning ...
 WAVECAR not read
 entering main loop
       N       E                     dE             d eps       ncg     rms          rms(c)
DAV:   1     0.159392987134E+04    0.15939E+04   -0.12153E+05  5728   0.101E+03
DAV:   2    -0.874382136469E+02   -0.16814E+04   -0.15850E+04  6172   0.271E+02
DAV:   3    -0.158554096639E+03   -0.71116E+02   -0.66680E+02  6152   0.503E+01
DAV:   4    -0.159922497183E+03   -0.13684E+01   -0.13541E+01  6136   0.681E+00
DAV:   5    -0.159950220174E+03   -0.27723E-01   -0.27691E-01  6056   0.899E-01    0.526E+01
RMM:   6    -0.150665640729E+03    0.92846E+01   -0.29781E+01  5712   0.122E+01    0.349E+01
RMM:   7    -0.151861491038E+03   -0.11959E+01   -0.10845E+01  5712   0.657E+00    0.200E+01
RMM:   8    -0.151023736268E+03    0.83775E+00   -0.62337E+00  5712   0.446E+00    0.138E+01
RMM:   9    -0.149478267847E+03    0.15455E+01   -0.22784E+00  5712   0.268E+00    0.525E+00
RMM:  10    -0.149467585799E+03    0.10682E-01   -0.80914E-01  5712   0.163E+00    0.454E+00
RMM:  11    -0.149256105665E+03    0.21148E+00   -0.20442E-01  5712   0.833E-01    0.147E+00
RMM:  12    -0.149241143039E+03    0.14963E-01   -0.20100E-02  5712   0.246E-01    0.812E-01
RMM:  13    -0.149239417061E+03    0.17260E-02   -0.65106E-03  5712   0.139E-01    0.561E-01
RMM:  14    -0.149238309138E+03    0.11079E-02   -0.28468E-03  5712   0.933E-02    0.330E-01
RMM:  15    -0.149237777650E+03    0.53149E-03   -0.11321E-03  5712   0.605E-02    0.159E-01
RMM:  16    -0.149237607021E+03    0.17063E-03   -0.29121E-04  5712   0.305E-02    0.572E-02
RMM:  17    -0.149237597340E+03    0.96810E-05   -0.37569E-05  4162   0.112E-02
   1 F= -.14923760E+03 E0= -.14924488E+03  d E =-.149238E+03
 curvature:   0.00 expect dE= 0.000E+00 dE for cont linesearch  0.000E+00
 trial: gam= 0.00000 g(F)=  0.204E+00 g(S)=  0.219E+00 ort = 0.000E+00 (trialstep = 0.100E+01)
 search vector abs. value=  0.422E+00
 bond charge predicted
       N       E                     dE             d eps       ncg     rms          rms(c)
DAV:   1    -0.150609993807E+03   -0.13724E+01   -0.37542E+01  5772   0.149E+01    0.669E+00
RMM:   2    -0.149601654232E+03    0.10083E+01   -0.32071E+00  5712   0.426E+00    0.236E+00
RMM:   3    -0.149595660784E+03    0.59934E-02   -0.26660E-01  5712   0.106E+00    0.248E+00
RMM:   4    -0.149565826181E+03    0.29835E-01   -0.50638E-02  5712   0.400E-01    0.166E+00
RMM:   5    -0.149566708528E+03   -0.88235E-03   -0.19947E-02  5712   0.257E-01    0.111E+00
RMM:   6    -0.149568098093E+03   -0.13896E-02   -0.17871E-02  5712   0.242E-01    0.690E-01
RMM:   7    -0.149562689110E+03    0.54090E-02   -0.60641E-03  5712   0.140E-01    0.177E-01
RMM:   8    -0.149562339587E+03    0.34952E-03   -0.58507E-04  5712   0.428E-02    0.775E-02
RMM:   9    -0.149562287506E+03    0.52081E-04   -0.14096E-04  5712   0.220E-02    0.436E-02
RMM:  10    -0.149562270414E+03    0.17092E-04   -0.49749E-05  4586   0.128E-02    0.209E-02
RMM:  11    -0.149562275692E+03   -0.52783E-05   -0.92196E-06  3062   0.637E-03
   2 F= -.14956228E+03 E0= -.14956839E+03  d E =-.324678E+00
 trial-energy change:   -0.324678  1 .order   -0.323292   -0.422344   -0.224240
 step:   2.0425(harm=  2.1319)  dis= 0.02450  next Energy=  -149.680732 (dE=-0.443E+00)
 bond charge predicted
       N       E                     dE             d eps       ncg     rms          rms(c)
DAV:   1    -0.150813328000E+03   -0.12511E+01   -0.40989E+01  5724   0.155E+01    0.704E+00
RMM:   2    -0.149722566506E+03    0.10908E+01   -0.33892E+00  5712   0.439E+00    0.252E+00
RMM:   3    -0.149714161046E+03    0.84055E-02   -0.29790E-01  5712   0.113E+00    0.260E+00
RMM:   4    -0.149680626859E+03    0.33534E-01   -0.55491E-02  5712   0.420E-01    0.173E+00
RMM:   5    -0.149682366235E+03   -0.17394E-02   -0.21852E-02  5712   0.271E-01    0.114E+00
RMM:   6    -0.149682640143E+03   -0.27391E-03   -0.19006E-02  5712   0.253E-01    0.670E-01
RMM:   7    -0.149677524677E+03    0.51155E-02   -0.59073E-03  5712   0.138E-01    0.177E-01
RMM:   8    -0.149677193157E+03    0.33152E-03   -0.57098E-04  5712   0.428E-02    0.806E-02
RMM:   9    -0.149677136248E+03    0.56909E-04   -0.14164E-04  5712   0.227E-02    0.427E-02
RMM:  10    -0.149677120762E+03    0.15486E-04   -0.44377E-05  4383   0.122E-02    0.216E-02
RMM:  11    -0.149677126440E+03   -0.56777E-05   -0.91991E-06  3055   0.649E-03
   3 F= -.14967713E+03 E0= -.14968224E+03  d E =-.439529E+00
 curvature:  -1.06 expect dE=-0.224E+00 dE for cont linesearch -0.871E-04
 trial: gam= 0.51473 g(F)=  0.106E+00 g(S)=  0.105E+00 ort =-0.589E-02 (trialstep = 0.121E+01)
 search vector abs. value=  0.317E+00
 bond charge predicted
       N       E                     dE             d eps       ncg     rms          rms(c)
DAV:   1    -0.149892581897E+03   -0.21546E+00   -0.40240E+01  5712   0.118E+01    0.178E+00
RMM:   2    -0.149888143892E+03    0.44380E-02   -0.51929E-01  5712   0.179E+00    0.983E-01
RMM:   3    -0.149891807784E+03   -0.36639E-02   -0.37577E-02  5712   0.382E-01    0.109E+00
RMM:   4    -0.149882002239E+03    0.98055E-02   -0.11107E-02  5712   0.188E-01    0.619E-01
RMM:   5    -0.149881828447E+03    0.17379E-03   -0.35094E-03  5712   0.109E-01    0.348E-01
RMM:   6    -0.149881373643E+03    0.45480E-03   -0.28720E-03  5712   0.960E-02    0.223E-01
RMM:   7    -0.149880942925E+03    0.43072E-03   -0.82103E-04  5712   0.525E-02    0.115E-01
RMM:   8    -0.149880834901E+03    0.10802E-03   -0.20438E-04  5712   0.254E-02    0.606E-02
RMM:   9    -0.149880808339E+03    0.26562E-04   -0.45109E-05  4421   0.119E-02    0.281E-02
RMM:  10    -0.149880802673E+03    0.56653E-05   -0.96720E-06  3062   0.599E-03
   4 F= -.14988080E+03 E0= -.14988535E+03  d E =-.203676E+00
 trial-energy change:   -0.203676  1 .order   -0.203639   -0.251934   -0.155344
 step:   3.1521(harm=  3.1521)  dis= 0.04823  next Energy=  -150.005684 (dE=-0.329E+00)
 bond charge predicted
       N       E                     dE             d eps       ncg     rms          rms(c)
DAV:   1    -0.150039891952E+03   -0.15908E+00   -0.10448E+02  5712   0.190E+01    0.277E+00
RMM:   2    -0.150031485433E+03    0.84065E-02   -0.13487E+00  5712   0.289E+00    0.157E+00
RMM:   3    -0.150040632515E+03   -0.91471E-02   -0.98150E-02  5712   0.616E-01    0.173E+00
RMM:   4    -0.150014450409E+03    0.26182E-01   -0.29603E-02  5712   0.307E-01    0.977E-01
RMM:   5    -0.150014231009E+03    0.21940E-03   -0.95042E-03  5712   0.177E-01    0.602E-01
RMM:   6    -0.150012817490E+03    0.14135E-02   -0.74258E-03  5712   0.154E-01    0.367E-01
RMM:   7    -0.150011806460E+03    0.10110E-02   -0.23003E-03  5712   0.876E-02    0.209E-01
RMM:   8    -0.150011465136E+03    0.34132E-03   -0.61719E-04  5712   0.443E-02    0.111E-01
RMM:   9    -0.150011377229E+03    0.87907E-04   -0.15011E-04  5711   0.214E-02    0.519E-02
RMM:  10    -0.150011357998E+03    0.19230E-04   -0.29488E-05  3852   0.974E-03    0.190E-02
RMM:  11    -0.150011358793E+03   -0.79441E-06   -0.10215E-05  3044   0.649E-03
   5 F= -.15001136E+03 E0= -.15001469E+03  d E =-.334232E+00
 curvature:  -2.40 expect dE=-0.422E-01 dE for cont linesearch -0.325E-03
 ZBRENT: extrapolating
 opt :   3.2566  next Energy=  -150.011701 (dE=-0.335E+00)
 bond charge predicted
       N       E                     dE             d eps       ncg     rms          rms(c)
DAV:   1    -0.150011825112E+03   -0.46711E-03   -0.29938E-01  5808   0.101E+00    0.151E-01
RMM:   2    -0.150011793624E+03    0.31488E-04   -0.40110E-03  5712   0.154E-01    0.830E-02
RMM:   3    -0.150011830656E+03   -0.37032E-04   -0.30952E-04  5712   0.343E-02    0.973E-02
RMM:   4    -0.150011743356E+03    0.87299E-04   -0.92408E-05  5427   0.172E-02    0.507E-02
RMM:   5    -0.150011740294E+03    0.30627E-05   -0.22059E-05  3384   0.904E-03
   6 F= -.15001174E+03 E0= -.15001497E+03  d E =-.334614E+00
 curvature:  -2.53 expect dE=-0.429E-01 dE for cont linesearch -0.304E-05
 trial: gam=-0.05906 g(F)=  0.659E-02 g(S)=  0.104E-01 ort = 0.618E-03 (trialstep = 0.162E+01)
 search vector abs. value=  0.180E-01
 bond charge predicted
       N       E                     dE             d eps       ncg     rms          rms(c)
DAV:   1    -0.150139556712E+03   -0.12781E+00   -0.42710E+00  5748   0.501E+00    0.219E+00
RMM:   2    -0.150030422000E+03    0.10913E+00   -0.33876E-01  5712   0.141E+00    0.882E-01
RMM:   3    -0.150027907648E+03    0.25144E-02   -0.27087E-02  5712   0.339E-01    0.821E-01
RMM:   4    -0.150026175574E+03    0.17321E-02   -0.55029E-03  5712   0.133E-01    0.595E-01
RMM:   5    -0.150026502541E+03   -0.32697E-03   -0.31181E-03  5712   0.101E-01    0.401E-01
RMM:   6    -0.150025924383E+03    0.57816E-03   -0.21589E-03  5712   0.832E-02    0.211E-01
RMM:   7    -0.150025401177E+03    0.52321E-03   -0.57874E-04  5712   0.434E-02    0.499E-02
RMM:   8    -0.150025371253E+03    0.29924E-04   -0.43737E-05  4281   0.118E-02    0.172E-02
RMM:   9    -0.150025370425E+03    0.82816E-06   -0.10704E-05  3039   0.653E-03
   7 F= -.15002537E+03 E0= -.15002892E+03  d E =-.136301E-01
 trial-energy change:   -0.013630  1 .order   -0.013765   -0.027403   -0.000127
 step:   1.6259(harm=  1.6257)  dis= 0.00726  next Energy=  -150.025371 (dE=-0.136E-01)
 bond charge predicted
       N       E                     dE             d eps       ncg     rms          rms(c)
DAV:   1    -0.150025371358E+03   -0.10504E-06   -0.95372E-05  5904   0.248E-02    0.104E-02
RMM:   2    -0.150025370713E+03    0.64506E-06   -0.80957E-06  2888   0.685E-03
   8 F= -.15002537E+03 E0= -.15002893E+03  d E =-.136304E-01
 curvature:  -0.86 expect dE=-0.371E-02 dE for cont linesearch -0.651E-08
 trial: gam= 0.24505 g(F)=  0.279E-02 g(S)=  0.152E-02 ort =-0.117E-04 (trialstep = 0.162E+01)
 search vector abs. value=  0.538E-02
 bond charge predicted
       N       E                     dE             d eps       ncg     rms          rms(c)
DAV:   1    -0.150032768345E+03   -0.73970E-02   -0.12231E+00  5744   0.208E+00    0.378E-01
RMM:   2    -0.150031396481E+03    0.13719E-02   -0.19377E-02  5712   0.337E-01    0.207E-01
RMM:   3    -0.150031708280E+03   -0.31180E-03   -0.19213E-03  5712   0.843E-02    0.247E-01
RMM:   4    -0.150031059476E+03    0.64880E-03   -0.63676E-04  5712   0.452E-02    0.112E-01
RMM:   5    -0.150031044375E+03    0.15101E-04   -0.11822E-04  5682   0.194E-02    0.822E-02
RMM:   6    -0.150031036004E+03    0.83717E-05   -0.92366E-05  5631   0.175E-02
   9 F= -.15003104E+03 E0= -.15003462E+03  d E =-.566529E-02
 trial-energy change:   -0.005665  1 .order   -0.005678   -0.006961   -0.004395
 step:   4.3943(harm=  4.3943)  dis= 0.01387  next Energy=  -150.034813 (dE=-0.944E-02)
 bond charge predicted
       N       E                     dE             d eps       ncg     rms          rms(c)
DAV:   1    -0.150039628247E+03   -0.85839E-02   -0.35857E+00  5712   0.356E+00    0.654E-01
RMM:   2    -0.150035512185E+03    0.41161E-02   -0.57185E-02  5712   0.577E-01    0.354E-01
RMM:   3    -0.150036386668E+03   -0.87448E-03   -0.55768E-03  5712   0.144E-01    0.416E-01
RMM:   4    -0.150034578164E+03    0.18085E-02   -0.18042E-03  5712   0.759E-02    0.199E-01
RMM:   5    -0.150034514435E+03    0.63729E-04   -0.36125E-04  5712   0.338E-02    0.145E-01
RMM:   6    -0.150034485004E+03    0.29431E-04   -0.27943E-04  5712   0.305E-02    0.756E-02
RMM:   7    -0.150034453195E+03    0.31809E-04   -0.13042E-04  5702   0.208E-02    0.433E-02
RMM:   8    -0.150034438819E+03    0.14376E-04   -0.27642E-05  3771   0.961E-03    0.222E-02
RMM:   9    -0.150034435706E+03    0.31129E-05   -0.89189E-06  2991   0.578E-03
  10 F= -.15003444E+03 E0= -.15003802E+03  d E =-.906499E-02
 curvature:  -2.75 expect dE=-0.288E-02 dE for cont linesearch -0.275E-04
 ZBRENT: interpolating
 opt :   4.1759  next Energy=  -150.034461 (dE=-0.909E-02)
 bond charge predicted
       N       E                     dE             d eps       ncg     rms          rms(c)
DAV:   1    -0.150034498775E+03   -0.59957E-04   -0.22324E-02  5808   0.282E-01    0.512E-02
RMM:   2    -0.150034473500E+03    0.25275E-04   -0.35212E-04  5712   0.455E-02    0.299E-02
RMM:   3    -0.150034477419E+03   -0.39195E-05   -0.36522E-05  4000   0.118E-02
  11 F= -.15003448E+03 E0= -.15003805E+03  d E =-.910671E-02
 curvature:  -2.53 expect dE=-0.247E-02 dE for cont linesearch -0.103E-06
 trial: gam= 0.25791 g(F)=  0.761E-03 g(S)=  0.213E-03 ort =-0.148E-04 (trialstep = 0.213E+01)
 search vector abs. value=  0.132E-02
 bond charge predicted
       N       E                     dE             d eps       ncg     rms          rms(c)
DAV:   1    -0.150037849008E+03   -0.33755E-02   -0.50420E-01  5720   0.137E+00    0.304E-01
RMM:   2    -0.150036254048E+03    0.15950E-02   -0.10372E-02  5712   0.246E-01    0.128E-01
RMM:   3    -0.150036283581E+03   -0.29533E-04   -0.86776E-04  5712   0.591E-02    0.161E-01
RMM:   4    -0.150036097368E+03    0.18621E-03   -0.20228E-04  5712   0.255E-02    0.935E-02
RMM:   5    -0.150036084106E+03    0.13262E-04   -0.56996E-05  4716   0.139E-02    0.577E-02
RMM:   6    -0.150036075726E+03    0.83808E-05   -0.72130E-05  5267   0.157E-02
  12 F= -.15003608E+03 E0= -.15003960E+03  d E =-.159831E-02
 trial-energy change:   -0.001598  1 .order   -0.001657   -0.002068   -0.001246
 step:   5.3623(harm=  5.3623)  dis= 0.00629  next Energy=  -150.037079 (dE=-0.260E-02)
 bond charge predicted
       N       E                     dE             d eps       ncg     rms          rms(c)
DAV:   1    -0.150040991434E+03   -0.49073E-02   -0.11617E+00  5712   0.208E+00    0.464E-01
RMM:   2    -0.150037299381E+03    0.36921E-02   -0.23945E-02  5712   0.374E-01    0.182E-01
RMM:   3    -0.150037226113E+03    0.73268E-04   -0.18283E-03  5712   0.865E-02    0.211E-01
RMM:   4    -0.150036965585E+03    0.26053E-03   -0.35936E-04  5712   0.341E-02    0.136E-01
RMM:   5    -0.150036945421E+03    0.20164E-04   -0.13986E-04  5710   0.212E-02    0.932E-02
RMM:   6    -0.150036910356E+03    0.35065E-04   -0.15757E-04  5712   0.231E-02    0.424E-02
RMM:   7    -0.150036889658E+03    0.20698E-04   -0.38306E-05  4133   0.114E-02    0.172E-02
RMM:   8    -0.150036886486E+03    0.31727E-05   -0.72225E-06  2991   0.531E-03
  13 F= -.15003689E+03 E0= -.15004038E+03  d E =-.240907E-02
 curvature:  -3.66 expect dE=-0.458E-02 dE for cont linesearch -0.364E-05
 trial: gam= 1.31256 g(F)=  0.333E-03 g(S)=  0.919E-03 ort =-0.363E-04 (trialstep = 0.107E+01)
 search vector abs. value=  0.344E-02
 bond charge predicted
       N       E                     dE             d eps       ncg     rms          rms(c)
DAV:   1    -0.150039327171E+03   -0.24375E-02   -0.32647E-01  5728   0.112E+00    0.280E-01
RMM:   2    -0.150037991008E+03    0.13362E-02   -0.74399E-03  5712   0.208E-01    0.117E-01
RMM:   3    -0.150038028828E+03   -0.37819E-04   -0.69964E-04  5712   0.532E-02    0.136E-01
RMM:   4    -0.150037879915E+03    0.14891E-03   -0.18626E-04  5712   0.244E-02    0.755E-02
RMM:   5    -0.150037874447E+03    0.54677E-05   -0.47204E-05  4423   0.126E-02
  14 F= -.15003787E+03 E0= -.15004130E+03  d E =-.987962E-03
 trial-energy change:   -0.000988  1 .order   -0.001008   -0.001289   -0.000727
 step:   2.4541(harm=  2.4541)  dis= 0.00520  next Energy=  -150.038365 (dE=-0.148E-02)
 bond charge predicted
       N       E                     dE             d eps       ncg     rms          rms(c)
DAV:   1    -0.150040675757E+03   -0.27958E-02   -0.54807E-01  5720   0.145E+00    0.367E-01
RMM:   2    -0.150038482461E+03    0.21933E-02   -0.12590E-02  5712   0.270E-01    0.176E-01
RMM:   3    -0.150038683622E+03   -0.20116E-03   -0.15915E-03  5712   0.767E-02    0.224E-01
RMM:   4    -0.150038223428E+03    0.46019E-03   -0.47520E-04  5712   0.396E-02    0.999E-02
RMM:   5    -0.150038224545E+03   -0.11169E-05   -0.10221E-04  5425   0.177E-02    0.819E-02
RMM:   6    -0.150038215863E+03    0.86817E-05   -0.85960E-05  5658   0.172E-02
  15 F= -.15003822E+03 E0= -.15004156E+03  d E =-.132938E-02
 curvature:  -3.50 expect dE=-0.129E-02 dE for cont linesearch -0.743E-05
 ZBRENT: interpolating
 opt :   2.2995  next Energy=  -150.038222 (dE=-0.134E-02)
 bond charge predicted
       N       E                     dE             d eps       ncg     rms          rms(c)
DAV:   1    -0.150038256150E+03   -0.31605E-04   -0.69173E-03  5808   0.166E-01    0.440E-02
RMM:   2    -0.150038252251E+03    0.38990E-05   -0.19556E-04  5708   0.327E-02    0.504E-02
RMM:   3    -0.150038228369E+03    0.23882E-04   -0.37292E-05  4129   0.112E-02    0.224E-02
RMM:   4    -0.150038222720E+03    0.56488E-05   -0.81088E-06  2904   0.587E-03
  16 F= -.15003822E+03 E0= -.15004156E+03  d E =-.133623E-02
 curvature:  -3.11 expect dE=-0.105E-02 dE for cont linesearch -0.453E-05
 ZBRENT: interpolating
 opt :   1.6226  next Energy=  -150.038249 (dE=-0.136E-02)
 bond charge predicted
       N       E                     dE             d eps       ncg     rms          rms(c)
DAV:   1    -0.150038748162E+03   -0.51979E-03   -0.13109E-01  5736   0.709E-01    0.177E-01
RMM:   2    -0.150038210306E+03    0.53786E-03   -0.29516E-03  5712   0.131E-01    0.786E-02
RMM:   3    -0.150038219388E+03   -0.90818E-05   -0.28320E-04  5712   0.337E-02    0.906E-02
RMM:   4    -0.150038151851E+03    0.67537E-04   -0.78128E-05  5024   0.159E-02    0.513E-02
RMM:   5    -0.150038143378E+03    0.84723E-05   -0.20592E-05  3397   0.867E-03
  17 F= -.15003814E+03 E0= -.15004151E+03  d E =-.125689E-02
 curvature: -17.99 expect dE=-0.512E-02 dE for cont linesearch -0.439E-03
 ZBRENT: interpolating
 opt :   2.1666  next Energy=  -150.038227 (dE=-0.134E-02)
 bond charge predicted
       N       E                     dE             d eps       ncg     rms          rms(c)
DAV:   1    -0.150038593958E+03   -0.44211E-03   -0.84459E-02  5720   0.568E-01    0.142E-01
RMM:   2    -0.150038265913E+03    0.32804E-03   -0.19628E-03  5712   0.106E-01    0.679E-02
RMM:   3    -0.150038322935E+03   -0.57021E-04   -0.25217E-04  5712   0.303E-02    0.102E-01
RMM:   4    -0.150038221925E+03    0.10101E-03   -0.79811E-05  5200   0.163E-02    0.378E-02
RMM:   5    -0.150038219001E+03    0.29242E-05   -0.12431E-05  3006   0.673E-03
  18 F= -.15003822E+03 E0= -.15004156E+03  d E =-.133252E-02
 curvature:  -0.19 expect dE=-0.618E-04 dE for cont linesearch -0.122E-06
 trial: gam= 0.15557 g(F)=  0.277E-03 g(S)=  0.431E-04 ort = 0.467E-04 (trialstep = 0.129E+01)
 search vector abs. value=  0.418E-03
 bond charge predicted
       N       E                     dE             d eps       ncg     rms          rms(c)
DAV:   1    -0.150038618969E+03   -0.39704E-03   -0.55068E-02  5728   0.438E-01    0.579E-02
RMM:   2    -0.150038636655E+03   -0.17687E-04   -0.63510E-04  5712   0.618E-02    0.521E-02
RMM:   3    -0.150038616827E+03    0.19828E-04   -0.63053E-05  4674   0.149E-02    0.295E-02
RMM:   4    -0.150038603054E+03    0.13773E-04   -0.20466E-05  3258   0.879E-03    0.228E-02
RMM:   5    -0.150038598886E+03    0.41674E-05   -0.92968E-06  2980   0.620E-03
  19 F= -.15003860E+03 E0= -.15004192E+03  d E =-.379885E-03
 ZBRENT: can't locate minimum, use default step
 trial-energy change:   -0.000380  1 .order   -0.000389   -0.000422   -0.000356
 step:   5.1553(harm=  8.2173)  dis= 0.00328  next Energy=  -150.039564 (dE=-0.134E-02)
 bond charge predicted
       N       E                     dE             d eps       ncg     rms          rms(c)
DAV:   1    -0.150039479555E+03   -0.87650E-03   -0.49574E-01  5720   0.131E+00    0.166E-01
RMM:   2    -0.150039569363E+03   -0.89808E-04   -0.54854E-03  5712   0.183E-01    0.120E-01
RMM:   3    -0.150039546099E+03    0.23265E-04   -0.48045E-04  5712   0.409E-02    0.109E-01
RMM:   4    -0.150039364142E+03    0.18196E-03   -0.18210E-04  5712   0.242E-02    0.415E-02
RMM:   5    -0.150039361926E+03    0.22157E-05   -0.60948E-05  4723   0.139E-02
  20 F= -.15003936E+03 E0= -.15004266E+03  d E =-.114292E-02
 curvature:  -4.22 expect dE=-0.423E-03 dE for cont linesearch -0.188E-03
 ZBRENT: increasing intervall
 opt :  12.8883  next Energy=  -150.039336 (dE=-0.112E-02)
 bond charge predicted
       N       E                     dE             d eps       ncg     rms          rms(c)
DAV:   1    -0.150039639690E+03   -0.27555E-03   -0.19828E+00  5720   0.263E+00    0.333E-01
RMM:   2    -0.150039968220E+03   -0.32853E-03   -0.21906E-02  5712   0.367E-01    0.230E-01
RMM:   3    -0.150039908639E+03    0.59581E-04   -0.19022E-03  5712   0.816E-02    0.221E-01
RMM:   4    -0.150039185740E+03    0.72290E-03   -0.72675E-04  5712   0.482E-02    0.821E-02
RMM:   5    -0.150039180700E+03    0.50401E-05   -0.23480E-04  5712   0.271E-02    0.840E-02
RMM:   6    -0.150039113378E+03    0.67322E-04   -0.82761E-05  5256   0.163E-02    0.306E-02
RMM:   7    -0.150039110395E+03    0.29828E-05   -0.16262E-05  3316   0.751E-03
  21 F= -.15003911E+03 E0= -.15004233E+03  d E =-.891394E-03
 curvature:   0.57 expect dE= 0.195E-03 dE for cont linesearch  0.419E-04
 ZBRENT: bracketing found
 ZBRENT: interpolating
 opt :   8.5428  next Energy=  -150.039593 (dE=-0.137E-02)
 bond charge predicted
       N       E                     dE             d eps       ncg     rms          rms(c)
DAV:   1    -0.150039687866E+03   -0.57449E-03   -0.62661E-01  5720   0.148E+00    0.186E-01
RMM:   2    -0.150039812313E+03   -0.12445E-03   -0.69270E-03  5712   0.206E-01    0.138E-01
RMM:   3    -0.150039769761E+03    0.42553E-04   -0.60781E-04  5712   0.459E-02    0.120E-01
RMM:   4    -0.150039548439E+03    0.22132E-03   -0.22472E-04  5712   0.270E-02    0.490E-02
RMM:   5    -0.150039546220E+03    0.22188E-05   -0.81206E-05  5164   0.158E-02
  22 F= -.15003955E+03 E0= -.15004278E+03  d E =-.132722E-02
 curvature:  -3.15 expect dE=-0.293E-03 dE for cont linesearch -0.920E-05
 ZBRENT: interpolating
 opt :   7.8522  next Energy=  -150.039558 (dE=-0.134E-02)
 bond charge predicted
       N       E                     dE             d eps       ncg     rms          rms(c)
DAV:   1    -0.150039525356E+03    0.23083E-04   -0.15760E-02  5768   0.236E-01    0.354E-02
RMM:   2    -0.150039537141E+03   -0.11785E-04   -0.19863E-04  5705   0.339E-02    0.409E-02
RMM:   3    -0.150039524043E+03    0.13098E-04   -0.21044E-05  3509   0.874E-03    0.194E-02
RMM:   4    -0.150039520610E+03    0.34328E-05   -0.73106E-06  2938   0.555E-03
  23 F= -.15003952E+03 E0= -.15004278E+03  d E =-.130161E-02
 curvature:  -4.13 expect dE=-0.350E-03 dE for cont linesearch -0.156E-05
 trial: gam= 0.22978 g(F)=  0.752E-04 g(S)=  0.953E-05 ort = 0.125E-04 (trialstep = 0.260E+01)
 search vector abs. value=  0.113E-03
 bond charge predicted
       N       E                     dE             d eps       ncg     rms          rms(c)
DAV:   1    -0.150039845876E+03   -0.32183E-03   -0.62990E-02  5728   0.483E-01    0.922E-02
RMM:   2    -0.150039725660E+03    0.12022E-03   -0.10518E-03  5712   0.792E-02    0.472E-02
RMM:   3    -0.150039746316E+03   -0.20656E-04   -0.12090E-04  5705   0.209E-02    0.692E-02
RMM:   4    -0.150039700735E+03    0.45581E-04   -0.36420E-05  4125   0.111E-02    0.269E-02
RMM:   5    -0.150039701505E+03   -0.76959E-06   -0.85391E-06  2920   0.571E-03
  24 F= -.15003970E+03 E0= -.15004299E+03  d E =-.180895E-03
 trial-energy change:   -0.000181  1 .order   -0.000188   -0.000228   -0.000149
 step:   7.4725(harm=  7.4725)  dis= 0.00271  next Energy=  -150.039848 (dE=-0.327E-03)
 bond charge predicted
       N       E                     dE             d eps       ncg     rms          rms(c)
DAV:   1    -0.150040305818E+03   -0.60508E-03   -0.22087E-01  5720   0.905E-01    0.173E-01
RMM:   2    -0.150039856344E+03    0.44947E-03   -0.36664E-03  5712   0.148E-01    0.848E-02
RMM:   3    -0.150039895520E+03   -0.39177E-04   -0.38291E-04  5712   0.378E-02    0.115E-01
RMM:   4    -0.150039772454E+03    0.12307E-03   -0.11850E-04  5648   0.197E-02    0.495E-02
RMM:   5    -0.150039774565E+03   -0.21109E-05   -0.27362E-05  3685   0.988E-03
  25 F= -.15003977E+03 E0= -.15004313E+03  d E =-.253955E-03
 curvature:  -4.80 expect dE=-0.618E-03 dE for cont linesearch -0.589E-05
 trial: gam= 1.76672 g(F)=  0.140E-04 g(S)=  0.115E-03 ort =-0.118E-04 (trialstep = 0.918E+00)
 search vector abs. value=  0.439E-03
 bond charge predicted
       N       E                     dE             d eps       ncg     rms          rms(c)
DAV:   1    -0.150040006171E+03   -0.23372E-03   -0.28784E-02  5784   0.347E-01    0.938E-02
RMM:   2    -0.150039879514E+03    0.12666E-03   -0.72306E-04  5712   0.645E-02    0.658E-02
RMM:   3    -0.150039880281E+03   -0.76714E-06   -0.13524E-04  5706   0.211E-02    0.692E-02
RMM:   4    -0.150039827683E+03    0.52598E-04   -0.40343E-05  4259   0.122E-02    0.257E-02
RMM:   5    -0.150039824441E+03    0.32416E-05   -0.89758E-06  2957   0.576E-03
  26 F= -.15003982E+03 E0= -.15004319E+03  d E =-.498763E-04
 trial-energy change:   -0.000050  1 .order   -0.000067   -0.000099   -0.000035
 step:   1.4159(harm=  1.4159)  dis= 0.00097  next Energy=  -150.039851 (dE=-0.765E-04)
 bond charge predicted
       N       E                     dE             d eps       ncg     rms          rms(c)
DAV:   1    -0.150039880947E+03   -0.53264E-04   -0.85033E-03  5776   0.189E-01    0.514E-02
RMM:   2    -0.150039836310E+03    0.44636E-04   -0.20262E-04  5680   0.347E-02    0.306E-02
RMM:   3    -0.150039840029E+03   -0.37188E-05   -0.33386E-05  3944   0.109E-02
  27 F= -.15003984E+03 E0= -.15004323E+03  d E =-.654640E-04
 curvature:  -2.87 expect dE=-0.201E-03 dE for cont linesearch -0.175E-05
 ZBRENT: increasing intervall
 opt :   2.4126  next Energy=  -150.039835 (dE=-0.601E-04)
 bond charge predicted
       N       E                     dE             d eps       ncg     rms          rms(c)
DAV:   1    -0.150040009207E+03   -0.17290E-03   -0.34053E-02  5728   0.376E-01    0.101E-01
RMM:   2    -0.150039822440E+03    0.18677E-03   -0.79110E-04  5712   0.687E-02    0.535E-02
RMM:   3    -0.150039840710E+03   -0.18270E-04   -0.11373E-04  5684   0.202E-02    0.732E-02
RMM:   4    -0.150039788107E+03    0.52603E-04   -0.40425E-05  4264   0.116E-02    0.299E-02
RMM:   5    -0.150039785034E+03    0.30725E-05   -0.10971E-05  3003   0.648E-03
  28 F= -.15003979E+03 E0= -.15004319E+03  d E =-.104691E-04
 curvature:   8.73 expect dE= 0.713E-03 dE for cont linesearch  0.811E-04
 ZBRENT: bracketing found
 ZBRENT: interpolating
 opt :   1.6191  next Energy=  -150.039842 (dE=-0.671E-04)
 bond charge predicted
       N       E                     dE             d eps       ncg     rms          rms(c)
DAV:   1    -0.150039945296E+03   -0.15719E-03   -0.21570E-02  5728   0.299E-01    0.791E-02
RMM:   2    -0.150039833029E+03    0.11227E-03   -0.51493E-04  5712   0.552E-02    0.380E-02
RMM:   3    -0.150039847557E+03   -0.14528E-04   -0.76184E-05  5543   0.166E-02    0.569E-02
RMM:   4    -0.150039817144E+03    0.30413E-04   -0.24179E-05  3610   0.921E-03    0.216E-02
RMM:   5    -0.150039816771E+03    0.37356E-06   -0.56145E-06  2873   0.463E-03
  29 F= -.15003982E+03 E0= -.15004320E+03  d E =-.422057E-04
 curvature:  -0.18 expect dE=-0.782E-05 dE for cont linesearch -0.544E-06
 ZBRENT: interpolating
 opt :   1.4787  next Energy=  -150.039841 (dE=-0.660E-04)
 bond charge predicted
       N       E                     dE             d eps       ncg     rms          rms(c)
DAV:   1    -0.150039823884E+03   -0.67395E-05   -0.68263E-04  5824   0.544E-02    0.184E-02
RMM:   2    -0.150039823630E+03    0.25345E-06   -0.24044E-05  3097   0.116E-02
  30 F= -.15003982E+03 E0= -.15004319E+03  d E =-.490653E-04
 curvature:  -0.17 expect dE=-0.642E-05 dE for cont linesearch -0.231E-06
 ZBRENT: interpolating
 opt :   1.4411  next Energy=  -150.039840 (dE=-0.657E-04)
 bond charge predicted
       N       E                     dE             d eps       ncg     rms          rms(c)
DAV:   1    -0.150039820654E+03    0.32303E-05   -0.66559E-05  5656   0.219E-02    0.118E-02
RMM:   2    -0.150039823196E+03   -0.25420E-05   -0.76451E-06  2882   0.629E-03
  31 F= -.15003982E+03 E0= -.15004320E+03  d E =-.486305E-04
 curvature:  -0.15 expect dE=-0.628E-05 dE for cont linesearch -0.136E-06
 ZBRENT: interpolating
 opt :   1.4272  next Energy=  -150.039840 (dE=-0.656E-04)
 bond charge predicted
       N       E                     dE             d eps       ncg     rms          rms(c)
DAV:   1    -0.150039819997E+03    0.65708E-06   -0.12542E-05  2944   0.130E-02    0.618E-03
RMM:   2    -0.150039820739E+03   -0.74282E-06   -0.20486E-06  2856   0.365E-03
  32 F= -.15003982E+03 E0= -.15004320E+03  d E =-.461742E-04
 curvature:  -0.10 expect dE=-0.433E-05 dE for cont linesearch -0.833E-08
 trial: gam=-0.04568 g(F)=  0.339E-04 g(S)=  0.846E-05 ort =-0.598E-05 (trialstep = 0.102E+01)
 search vector abs. value=  0.438E-04
 bond charge predicted
       N       E                     dE             d eps       ncg     rms          rms(c)
DAV:   1    -0.150039882560E+03   -0.62564E-04   -0.39475E-03  5724   0.124E-01    0.316E-02
RMM:   2    -0.150039865239E+03    0.17321E-04   -0.98288E-05  5620   0.238E-02    0.116E-02
RMM:   3    -0.150039865156E+03    0.83633E-07   -0.82071E-06  2864   0.602E-03
  33 F= -.15003987E+03 E0= -.15004324E+03  d E =-.444165E-04
 ZBRENT: can't locate minimum, use default step
 trial-energy change:   -0.000044  1 .order   -0.000038   -0.000043   -0.000033
 step:   4.0780(harm=  4.1521)  dis= 0.00067  next Energy=  -150.039909 (dE=-0.885E-04)
 bond charge predicted
       N       E                     dE             d eps       ncg     rms          rms(c)
DAV:   1    -0.150040107477E+03   -0.24224E-03   -0.35506E-02  5720   0.372E-01    0.950E-02
RMM:   2    -0.150039939428E+03    0.16805E-03   -0.88769E-04  5712   0.715E-02    0.414E-02
RMM:   3    -0.150039939415E+03    0.13202E-07   -0.79981E-05  5635   0.179E-02
  34 F= -.15003994E+03 E0= -.15004331E+03  d E =-.118675E-03
 curvature:  -2.13 expect dE=-0.300E-04 dE for cont linesearch -0.613E-06
 trial: gam= 0.23192 g(F)=  0.275E-05 g(S)=  0.113E-04 ort = 0.355E-05 (trialstep = 0.163E+01)
 search vector abs. value=  0.180E-04
 reached required accuracy - stopping structural energy minimisation
