
-----------------------
Resources requested:
nodes=4:ppn=40
-----------------------
Resources used:
cput=01:39:54
walltime=00:02:35
mem=6.167GB
vmem=159.718GB
-----------------------
Resource units charged (estimate):
0.688 RUs
-----------------------
