 running on  160 total cores
 distrk:  each k-point on   20 cores,    8 groups
 distr:  one band on    5 cores,    4 groups
 using from now: INCAR     
 vasp.5.4.1 05Feb16 (build Jan 29 2020 16:04:39) complex                        
  
 POSCAR found type information on POSCAR  Pt Au
 POSCAR found :  2 types and      32 ions
 scaLAPACK will be used

 ----------------------------------------------------------------------------- 
|                                                                             |
|           W    W    AA    RRRRR   N    N  II  N    N   GGGG   !!!           |
|           W    W   A  A   R    R  NN   N  II  NN   N  G    G  !!!           |
|           W    W  A    A  R    R  N N  N  II  N N  N  G       !!!           |
|           W WW W  AAAAAA  RRRRR   N  N N  II  N  N N  G  GGG   !            |
|           WW  WW  A    A  R   R   N   NN  II  N   NN  G    G                |
|           W    W  A    A  R    R  N    N  II  N    N   GGGG   !!!           |
|                                                                             |
|      For optimal performance we recommend to set                            |
|        NCORE= 4 - approx SQRT( number of cores)                             |
|      NCORE specifies how many cores store one orbital (NPAR=cpu/NCORE).     |
|      This setting can  greatly improve the performance of VASP for DFT.     |
|      The default, NPAR=number of cores might be grossly inefficient         |
|      on modern multi-core architectures or massively parallel machines.     |
|      Do your own testing !!!!                                               |
|      Unfortunately you need to use the default for GW and RPA calculations. |
|      (for HF NCORE is supported but not extensively tested yet)             |
|                                                                             |
 ----------------------------------------------------------------------------- 


 ----------------------------------------------------------------------------- 
|                                                                             |
|           W    W    AA    RRRRR   N    N  II  N    N   GGGG   !!!           |
|           W    W   A  A   R    R  NN   N  II  NN   N  G    G  !!!           |
|           W    W  A    A  R    R  N N  N  II  N N  N  G       !!!           |
|           W WW W  AAAAAA  RRRRR   N  N N  II  N  N N  G  GGG   !            |
|           WW  WW  A    A  R   R   N   NN  II  N   NN  G    G                |
|           W    W  A    A  R    R  N    N  II  N    N   GGGG   !!!           |
|                                                                             |
|      You have enabled k-point parallelism (KPAR>1).                         |
|      This developmental code was originally  written by Paul Kent at ORNL,  |
|      and carefully double checked in Vienna.                                |
|      GW as well as linear response parallelism added by Martijn Marsman     |
|      and Georg Kresse.                                                      |
|      Carefully verify results versus KPAR=1.                                |
|      Report problems to Paul Kent and Vienna.                               |
|                                                                             |
 ----------------------------------------------------------------------------- 

 LDA part: xc-table for Pade appr. of Perdew
 POSCAR, INCAR and KPOINTS ok, starting setup
 FFT: planning ...
 WAVECAR not read
 entering main loop
       N       E                     dE             d eps       ncg     rms          rms(c)
DAV:   1     0.162038875321E+04    0.16204E+04   -0.12253E+05  5728   0.102E+03
DAV:   2    -0.812375062516E+02   -0.17016E+04   -0.16053E+04  6168   0.273E+02
DAV:   3    -0.152935939764E+03   -0.71698E+02   -0.67508E+02  6164   0.508E+01
DAV:   4    -0.154293884998E+03   -0.13579E+01   -0.13450E+01  6132   0.682E+00
DAV:   5    -0.154320510515E+03   -0.26626E-01   -0.26594E-01  6068   0.889E-01    0.527E+01
RMM:   6    -0.145224383202E+03    0.90961E+01   -0.30294E+01  5712   0.122E+01    0.356E+01
RMM:   7    -0.146325342030E+03   -0.11010E+01   -0.11297E+01  5712   0.669E+00    0.203E+01
RMM:   8    -0.145393737607E+03    0.93160E+00   -0.63055E+00  5712   0.450E+00    0.133E+01
RMM:   9    -0.143936949846E+03    0.14568E+01   -0.23881E+00  5712   0.273E+00    0.544E+00
RMM:  10    -0.143922437499E+03    0.14512E-01   -0.94786E-01  5712   0.172E+00    0.481E+00
RMM:  11    -0.143685772864E+03    0.23666E+00   -0.22882E-01  5712   0.891E-01    0.129E+00
RMM:  12    -0.143673511539E+03    0.12261E-01   -0.17985E-02  5712   0.228E-01    0.823E-01
RMM:  13    -0.143672010681E+03    0.15009E-02   -0.51638E-03  5712   0.122E-01    0.553E-01
RMM:  14    -0.143671069338E+03    0.94134E-03   -0.23234E-03  5712   0.848E-02    0.335E-01
RMM:  15    -0.143670949563E+03    0.11978E-03   -0.13188E-03  5712   0.650E-02    0.179E-01
RMM:  16    -0.143670643335E+03    0.30623E-03   -0.36057E-04  5712   0.333E-02    0.545E-02
RMM:  17    -0.143670623249E+03    0.20086E-04   -0.43595E-05  4292   0.118E-02    0.283E-02
RMM:  18    -0.143670617620E+03    0.56288E-05   -0.13071E-05  3177   0.687E-03
   1 F= -.14367062E+03 E0= -.14367009E+03  d E =-.143671E+03
 curvature:   0.00 expect dE= 0.000E+00 dE for cont linesearch  0.000E+00
 trial: gam= 0.00000 g(F)=  0.197E+00 g(S)=  0.761E-01 ort = 0.000E+00 (trialstep = 0.100E+01)
 search vector abs. value=  0.273E+00
 bond charge predicted
       N       E                     dE             d eps       ncg     rms          rms(c)
DAV:   1    -0.144260718912E+03   -0.59010E+00   -0.24064E+01  5792   0.107E+01    0.401E+00
RMM:   2    -0.143917796857E+03    0.34292E+00   -0.12664E+00  5712   0.267E+00    0.145E+00
RMM:   3    -0.143914435062E+03    0.33618E-02   -0.10750E-01  5712   0.672E-01    0.148E+00
RMM:   4    -0.143902967294E+03    0.11468E-01   -0.20459E-02  5712   0.255E-01    0.975E-01
RMM:   5    -0.143903370648E+03   -0.40335E-03   -0.75473E-03  5712   0.156E-01    0.675E-01
RMM:   6    -0.143903584036E+03   -0.21339E-03   -0.64704E-03  5712   0.145E-01    0.388E-01
RMM:   7    -0.143901765861E+03    0.18182E-02   -0.22286E-03  5712   0.844E-02    0.885E-02
RMM:   8    -0.143901688176E+03    0.77686E-04   -0.20766E-04  5712   0.253E-02    0.532E-02
RMM:   9    -0.143901654175E+03    0.34001E-04   -0.87868E-05  5664   0.175E-02    0.289E-02
RMM:  10    -0.143901650375E+03    0.38001E-05   -0.13948E-05  3213   0.682E-03
   2 F= -.14390165E+03 E0= -.14390076E+03  d E =-.231033E+00
 trial-energy change:   -0.231033  1 .order   -0.230493   -0.272852   -0.188134
 step:   2.9928(harm=  3.2207)  dis= 0.03268  next Energy=  -144.093375 (dE=-0.423E+00)
 bond charge predicted
       N       E                     dE             d eps       ncg     rms          rms(c)
DAV:   1    -0.145505671096E+03   -0.16040E+01   -0.94868E+01  5712   0.211E+01    0.812E+00
RMM:   2    -0.144156898566E+03    0.13488E+01   -0.48346E+00  5712   0.519E+00    0.284E+00
RMM:   3    -0.144144154708E+03    0.12744E-01   -0.44095E-01  5712   0.138E+00    0.292E+00
RMM:   4    -0.144095696083E+03    0.48459E-01   -0.77969E-02  5712   0.499E-01    0.188E+00
RMM:   5    -0.144097017168E+03   -0.13211E-02   -0.25892E-02  5712   0.293E-01    0.127E+00
RMM:   6    -0.144097100685E+03   -0.83517E-04   -0.23084E-02  5712   0.282E-01    0.659E-01
RMM:   7    -0.144091678189E+03    0.54225E-02   -0.72884E-03  5712   0.154E-01    0.178E-01
RMM:   8    -0.144091414451E+03    0.26374E-03   -0.77596E-04  5712   0.507E-02    0.108E-01
RMM:   9    -0.144091277624E+03    0.13683E-03   -0.28174E-04  5712   0.323E-02    0.520E-02
RMM:  10    -0.144091270059E+03    0.75655E-05   -0.44211E-05  4305   0.118E-02
   3 F= -.14409127E+03 E0= -.14409059E+03  d E =-.420652E+00
 curvature:  -1.59 expect dE=-0.345E+00 dE for cont linesearch -0.536E-04
 trial: gam= 0.80427 g(F)=  0.593E-01 g(S)=  0.157E+00 ort =-0.303E-02 (trialstep = 0.983E+00)
 search vector abs. value=  0.388E+00
 bond charge predicted
       N       E                     dE             d eps       ncg     rms          rms(c)
DAV:   1    -0.144372234958E+03   -0.28096E+00   -0.32887E+01  5744   0.111E+01    0.252E+00
RMM:   2    -0.144267837671E+03    0.10440E+00   -0.67896E-01  5712   0.203E+00    0.111E+00
RMM:   3    -0.144267450164E+03    0.38751E-03   -0.54797E-02  5712   0.477E-01    0.122E+00
RMM:   4    -0.144258850080E+03    0.86001E-02   -0.12069E-02  5712   0.196E-01    0.822E-01
RMM:   5    -0.144258327653E+03    0.52243E-03   -0.33765E-03  5712   0.110E-01    0.393E-01
RMM:   6    -0.144258215416E+03    0.11224E-03   -0.38371E-03  5712   0.112E-01    0.238E-01
RMM:   7    -0.144257553345E+03    0.66207E-03   -0.10095E-03  5712   0.571E-02    0.743E-02
RMM:   8    -0.144257519605E+03    0.33740E-04   -0.15178E-04  5712   0.216E-02    0.552E-02
RMM:   9    -0.144257487445E+03    0.32160E-04   -0.44210E-05  4271   0.120E-02    0.239E-02
RMM:  10    -0.144257484835E+03    0.26096E-05   -0.88740E-06  3035   0.586E-03
   4 F= -.14425748E+03 E0= -.14425641E+03  d E =-.166215E+00
 trial-energy change:   -0.166215  1 .order   -0.166470   -0.210429   -0.122511
 step:   2.3537(harm=  2.3537)  dis= 0.03721  next Energy=  -144.343098 (dE=-0.252E+00)
 bond charge predicted
       N       E                     dE             d eps       ncg     rms          rms(c)
DAV:   1    -0.144569936482E+03   -0.31245E+00   -0.64080E+01  5712   0.156E+01    0.346E+00
RMM:   2    -0.144368745928E+03    0.20119E+00   -0.13283E+00  5712   0.284E+00    0.151E+00
RMM:   3    -0.144367895254E+03    0.85067E-03   -0.10482E-01  5712   0.659E-01    0.168E+00
RMM:   4    -0.144351332522E+03    0.16563E-01   -0.23026E-02  5712   0.270E-01    0.113E+00
RMM:   5    -0.144350250771E+03    0.10818E-02   -0.65141E-03  5712   0.152E-01    0.558E-01
RMM:   6    -0.144350309670E+03   -0.58899E-04   -0.75747E-03  5712   0.157E-01    0.360E-01
RMM:   7    -0.144348922104E+03    0.13876E-02   -0.20824E-03  5712   0.815E-02    0.136E-01
RMM:   8    -0.144348807432E+03    0.11467E-03   -0.37814E-04  5712   0.339E-02    0.934E-02
RMM:   9    -0.144348719197E+03    0.88234E-04   -0.13420E-04  5712   0.205E-02    0.379E-02
RMM:  10    -0.144348709809E+03    0.93883E-05   -0.22175E-05  3562   0.859E-03
   5 F= -.14434871E+03 E0= -.14434704E+03  d E =-.257440E+00
 curvature:  -2.13 expect dE=-0.203E-01 dE for cont linesearch -0.492E-03
 ZBRENT: extrapolating
 opt :   2.4663  next Energy=  -144.349243 (dE=-0.258E+00)
 bond charge predicted
       N       E                     dE             d eps       ncg     rms          rms(c)
DAV:   1    -0.144350834115E+03   -0.21149E-02   -0.42870E-01  5808   0.126E+00    0.288E-01
RMM:   2    -0.144349458500E+03    0.13756E-02   -0.92336E-03  5712   0.232E-01    0.118E-01
RMM:   3    -0.144349459213E+03   -0.71325E-06   -0.73358E-04  5712   0.548E-02    0.137E-01
RMM:   4    -0.144349343711E+03    0.11550E-03   -0.15749E-04  5701   0.224E-02    0.899E-02
RMM:   5    -0.144349331790E+03    0.11921E-04   -0.36773E-05  4043   0.116E-02    0.476E-02
RMM:   6    -0.144349330499E+03    0.12906E-05   -0.52281E-05  4497   0.135E-02
   6 F= -.14434933E+03 E0= -.14434763E+03  d E =-.258060E+00
 curvature:  -2.31 expect dE=-0.201E-01 dE for cont linesearch -0.112E-04
 trial: gam=-0.04736 g(F)=  0.576E-02 g(S)=  0.296E-02 ort = 0.137E-02 (trialstep = 0.128E+01)
 search vector abs. value=  0.946E-02
 bond charge predicted
       N       E                     dE             d eps       ncg     rms          rms(c)
DAV:   1    -0.144370706665E+03   -0.21375E-01   -0.13730E+00  5752   0.244E+00    0.774E-01
RMM:   2    -0.144358592979E+03    0.12114E-01   -0.49090E-02  5712   0.536E-01    0.313E-01
RMM:   3    -0.144358329621E+03    0.26336E-03   -0.42420E-03  5712   0.133E-01    0.314E-01
RMM:   4    -0.144357870480E+03    0.45914E-03   -0.93304E-04  5712   0.548E-02    0.212E-01
RMM:   5    -0.144357868785E+03    0.16957E-05   -0.36772E-04  5712   0.343E-02    0.154E-01
RMM:   6    -0.144357807368E+03    0.61417E-04   -0.31103E-04  5712   0.319E-02    0.814E-02
RMM:   7    -0.144357722764E+03    0.84604E-04   -0.10721E-04  5522   0.186E-02    0.204E-02
RMM:   8    -0.144357719024E+03    0.37401E-05   -0.10172E-05  3062   0.590E-03
   7 F= -.14435772E+03 E0= -.14435614E+03  d E =-.838852E-02
 trial-energy change:   -0.008389  1 .order   -0.008467   -0.011073   -0.005861
 step:   3.1286(harm=  2.7195)  dis= 0.00945  next Energy=  -144.361715 (dE=-0.124E-01)
 bond charge predicted
       N       E                     dE             d eps       ncg     rms          rms(c)
DAV:   1    -0.144387661970E+03   -0.29939E-01   -0.28642E+00  5728   0.353E+00    0.111E+00
RMM:   2    -0.144362489017E+03    0.25173E-01   -0.10246E-01  5712   0.775E-01    0.446E-01
RMM:   3    -0.144361839592E+03    0.64943E-03   -0.85683E-03  5712   0.189E-01    0.435E-01
RMM:   4    -0.144361012703E+03    0.82689E-03   -0.18246E-03  5712   0.767E-02    0.295E-01
RMM:   5    -0.144361045725E+03   -0.33022E-04   -0.77006E-04  5712   0.500E-02    0.208E-01
RMM:   6    -0.144360945186E+03    0.10054E-03   -0.62847E-04  5712   0.449E-02    0.122E-01
RMM:   7    -0.144360767486E+03    0.17770E-03   -0.20240E-04  5710   0.255E-02    0.271E-02
RMM:   8    -0.144360761208E+03    0.62773E-05   -0.20238E-05  3542   0.815E-03
   8 F= -.14436076E+03 E0= -.14435939E+03  d E =-.114307E-01
 curvature:  -1.37 expect dE=-0.777E-02 dE for cont linesearch -0.189E-03
 ZBRENT: interpolating
 opt :   2.7594  next Energy=  -144.360972 (dE=-0.116E-01)
 bond charge predicted
       N       E                     dE             d eps       ncg     rms          rms(c)
DAV:   1    -0.144362071159E+03   -0.13037E-02   -0.11445E-01  5792   0.705E-01    0.225E-01
RMM:   2    -0.144361050081E+03    0.10211E-02   -0.41432E-03  5712   0.155E-01    0.907E-02
RMM:   3    -0.144361063616E+03   -0.13535E-04   -0.41303E-04  5712   0.408E-02    0.105E-01
RMM:   4    -0.144360993588E+03    0.70028E-04   -0.10269E-04  5408   0.182E-02    0.615E-02
RMM:   5    -0.144360993589E+03   -0.63301E-09   -0.25295E-05  3630   0.933E-03
   9 F= -.14436099E+03 E0= -.14435958E+03  d E =-.116631E-01
 curvature:  -1.53 expect dE=-0.703E-02 dE for cont linesearch -0.373E-05
 trial: gam= 0.53880 g(F)=  0.141E-02 g(S)=  0.320E-02 ort =-0.152E-03 (trialstep = 0.158E+01)
 search vector abs. value=  0.718E-02
 bond charge predicted
       N       E                     dE             d eps       ncg     rms          rms(c)
DAV:   1    -0.144378605053E+03   -0.17611E-01   -0.15073E+00  5740   0.253E+00    0.758E-01
RMM:   2    -0.144367042025E+03    0.11563E-01   -0.49106E-02  5712   0.532E-01    0.328E-01
RMM:   3    -0.144367466656E+03   -0.42463E-03   -0.52513E-03  5712   0.142E-01    0.404E-01
RMM:   4    -0.144366078340E+03    0.13883E-02   -0.15450E-03  5712   0.701E-02    0.216E-01
RMM:   5    -0.144366039720E+03    0.38619E-04   -0.37011E-04  5712   0.350E-02    0.142E-01
RMM:   6    -0.144366040712E+03   -0.99140E-06   -0.34136E-04  5712   0.337E-02    0.803E-02
RMM:   7    -0.144365974847E+03    0.65865E-04   -0.11623E-04  5623   0.195E-02    0.236E-02
RMM:   8    -0.144365970194E+03    0.46524E-05   -0.11354E-05  3129   0.618E-03
  10 F= -.14436597E+03 E0= -.14436483E+03  d E =-.497661E-02
 trial-energy change:   -0.004977  1 .order   -0.004938   -0.007121   -0.002754
 step:   2.5697(harm=  2.5697)  dis= 0.00559  next Energy=  -144.366800 (dE=-0.581E-02)
 bond charge predicted
       N       E                     dE             d eps       ncg     rms          rms(c)
DAV:   1    -0.144371728941E+03   -0.57541E-02   -0.59900E-01  5748   0.160E+00    0.477E-01
RMM:   2    -0.144367138629E+03    0.45903E-02   -0.19461E-02  5712   0.335E-01    0.202E-01
RMM:   3    -0.144367217814E+03   -0.79185E-04   -0.19411E-03  5712   0.877E-02    0.235E-01
RMM:   4    -0.144366786998E+03    0.43082E-03   -0.53801E-04  5712   0.412E-02    0.137E-01
RMM:   5    -0.144366769322E+03    0.17676E-04   -0.13875E-04  5705   0.216E-02    0.859E-02
RMM:   6    -0.144366788396E+03   -0.19074E-04   -0.14025E-04  5707   0.215E-02    0.589E-02
RMM:   7    -0.144366753394E+03    0.35002E-04   -0.49658E-05  4396   0.128E-02    0.106E-02
RMM:   8    -0.144366752926E+03    0.46819E-06   -0.46782E-06  2959   0.417E-03
  11 F= -.14436675E+03 E0= -.14436580E+03  d E =-.575934E-02
 curvature:  -2.04 expect dE=-0.238E-02 dE for cont linesearch -0.255E-05
 trial: gam= 0.25352 g(F)=  0.763E-03 g(S)=  0.400E-03 ort =-0.947E-04 (trialstep = 0.177E+01)
 search vector abs. value=  0.158E-02
 bond charge predicted
       N       E                     dE             d eps       ncg     rms          rms(c)
DAV:   1    -0.144369624707E+03   -0.28713E-02   -0.37268E-01  5736   0.120E+00    0.231E-01
RMM:   2    -0.144368836533E+03    0.78817E-03   -0.53768E-03  5712   0.181E-01    0.110E-01
RMM:   3    -0.144368718735E+03    0.11780E-03   -0.55513E-04  5712   0.461E-02    0.116E-01
RMM:   4    -0.144368593799E+03    0.12494E-03   -0.17301E-04  5712   0.231E-02    0.643E-02
RMM:   5    -0.144368572644E+03    0.21155E-04   -0.57276E-05  4699   0.139E-02    0.379E-02
RMM:   6    -0.144368556319E+03    0.16325E-04   -0.34623E-05  3922   0.112E-02    0.177E-02
RMM:   7    -0.144368553947E+03    0.23722E-05   -0.65072E-06  2974   0.522E-03
  12 F= -.14436855E+03 E0= -.14436773E+03  d E =-.180102E-02
 ZBRENT: can't locate minimum, use default step
 trial-energy change:   -0.001801  1 .order   -0.001798   -0.002022   -0.001574
 step:   7.0985(harm=  8.0204)  dis= 0.00718  next Energy=  -144.371321 (dE=-0.457E-02)
 bond charge predicted
       N       E                     dE             d eps       ncg     rms          rms(c)
DAV:   1    -0.144380629762E+03   -0.12073E-01   -0.33562E+00  5720   0.359E+00    0.691E-01
RMM:   2    -0.144373562538E+03    0.70672E-02   -0.48184E-02  5712   0.543E-01    0.334E-01
RMM:   3    -0.144372592646E+03    0.96989E-03   -0.50412E-03  5712   0.139E-01    0.353E-01
RMM:   4    -0.144371399247E+03    0.11934E-02   -0.15940E-03  5712   0.699E-02    0.194E-01
RMM:   5    -0.144371212140E+03    0.18711E-03   -0.50950E-04  5712   0.415E-02    0.107E-01
RMM:   6    -0.144371101009E+03    0.11113E-03   -0.30388E-04  5712   0.317E-02    0.563E-02
RMM:   7    -0.144371077189E+03    0.23820E-04   -0.53075E-05  4448   0.132E-02    0.322E-02
RMM:   8    -0.144371074448E+03    0.27405E-05   -0.15046E-05  3265   0.718E-03
  13 F= -.14437107E+03 E0= -.14437071E+03  d E =-.432152E-02
 curvature:  -5.43 expect dE=-0.319E-02 dE for cont linesearch -0.156E-04
 trial: gam= 0.39668 g(F)=  0.318E-03 g(S)=  0.270E-03 ort = 0.673E-04 (trialstep = 0.284E+01)
 search vector abs. value=  0.889E-03
 bond charge predicted
       N       E                     dE             d eps       ncg     rms          rms(c)
DAV:   1    -0.144377927300E+03   -0.68501E-02   -0.53245E-01  5800   0.158E+00    0.500E-01
RMM:   2    -0.144372705562E+03    0.52217E-02   -0.18023E-02  5712   0.325E-01    0.202E-01
RMM:   3    -0.144372396428E+03    0.30913E-03   -0.17417E-03  5712   0.848E-02    0.188E-01
RMM:   4    -0.144372211809E+03    0.18462E-03   -0.41197E-04  5712   0.363E-02    0.126E-01
RMM:   5    -0.144372192497E+03    0.19311E-04   -0.18920E-04  5712   0.250E-02    0.845E-02
RMM:   6    -0.144372174926E+03    0.17572E-04   -0.13042E-04  5702   0.207E-02    0.537E-02
RMM:   7    -0.144372145523E+03    0.29403E-04   -0.36044E-05  4064   0.109E-02    0.117E-02
RMM:   8    -0.144372145528E+03   -0.49877E-08   -0.49061E-06  2950   0.425E-03
  14 F= -.14437215E+03 E0= -.14437198E+03  d E =-.107108E-02
 trial-energy change:   -0.001071  1 .order   -0.001069   -0.001745   -0.000393
 step:   3.6656(harm=  3.6656)  dis= 0.00204  next Energy=  -144.372201 (dE=-0.113E-02)
 bond charge predicted
       N       E                     dE             d eps       ncg     rms          rms(c)
DAV:   1    -0.144372673619E+03   -0.52810E-03   -0.45046E-02  5828   0.459E-01    0.144E-01
RMM:   2    -0.144372235463E+03    0.43816E-03   -0.15148E-03  5712   0.943E-02    0.596E-02
RMM:   3    -0.144372215893E+03    0.19569E-04   -0.14689E-04  5712   0.245E-02    0.577E-02
RMM:   4    -0.144372199369E+03    0.16525E-04   -0.34664E-05  3990   0.106E-02    0.389E-02
RMM:   5    -0.144372199197E+03    0.17109E-06   -0.15987E-05  3222   0.778E-03
  15 F= -.14437220E+03 E0= -.14437207E+03  d E =-.112475E-02
 curvature:  -2.65 expect dE=-0.181E-02 dE for cont linesearch -0.211E-05
 trial: gam= 1.18630 g(F)=  0.149E-03 g(S)=  0.532E-03 ort = 0.266E-04 (trialstep = 0.134E+01)
 search vector abs. value=  0.200E-02
 bond charge predicted
       N       E                     dE             d eps       ncg     rms          rms(c)
DAV:   1    -0.144374257156E+03   -0.20578E-02   -0.24673E-01  5748   0.103E+00    0.236E-01
RMM:   2    -0.144373241008E+03    0.10161E-02   -0.41581E-03  5712   0.158E-01    0.120E-01
RMM:   3    -0.144373226237E+03    0.14771E-04   -0.67714E-04  5712   0.491E-02    0.156E-01
RMM:   4    -0.144372960522E+03    0.26571E-03   -0.25403E-04  5712   0.284E-02    0.634E-02
RMM:   5    -0.144372938458E+03    0.22064E-04   -0.65150E-05  4741   0.146E-02    0.436E-02
RMM:   6    -0.144372923552E+03    0.14906E-04   -0.40335E-05  4117   0.119E-02    0.268E-02
RMM:   7    -0.144372916187E+03    0.73653E-05   -0.11837E-05  3016   0.686E-03
  16 F= -.14437292E+03 E0= -.14437294E+03  d E =-.716990E-03
 trial-energy change:   -0.000717  1 .order   -0.000756   -0.000954   -0.000558
 step:   3.2259(harm=  3.2259)  dis= 0.00315  next Energy=  -144.373348 (dE=-0.115E-02)
 bond charge predicted
       N       E                     dE             d eps       ncg     rms          rms(c)
DAV:   1    -0.144375966674E+03   -0.30431E-02   -0.48993E-01  5756   0.145E+00    0.330E-01
RMM:   2    -0.144373937463E+03    0.20292E-02   -0.81956E-03  5712   0.223E-01    0.166E-01
RMM:   3    -0.144373845759E+03    0.91704E-04   -0.12086E-03  5712   0.663E-02    0.203E-01
RMM:   4    -0.144373405490E+03    0.44027E-03   -0.45522E-04  5712   0.377E-02    0.881E-02
RMM:   5    -0.144373362978E+03    0.42512E-04   -0.12320E-04  5711   0.203E-02    0.552E-02
RMM:   6    -0.144373335132E+03    0.27846E-04   -0.66504E-05  4872   0.150E-02    0.287E-02
RMM:   7    -0.144373326437E+03    0.86943E-05   -0.15361E-05  3102   0.753E-03
  17 F= -.14437333E+03 E0= -.14437352E+03  d E =-.112724E-02
 curvature:  -4.52 expect dE=-0.810E-03 dE for cont linesearch -0.541E-05
 ZBRENT: extrapolating
 opt :   3.4767  next Energy=  -144.373333 (dE=-0.113E-02)
 bond charge predicted
       N       E                     dE             d eps       ncg     rms          rms(c)
DAV:   1    -0.144373375913E+03   -0.40782E-04   -0.86223E-03  5864   0.192E-01    0.444E-02
RMM:   2    -0.144373343884E+03    0.32030E-04   -0.15589E-04  5662   0.303E-02    0.296E-02
RMM:   3    -0.144373342649E+03    0.12346E-05   -0.29576E-05  3822   0.102E-02
  18 F= -.14437334E+03 E0= -.14437353E+03  d E =-.114345E-02
 curvature:  -5.12 expect dE=-0.121E-02 dE for cont linesearch -0.178E-04
 ZBRENT: increasing intervall
 opt :   3.9783  next Energy=  -144.373402 (dE=-0.120E-02)
 bond charge predicted
       N       E                     dE             d eps       ncg     rms          rms(c)
DAV:   1    -0.144373511948E+03   -0.16806E-03   -0.34616E-02  5768   0.385E-01    0.913E-02
RMM:   2    -0.144373355790E+03    0.15616E-03   -0.58809E-04  5712   0.595E-02    0.500E-02
RMM:   3    -0.144373353639E+03    0.21509E-05   -0.10155E-04  5663   0.188E-02    0.639E-02
RMM:   4    -0.144373308091E+03    0.45548E-04   -0.41678E-05  4234   0.116E-02    0.262E-02
RMM:   5    -0.144373303628E+03    0.44627E-05   -0.10560E-05  2986   0.643E-03
  19 F= -.14437330E+03 E0= -.14437356E+03  d E =-.110443E-02
 curvature: -16.99 expect dE=-0.464E-02 dE for cont linesearch -0.373E-04
 ZBRENT: bracketing found
 ZBRENT: interpolating
 opt :   3.7561  next Energy=  -144.373311 (dE=-0.111E-02)
 bond charge predicted
       N       E                     dE             d eps       ncg     rms          rms(c)
DAV:   1    -0.144373353166E+03   -0.45075E-04   -0.68281E-03  5752   0.172E-01    0.412E-02
RMM:   2    -0.144373329210E+03    0.23957E-04   -0.12799E-04  5646   0.273E-02    0.273E-02
RMM:   3    -0.144373327813E+03    0.13969E-05   -0.24570E-05  3665   0.921E-03
  20 F= -.14437333E+03 E0= -.14437359E+03  d E =-.112862E-02
 curvature:  -3.35 expect dE=-0.707E-03 dE for cont linesearch -0.328E-04
 ZBRENT: interpolating
 opt :   3.5810  next Energy=  -144.373347 (dE=-0.115E-02)
 bond charge predicted
       N       E                     dE             d eps       ncg     rms          rms(c)
DAV:   1    -0.144373354136E+03   -0.24926E-04   -0.42303E-03  5772   0.135E-01    0.360E-02
RMM:   2    -0.144373334935E+03    0.19201E-04   -0.82890E-05  5580   0.218E-02    0.273E-02
RMM:   3    -0.144373332315E+03    0.26201E-05   -0.17690E-05  3380   0.788E-03
  21 F= -.14437333E+03 E0= -.14437355E+03  d E =-.113312E-02
 curvature:  -0.44 expect dE=-0.840E-04 dE for cont linesearch -0.291E-05
 ZBRENT: interpolating
 opt :   3.5206  next Energy=  -144.373344 (dE=-0.115E-02)
 bond charge predicted
       N       E                     dE             d eps       ncg     rms          rms(c)
DAV:   1    -0.144373331022E+03    0.39133E-05   -0.51151E-04  5844   0.486E-02    0.185E-02
RMM:   2    -0.144373330304E+03    0.71823E-06   -0.17442E-05  3118   0.954E-03
  22 F= -.14437333E+03 E0= -.14437354E+03  d E =-.113111E-02
 curvature:  -0.28 expect dE=-0.516E-04 dE for cont linesearch -0.498E-06
 ZBRENT: interpolating
 opt :   3.5022  next Energy=  -144.373331 (dE=-0.113E-02)
 bond charge predicted
       N       E                     dE             d eps       ncg     rms          rms(c)
DAV:   1    -0.144373327911E+03    0.31110E-05   -0.60883E-05  5432   0.213E-02    0.127E-02
RMM:   2    -0.144373331788E+03   -0.38775E-05   -0.94737E-06  3066   0.670E-03
  23 F= -.14437333E+03 E0= -.14437353E+03  d E =-.113259E-02
 curvature:  -0.31 expect dE=-0.577E-04 dE for cont linesearch -0.271E-06
 ZBRENT: bisectioning
 opt :   3.4895  next Energy=  -144.373332 (dE=-0.113E-02)
 bond charge predicted
       N       E                     dE             d eps       ncg     rms          rms(c)
DAV:   1    -0.144373326573E+03    0.13380E-05   -0.30882E-05  2980   0.176E-02    0.688E-03
RMM:   2    -0.144373326680E+03   -0.10697E-06   -0.35279E-06  2863   0.485E-03
  24 F= -.14437333E+03 E0= -.14437354E+03  d E =-.112748E-02
 curvature:  -0.52 expect dE=-0.960E-04 dE for cont linesearch -0.141E-08
 trial: gam= 0.18526 g(F)=  0.157E-03 g(S)=  0.288E-04 ort =-0.233E-05 (trialstep = 0.177E+01)
 search vector abs. value=  0.253E-03
 bond charge predicted
       N       E                     dE             d eps       ncg     rms          rms(c)
DAV:   1    -0.144373756155E+03   -0.42958E-03   -0.56859E-02  5732   0.475E-01    0.825E-02
RMM:   2    -0.144373668345E+03    0.87810E-04   -0.63285E-04  5712   0.632E-02    0.435E-02
RMM:   3    -0.144373652175E+03    0.16170E-04   -0.89335E-05  5653   0.179E-02    0.499E-02
RMM:   4    -0.144373621690E+03    0.30484E-04   -0.31073E-05  3914   0.995E-03    0.156E-02
RMM:   5    -0.144373620823E+03    0.86741E-06   -0.65508E-06  2929   0.493E-03
  25 F= -.14437362E+03 E0= -.14437391E+03  d E =-.294143E-03
 ZBRENT: can't locate minimum, use default step
 trial-energy change:   -0.000294  1 .order   -0.000295   -0.000327   -0.000263
 step:   7.0771(harm=  8.9685)  dis= 0.00232  next Energy=  -144.374156 (dE=-0.830E-03)
 bond charge predicted
       N       E                     dE             d eps       ncg     rms          rms(c)
DAV:   1    -0.144375343314E+03   -0.17216E-02   -0.51202E-01  5724   0.143E+00    0.251E-01
RMM:   2    -0.144374486459E+03    0.85686E-03   -0.57331E-03  5712   0.190E-01    0.133E-01
RMM:   3    -0.144374315502E+03    0.17096E-03   -0.86357E-04  5712   0.557E-02    0.154E-01
RMM:   4    -0.144374037387E+03    0.27812E-03   -0.31974E-04  5712   0.314E-02    0.480E-02
RMM:   5    -0.144374028391E+03    0.89956E-05   -0.50638E-05  4295   0.124E-02
  26 F= -.14437403E+03 E0= -.14437449E+03  d E =-.701711E-03
 curvature:  -5.71 expect dE=-0.279E-03 dE for cont linesearch -0.124E-04
 ZBRENT: extrapolating
 opt :   8.0717  next Energy=  -144.374040 (dE=-0.713E-03)
 bond charge predicted
       N       E                     dE             d eps       ncg     rms          rms(c)
DAV:   1    -0.144374061733E+03   -0.24346E-04   -0.17918E-02  5872   0.268E-01    0.493E-02
RMM:   2    -0.144374033714E+03    0.28019E-04   -0.21383E-04  5712   0.364E-02    0.355E-02
RMM:   3    -0.144374029740E+03    0.39733E-05   -0.34617E-05  3974   0.107E-02
  27 F= -.14437403E+03 E0= -.14437452E+03  d E =-.703061E-03
 curvature:  -5.37 expect dE=-0.558E-03 dE for cont linesearch -0.123E-04
 ZBRENT: increasing intervall
 opt :  10.0610  next Energy=  -144.374079 (dE=-0.752E-03)
 bond charge predicted
       N       E                     dE             d eps       ncg     rms          rms(c)
DAV:   1    -0.144374129459E+03   -0.95746E-04   -0.71930E-02  5740   0.534E-01    0.977E-02
RMM:   2    -0.144374008759E+03    0.12070E-03   -0.83818E-04  5712   0.720E-02    0.644E-02
RMM:   3    -0.144374002751E+03    0.60083E-05   -0.15123E-04  5709   0.221E-02    0.735E-02
RMM:   4    -0.144373931387E+03    0.71363E-04   -0.73876E-05  5367   0.157E-02    0.269E-02
RMM:   5    -0.144373925112E+03    0.62753E-05   -0.15354E-05  3280   0.713E-03
  28 F= -.14437393E+03 E0= -.14437450E+03  d E =-.598432E-03
 curvature: -21.47 expect dE=-0.228E-02 dE for cont linesearch -0.283E-03
 ZBRENT: bracketing found
 ZBRENT: interpolating
 opt :   8.6562  next Energy=  -144.374037 (dE=-0.710E-03)
 bond charge predicted
       N       E                     dE             d eps       ncg     rms          rms(c)
DAV:   1    -0.144374086659E+03   -0.15527E-03   -0.35972E-02  5724   0.378E-01    0.679E-02
RMM:   2    -0.144374028562E+03    0.58097E-04   -0.40419E-04  5712   0.505E-02    0.348E-02
RMM:   3    -0.144374011963E+03    0.16600E-04   -0.57122E-05  4729   0.144E-02    0.333E-02
RMM:   4    -0.144373997134E+03    0.14828E-04   -0.21029E-05  3484   0.877E-03    0.141E-02
RMM:   5    -0.144373996127E+03    0.10070E-05   -0.48688E-06  2879   0.423E-03
  29 F= -.14437400E+03 E0= -.14437452E+03  d E =-.669448E-03
 curvature:  -0.53 expect dE=-0.325E-04 dE for cont linesearch -0.245E-05
 ZBRENT: interpolating
 opt :   8.3134  next Energy=  -144.374033 (dE=-0.706E-03)
 bond charge predicted
       N       E                     dE             d eps       ncg     rms          rms(c)
DAV:   1    -0.144374012539E+03   -0.15404E-04   -0.21319E-03  5792   0.921E-02    0.166E-02
RMM:   2    -0.144374008608E+03    0.39311E-05   -0.21669E-05  2905   0.124E-02
  30 F= -.14437401E+03 E0= -.14437452E+03  d E =-.681928E-03
 curvature:  -0.63 expect dE=-0.267E-04 dE for cont linesearch -0.271E-05
 ZBRENT: interpolating
 opt :   8.1737  next Energy=  -144.374031 (dE=-0.704E-03)
 bond charge predicted
       N       E                     dE             d eps       ncg     rms          rms(c)
DAV:   1    -0.144374013898E+03   -0.13597E-05   -0.37503E-04  5900   0.392E-02    0.162E-02
RMM:   2    -0.144374021639E+03   -0.77408E-05   -0.22691E-05  3637   0.970E-03
  31 F= -.14437402E+03 E0= -.14437453E+03  d E =-.694959E-03
 curvature:  -0.29 expect dE=-0.132E-04 dE for cont linesearch -0.923E-06
 ZBRENT: interpolating
 opt :   8.1183  next Energy=  -144.374030 (dE=-0.704E-03)
 bond charge predicted
       N       E                     dE             d eps       ncg     rms          rms(c)
DAV:   1    -0.144374011867E+03    0.20318E-05   -0.76793E-05  5640   0.254E-02    0.838E-03
RMM:   2    -0.144374011711E+03    0.15520E-06   -0.38960E-06  2865   0.497E-03
  32 F= -.14437401E+03 E0= -.14437451E+03  d E =-.685032E-03
 curvature:  -0.17 expect dE=-0.829E-05 dE for cont linesearch -0.398E-06
 ZBRENT: interpolating
 opt :   8.0950  next Energy=  -144.374030 (dE=-0.703E-03)
 bond charge predicted
       N       E                     dE             d eps       ncg     rms          rms(c)
DAV:   1    -0.144374011196E+03    0.67068E-06   -0.11455E-05  2928   0.958E-03    0.530E-03
RMM:   2    -0.144374011495E+03   -0.29880E-06   -0.19965E-06  2848   0.348E-03
  33 F= -.14437401E+03 E0= -.14437451E+03  d E =-.684815E-03
 curvature:  -0.12 expect dE=-0.583E-05 dE for cont linesearch -0.857E-07
 ZBRENT: interpolating
 opt :   8.0867  next Energy=  -144.374012 (dE=-0.685E-03)
 bond charge predicted
       N       E                     dE             d eps       ncg     rms          rms(c)
DAV:   1    -0.144374010971E+03    0.22438E-06   -0.29521E-06  2912   0.586E-03    0.277E-03
RMM:   2    -0.144374010923E+03    0.48003E-07   -0.20528E-07  1163   0.173E-03
  34 F= -.14437401E+03 E0= -.14437451E+03  d E =-.684244E-03
 curvature:  -0.08 expect dE=-0.379E-05 dE for cont linesearch -0.650E-07
 ZBRENT: bisectioning
 opt :   8.0792  next Energy=  -144.374011 (dE=-0.684E-03)
 bond charge predicted
       N       E                     dE             d eps       ncg     rms          rms(c)
DAV:   1    -0.144374010993E+03   -0.21777E-07   -0.16353E-06  2896   0.312E-03    0.175E-03
RMM:   2    -0.144374010972E+03    0.21144E-07    0.00000E+00    69   0.114E-03
  35 F= -.14437401E+03 E0= -.14437451E+03  d E =-.684292E-03
 curvature:  -0.14 expect dE=-0.678E-05 dE for cont linesearch -0.148E-06
 ZBRENT: bisectioning
 opt :   8.0755  next Energy=  -144.374011 (dE=-0.684E-03)
 bond charge predicted
       N       E                     dE             d eps       ncg     rms          rms(c)
DAV:   1    -0.144374011017E+03   -0.23319E-07   -0.46201E-07  2884   0.168E-03    0.112E-03
RMM:   2    -0.144374011010E+03    0.69704E-08    0.00000E+00    32   0.589E-04
  36 F= -.14437401E+03 E0= -.14437451E+03  d E =-.684330E-03
 curvature:  -0.06 expect dE=-0.304E-05 dE for cont linesearch -0.617E-07
 ZBRENT: bisectioning
 opt :   8.0736  next Energy=  -144.374011 (dE=-0.684E-03)
 bond charge predicted
       N       E                     dE             d eps       ncg     rms          rms(c)
DAV:   1    -0.144374011029E+03   -0.12576E-07   -0.12205E-07  2872   0.954E-04    0.619E-04
RMM:   2    -0.144374011025E+03    0.45839E-08    0.00000E+00    19   0.373E-04
  37 F= -.14437401E+03 E0= -.14437451E+03  d E =-.684345E-03
 curvature:  -0.03 expect dE=-0.151E-05 dE for cont linesearch -0.260E-07
 ZBRENT: bisectioning
 opt :   8.0726  next Energy=  -144.374011 (dE=-0.684E-03)
 bond charge predicted
       N       E                     dE             d eps       ncg     rms          rms(c)
DAV:   1    -0.144374011038E+03   -0.85274E-08   -0.41459E-08  2868   0.508E-04    0.430E-04
RMM:   2    -0.144374011034E+03    0.31796E-08    0.00000E+00    16   0.209E-04
  38 F= -.14437401E+03 E0= -.14437451E+03  d E =-.684355E-03
 curvature:  -0.02 expect dE=-0.808E-06 dE for cont linesearch -0.131E-07
 ZBRENT: bisectioning
 opt :   8.0722  next Energy=  -144.374011 (dE=-0.684E-03)
 bond charge predicted
       N       E                     dE             d eps       ncg     rms          rms(c)
DAV:   1    -0.144374011042E+03   -0.41509E-08   -0.15790E-08  2868   0.341E-04    0.222E-04
RMM:   2    -0.144374011040E+03    0.13642E-08    0.00000E+00    14   0.133E-04
  39 F= -.14437401E+03 E0= -.14437451E+03  d E =-.684361E-03
 curvature:  -0.01 expect dE=-0.423E-06 dE for cont linesearch -0.697E-08
 ZBRENT: bisectioning
 opt :   8.0719  next Energy=  -144.374011 (dE=-0.684E-03)
 bond charge predicted
       N       E                     dE             d eps       ncg     rms          rms(c)
DAV:   1    -0.144374011043E+03   -0.14043E-08   -0.47430E-09  2868   0.168E-04    0.163E-04
RMM:   2    -0.144374011043E+03    0.32742E-09    0.00000E+00    14   0.729E-05
  40 F= -.14437401E+03 E0= -.14437451E+03  d E =-.684363E-03
 curvature:  -0.00 expect dE=-0.212E-06 dE for cont linesearch -0.347E-08
 ZBRENT: bisectioning
 opt :   8.0718  next Energy=  -144.374011 (dE=-0.684E-03)
 bond charge predicted
       N       E                     dE             d eps       ncg     rms          rms(c)
DAV:   1    -0.144374011044E+03   -0.12660E-08   -0.17374E-09  2868   0.116E-04    0.813E-05
RMM:   2    -0.144374011044E+03    0.75670E-09    0.00000E+00    12   0.459E-05
  41 F= -.14437401E+03 E0= -.14437451E+03  d E =-.684364E-03
 curvature:  -0.00 expect dE=-0.106E-06 dE for cont linesearch -0.176E-08
 ZBRENT: bisectioning
 opt :   8.0718  next Energy=  -144.374011 (dE=-0.684E-03)
 bond charge predicted
       N       E                     dE             d eps       ncg     rms          rms(c)
DAV:   1    -0.144374011044E+03    0.13824E-09   -0.52736E-10  2868   0.567E-05    0.607E-05
RMM:   2    -0.144374011044E+03    0.53114E-09    0.00000E+00    11   0.251E-05
  42 F= -.14437401E+03 E0= -.14437451E+03  d E =-.684364E-03
 curvature:  -0.00 expect dE=-0.527E-07 dE for cont linesearch -0.876E-09
 ZBRENT:  can not reach accuracy
 opt :   0.0000  next Energy=     0.000000 (dE= 0.144E+03)
 bond charge predicted
       N       E                     dE             d eps       ncg     rms          rms(c)
DAV:   1    -0.144376379677E+03   -0.23686E-02   -0.11844E+00  5724   0.217E+00    0.383E-01
RMM:   2    -0.144374410488E+03    0.19692E-02   -0.13227E-02  5712   0.289E-01    0.199E-01
RMM:   3    -0.144373884023E+03    0.52647E-03   -0.18842E-03  5712   0.830E-02    0.207E-01
RMM:   4    -0.144373384768E+03    0.49926E-03   -0.63879E-04  5712   0.442E-02    0.745E-02
RMM:   5    -0.144373356287E+03    0.28481E-04   -0.11139E-04  5564   0.183E-02    0.547E-02
RMM:   6    -0.144373329189E+03    0.27098E-04   -0.37540E-05  3998   0.109E-02    0.249E-02
RMM:   7    -0.144373330275E+03   -0.10863E-05   -0.11658E-05  3066   0.652E-03
  43 F= -.14437333E+03 E0= -.14437354E+03  d E =-.359527E-05
 curvature:   0.00 expect dE= 0.242-313 dE for cont linesearch  0.169-313
 ZBRENT: fatal error in bracketing
     please rerun with smaller EDIFF, or copy CONTCAR
     to POSCAR and continue
