 running on  160 total cores
 distrk:  each k-point on   20 cores,    8 groups
 distr:  one band on    5 cores,    4 groups
 using from now: INCAR     
 vasp.5.4.1 05Feb16 (build Jan 29 2020 16:04:39) complex                        
  
 POSCAR found type information on POSCAR  Ta Hf Zr Nb
 POSCAR found :  4 types and      16 ions
 scaLAPACK will be used

 ----------------------------------------------------------------------------- 
|                                                                             |
|           W    W    AA    RRRRR   N    N  II  N    N   GGGG   !!!           |
|           W    W   A  A   R    R  NN   N  II  NN   N  G    G  !!!           |
|           W    W  A    A  R    R  N N  N  II  N N  N  G       !!!           |
|           W WW W  AAAAAA  RRRRR   N  N N  II  N  N N  G  GGG   !            |
|           WW  WW  A    A  R   R   N   NN  II  N   NN  G    G                |
|           W    W  A    A  R    R  N    N  II  N    N   GGGG   !!!           |
|                                                                             |
|      For optimal performance we recommend to set                            |
|        NCORE= 4 - approx SQRT( number of cores)                             |
|      NCORE specifies how many cores store one orbital (NPAR=cpu/NCORE).     |
|      This setting can  greatly improve the performance of VASP for DFT.     |
|      The default, NPAR=number of cores might be grossly inefficient         |
|      on modern multi-core architectures or massively parallel machines.     |
|      Do your own testing !!!!                                               |
|      Unfortunately you need to use the default for GW and RPA calculations. |
|      (for HF NCORE is supported but not extensively tested yet)             |
|                                                                             |
 ----------------------------------------------------------------------------- 


 ----------------------------------------------------------------------------- 
|                                                                             |
|           W    W    AA    RRRRR   N    N  II  N    N   GGGG   !!!           |
|           W    W   A  A   R    R  NN   N  II  NN   N  G    G  !!!           |
|           W    W  A    A  R    R  N N  N  II  N N  N  G       !!!           |
|           W WW W  AAAAAA  RRRRR   N  N N  II  N  N N  G  GGG   !            |
|           WW  WW  A    A  R   R   N   NN  II  N   NN  G    G                |
|           W    W  A    A  R    R  N    N  II  N    N   GGGG   !!!           |
|                                                                             |
|      You have enabled k-point parallelism (KPAR>1).                         |
|      This developmental code was originally  written by Paul Kent at ORNL,  |
|      and carefully double checked in Vienna.                                |
|      GW as well as linear response parallelism added by Martijn Marsman     |
|      and Georg Kresse.                                                      |
|      Carefully verify results versus KPAR=1.                                |
|      Report problems to Paul Kent and Vienna.                               |
|                                                                             |
 ----------------------------------------------------------------------------- 

 LDA part: xc-table for Pade appr. of Perdew
 POSCAR, INCAR and KPOINTS ok, starting setup
 WARNING: small aliasing (wrap around) errors must be expected
 FFT: planning ...
 WAVECAR not read
 entering main loop
       N       E                     dE             d eps       ncg     rms          rms(c)
DAV:   1     0.888953510098E+03    0.88895E+03   -0.52742E+04  2504   0.106E+03
DAV:   2    -0.320630375519E+02   -0.92102E+03   -0.89237E+03  2596   0.362E+02
DAV:   3    -0.143469368808E+03   -0.11141E+03   -0.10651E+03  4184   0.924E+01
DAV:   4    -0.157143867384E+03   -0.13674E+02   -0.13286E+02  3672   0.277E+01
DAV:   5    -0.158343614824E+03   -0.11997E+01   -0.11830E+01  3832   0.869E+00    0.428E+01
RMM:   6    -0.153645664576E+03    0.46980E+01   -0.76679E+00  2769   0.892E+00    0.197E+01
RMM:   7    -0.152341324737E+03    0.13043E+01   -0.66456E+00  2771   0.773E+00    0.336E+00
RMM:   8    -0.152071465391E+03    0.26986E+00   -0.93971E-01  3365   0.253E+00    0.264E+00
RMM:   9    -0.152061536399E+03    0.99290E-02   -0.17947E-01  3434   0.126E+00    0.120E+00
RMM:  10    -0.152060905637E+03    0.63076E-03   -0.83788E-02  3420   0.782E-01    0.541E-01
RMM:  11    -0.152056338944E+03    0.45667E-02   -0.25170E-02  3459   0.364E-01    0.228E-01
RMM:  12    -0.152056700910E+03   -0.36197E-03   -0.96439E-03  3464   0.162E-01    0.165E-01
RMM:  13    -0.152057053041E+03   -0.35213E-03   -0.39135E-03  3821   0.884E-02    0.673E-02
RMM:  14    -0.152057148165E+03   -0.95123E-04   -0.14784E-03  3419   0.633E-02    0.243E-02
RMM:  15    -0.152057205422E+03   -0.57257E-04   -0.68493E-04  2699   0.357E-02    0.121E-02
RMM:  16    -0.152057228535E+03   -0.23113E-04   -0.29952E-04  2473   0.269E-02    0.727E-03
RMM:  17    -0.152057239844E+03   -0.11309E-04   -0.15351E-04  2170   0.191E-02    0.331E-03
RMM:  18    -0.152057244511E+03   -0.46670E-05   -0.62374E-05  1964   0.156E-02
   1 F= -.15205724E+03 E0= -.15205309E+03  d E =-.152057E+03
 curvature:   0.00 expect dE= 0.000E+00 dE for cont linesearch  0.000E+00
 trial: gam= 0.00000 g(F)=  0.214E-04 g(S)=  0.109E-02 ort = 0.000E+00 (trialstep = 0.100E+01)
 search vector abs. value=  0.111E-02
 bond charge predicted
       N       E                     dE             d eps       ncg     rms          rms(c)
DAV:   1    -0.152060950571E+03   -0.37107E-02   -0.96643E-02  2984   0.151E+00    0.534E-01
RMM:   2    -0.152058799282E+03    0.21513E-02   -0.12669E-02  3455   0.399E-01    0.163E-01
RMM:   3    -0.152058204944E+03    0.59434E-03   -0.35777E-03  3521   0.158E-01    0.103E-01
RMM:   4    -0.152057947653E+03    0.25729E-03   -0.10049E-03  3465   0.110E-01    0.676E-02
RMM:   5    -0.152057957973E+03   -0.10320E-04   -0.22370E-04  3059   0.390E-02    0.510E-02
RMM:   6    -0.152057987691E+03   -0.29718E-04   -0.94031E-05  2125   0.240E-02    0.232E-02
RMM:   7    -0.152058002981E+03   -0.15290E-04   -0.42807E-05  1838   0.212E-02    0.879E-03
RMM:   8    -0.152058010177E+03   -0.71957E-05   -0.22937E-05  1672   0.174E-02
   2 F= -.15205801E+03 E0= -.15205387E+03  d E =-.765665E-03
 trial-energy change:   -0.000766  1 .order   -0.000783   -0.001114   -0.000451
 step:   1.6808(harm=  1.6808)  dis= 0.00043  next Energy=  -152.058181 (dE=-0.936E-03)
 bond charge predicted
       N       E                     dE             d eps       ncg     rms          rms(c)
DAV:   1    -0.152059450809E+03   -0.14478E-02   -0.44208E-02  2832   0.102E+00    0.359E-01
RMM:   2    -0.152058454373E+03    0.99644E-03   -0.54931E-03  3415   0.270E-01    0.108E-01
RMM:   3    -0.152058193308E+03    0.26107E-03   -0.15697E-03  3488   0.106E-01    0.677E-02
RMM:   4    -0.152058083132E+03    0.11018E-03   -0.44656E-04  3410   0.734E-02    0.448E-02
RMM:   5    -0.152058091064E+03   -0.79314E-05   -0.93702E-05  2616   0.262E-02
   3 F= -.15205809E+03 E0= -.15205395E+03  d E =-.846552E-03
 curvature:  -0.84 expect dE=-0.368E-04 dE for cont linesearch -0.216E-05
 ZBRENT: extrapolating
 opt :   1.7725  next Energy=  -152.058094 (dE=-0.849E-03)
 bond charge predicted
       N       E                     dE             d eps       ncg     rms          rms(c)
DAV:   1    -0.152058118904E+03   -0.35771E-04   -0.74484E-04  2652   0.138E-01    0.383E-02
RMM:   2    -0.152058105537E+03    0.13367E-04   -0.90223E-05  2792   0.363E-02    0.126E-02
RMM:   3    -0.152058103920E+03    0.16168E-05   -0.15132E-05  1309   0.149E-02
   4 F= -.15205810E+03 E0= -.15205396E+03  d E =-.859409E-03
 curvature:  -0.95 expect dE=-0.443E-04 dE for cont linesearch -0.143E-06
 ZBRENT: bracketing found
 ZBRENT: interpolating
 opt :   1.7547  next Energy=  -152.058104 (dE=-0.860E-03)
 bond charge predicted
       N       E                     dE             d eps       ncg     rms          rms(c)
DAV:   1    -0.152058111961E+03   -0.64246E-05   -0.65119E-05  2788   0.355E-02    0.193E-02
RMM:   2    -0.152058116668E+03   -0.47069E-05   -0.12424E-05  1389   0.108E-02
   5 F= -.15205812E+03 E0= -.15205398E+03  d E =-.872157E-03
 curvature:  -0.77 expect dE=-0.516E-04 dE for cont linesearch -0.116E-04
 ZBRENT: interpolating
 opt :   1.7024  next Energy=  -152.058092 (dE=-0.847E-03)
 bond charge predicted
       N       E                     dE             d eps       ncg     rms          rms(c)
DAV:   1    -0.152058139904E+03   -0.27943E-04   -0.30834E-04  3280   0.827E-02    0.354E-02
RMM:   2    -0.152058137520E+03    0.23840E-05   -0.92839E-05  2730   0.276E-02
   6 F= -.15205814E+03 E0= -.15205399E+03  d E =-.893009E-03
 curvature:  -0.04 expect dE=-0.283E-05 dE for cont linesearch -0.720E-06
 ZBRENT: interpolating
 opt :   1.6867  next Energy=  -152.058091 (dE=-0.847E-03)
 bond charge predicted
       N       E                     dE             d eps       ncg     rms          rms(c)
DAV:   1    -0.152058134535E+03    0.53693E-05   -0.38605E-05  1552   0.301E-02    0.141E-02
RMM:   2    -0.152058133120E+03    0.14154E-05   -0.82366E-06  1222   0.149E-02
   7 F= -.15205813E+03 E0= -.15205399E+03  d E =-.888609E-03
 curvature:  -0.01 expect dE=-0.572E-06 dE for cont linesearch -0.136E-06
 ZBRENT: interpolating
 opt :   1.6825  next Energy=  -152.058091 (dE=-0.847E-03)
 bond charge predicted
       N       E                     dE             d eps       ncg     rms          rms(c)
DAV:   1    -0.152058132895E+03    0.16405E-05   -0.59180E-06  1392   0.132E-02    0.509E-03
RMM:   2    -0.152058132524E+03    0.37097E-06   -0.23759E-06  1216   0.755E-03
   8 F= -.15205813E+03 E0= -.15205399E+03  d E =-.888012E-03
 curvature:  -0.00 expect dE=-0.161E-06 dE for cont linesearch -0.275E-07
 ZBRENT: interpolating
 opt :   1.6814  next Energy=  -152.058091 (dE=-0.847E-03)
 bond charge predicted
       N       E                     dE             d eps       ncg     rms          rms(c)
DAV:   1    -0.152058132343E+03    0.55199E-06   -0.13039E-06  1360   0.653E-03    0.238E-03
RMM:   2    -0.152058132093E+03    0.24996E-06   -0.67542E-07   842   0.375E-03
   9 F= -.15205813E+03 E0= -.15205399E+03  d E =-.887581E-03
 curvature:  -0.00 expect dE=-0.857E-07 dE for cont linesearch -0.147E-07
 ZBRENT: interpolating
 opt :   1.6810  next Energy=  -152.058091 (dE=-0.847E-03)
 bond charge predicted
       N       E                     dE             d eps       ncg     rms          rms(c)
DAV:   1    -0.152058132030E+03    0.31296E-06   -0.48062E-07  1356   0.382E-03    0.147E-03
RMM:   2    -0.152058131817E+03    0.21310E-06   -0.28742E-07   454   0.222E-03
  10 F= -.15205813E+03 E0= -.15205399E+03  d E =-.887305E-03
 curvature:  -0.00 expect dE=-0.279E-07 dE for cont linesearch -0.441E-08
 ZBRENT: interpolating
 opt :   1.6809  next Energy=  -152.058091 (dE=-0.847E-03)
 bond charge predicted
       N       E                     dE             d eps       ncg     rms          rms(c)
DAV:   1    -0.152058131682E+03    0.34801E-06   -0.31146E-07  1320   0.228E-03    0.994E-04
RMM:   2    -0.152058131554E+03    0.12811E-06   -0.10184E-07   255   0.170E-03
  11 F= -.15205813E+03 E0= -.15205399E+03  d E =-.887042E-03
 curvature:  -0.00 expect dE=-0.108E-07 dE for cont linesearch -0.167E-08
 ZBRENT: interpolating
 opt :   1.6809  next Energy=  -152.058091 (dE=-0.847E-03)
 bond charge predicted
       N       E                     dE             d eps       ncg     rms          rms(c)
DAV:   1    -0.152058131497E+03    0.18457E-06   -0.20677E-07  1296   0.176E-03    0.581E-04
RMM:   2    -0.152058131395E+03    0.10235E-06   -0.32421E-08   236   0.143E-03
  12 F= -.15205813E+03 E0= -.15205399E+03  d E =-.886884E-03
 curvature:  -0.00 expect dE=-0.387E-08 dE for cont linesearch -0.579E-09
 ZBRENT: interpolating
 opt :   1.6808  next Energy=  -152.058091 (dE=-0.847E-03)
 bond charge predicted
       N       E                     dE             d eps       ncg     rms          rms(c)
DAV:   1    -0.152058131344E+03    0.15319E-06   -0.82817E-08  1296   0.121E-03    0.351E-04
RMM:   2    -0.152058131290E+03    0.54037E-07   -0.19590E-09   106   0.957E-04
  13 F= -.15205813E+03 E0= -.15205399E+03  d E =-.886779E-03
 curvature:  -0.00 expect dE=-0.143E-08 dE for cont linesearch -0.214E-09
 ZBRENT: interpolating
 opt :   1.6808  next Energy=  -152.058091 (dE=-0.847E-03)
 bond charge predicted
       N       E                     dE             d eps       ncg     rms          rms(c)
DAV:   1    -0.152058131264E+03    0.79563E-07   -0.44222E-08  1296   0.962E-04    0.210E-04
RMM:   2    -0.152058131239E+03    0.25568E-07   -0.58242E-10    86   0.695E-04
  14 F= -.15205813E+03 E0= -.15205399E+03  d E =-.886728E-03
 curvature:  -0.00 expect dE=-0.505E-09 dE for cont linesearch -0.760E-10
 ZBRENT: interpolating
 opt :   1.6808  next Energy=  -152.058091 (dE=-0.847E-03)
 bond charge predicted
       N       E                     dE             d eps       ncg     rms          rms(c)
DAV:   1    -0.152058131228E+03    0.36167E-07   -0.24190E-08  1296   0.689E-04    0.152E-04
RMM:   2    -0.152058131211E+03    0.17701E-07    0.28627E-14    75   0.558E-04
  15 F= -.15205813E+03 E0= -.15205399E+03  d E =-.886699E-03
 curvature:  -0.00 expect dE=-0.178E-09 dE for cont linesearch -0.265E-10
 ZBRENT: interpolating
 opt :   1.6808  next Energy=  -152.058091 (dE=-0.847E-03)
 bond charge predicted
       N       E                     dE             d eps       ncg     rms          rms(c)
DAV:   1    -0.152058131198E+03    0.30532E-07   -0.14784E-08  1284   0.567E-04    0.895E-05
RMM:   2    -0.152058131192E+03    0.57753E-08    0.25508E-14    61   0.432E-04
  16 F= -.15205813E+03 E0= -.15205399E+03  d E =-.886681E-03
 curvature:  -0.00 expect dE=-0.639E-10 dE for cont linesearch -0.957E-11
 ZBRENT: interpolating
 opt :   1.6808  next Energy=  -152.058091 (dE=-0.847E-03)
 bond charge predicted
       N       E                     dE             d eps       ncg     rms          rms(c)
DAV:   1    -0.152058131190E+03    0.80854E-08   -0.94395E-09  1272   0.430E-04    0.743E-05
RMM:   2    -0.152058131182E+03    0.77562E-08    0.22364E-14    55   0.357E-04
  17 F= -.15205813E+03 E0= -.15205399E+03  d E =-.886671E-03
 curvature:  -0.00 expect dE=-0.226E-10 dE for cont linesearch -0.336E-11
 ZBRENT: interpolating
 opt :   1.6808  next Energy=  -152.058091 (dE=-0.847E-03)
 bond charge predicted
       N       E                     dE             d eps       ncg     rms          rms(c)
DAV:   1    -0.152058131173E+03    0.16342E-07   -0.63055E-09  1272   0.362E-04    0.502E-05
RMM:   2    -0.152058131173E+03    0.26193E-09    0.31218E-23    49   0.284E-04
  18 F= -.15205813E+03 E0= -.15205399E+03  d E =-.886662E-03
 curvature:  -0.00 expect dE=-0.809E-11 dE for cont linesearch -0.121E-11
 ZBRENT:  accuracy reached
 opt :   0.0000  next Energy=     0.000000 (dE= 0.152E+03)
 bond charge predicted
       N       E                     dE             d eps       ncg     rms          rms(c)
DAV:   1    -0.152065661590E+03   -0.75304E-02   -0.27254E-01  2600   0.253E+00    0.898E-01
RMM:   2    -0.152059662560E+03    0.59990E-02   -0.35230E-02  3425   0.670E-01    0.272E-01
RMM:   3    -0.152058004159E+03    0.16584E-02   -0.10126E-02  3513   0.267E-01    0.175E-01
RMM:   4    -0.152057233559E+03    0.77060E-03   -0.28508E-03  3477   0.184E-01    0.113E-01
RMM:   5    -0.152057222506E+03    0.11052E-04   -0.58304E-04  3487   0.666E-02    0.854E-02
RMM:   6    -0.152057244031E+03   -0.21525E-04   -0.28006E-04  3018   0.370E-02    0.359E-02
RMM:   7    -0.152057250958E+03   -0.69269E-05   -0.96725E-05  2088   0.289E-02
  19 F= -.15205725E+03 E0= -.15205310E+03  d E =-.644698E-05
 curvature:   0.00 expect dE= 0.103-313 dE for cont linesearch  0.103-313
 ZBRENT:  can not reach accuracy
 opt :   0.0000  next Energy=     0.000000 (dE= 0.152E+03)
 bond charge predicted
       N       E                     dE             d eps       ncg     rms          rms(c)
DAV:   1    -0.152057259495E+03   -0.15464E-04   -0.99736E-05  2704   0.208E-02    0.184E-02
RMM:   2    -0.152057258748E+03    0.74729E-06   -0.10562E-05  1248   0.103E-02
  20 F= -.15205726E+03 E0= -.15205311E+03  d E =-.142368E-04
 curvature:   0.00 expect dE= 0.152-315 dE for cont linesearch  0.152-315
 ZBRENT: fatal error in bracketing
     please rerun with smaller EDIFF, or copy CONTCAR
     to POSCAR and continue
