 running on  160 total cores
 distrk:  each k-point on   20 cores,    8 groups
 distr:  one band on    5 cores,    4 groups
 using from now: INCAR     
 vasp.5.4.1 05Feb16 (build Jan 29 2020 16:04:39) complex                        
  
 POSCAR found type information on POSCAR  Au Pt
 POSCAR found :  2 types and      32 ions
 scaLAPACK will be used

 ----------------------------------------------------------------------------- 
|                                                                             |
|           W    W    AA    RRRRR   N    N  II  N    N   GGGG   !!!           |
|           W    W   A  A   R    R  NN   N  II  NN   N  G    G  !!!           |
|           W    W  A    A  R    R  N N  N  II  N N  N  G       !!!           |
|           W WW W  AAAAAA  RRRRR   N  N N  II  N  N N  G  GGG   !            |
|           WW  WW  A    A  R   R   N   NN  II  N   NN  G    G                |
|           W    W  A    A  R    R  N    N  II  N    N   GGGG   !!!           |
|                                                                             |
|      For optimal performance we recommend to set                            |
|        NCORE= 4 - approx SQRT( number of cores)                             |
|      NCORE specifies how many cores store one orbital (NPAR=cpu/NCORE).     |
|      This setting can  greatly improve the performance of VASP for DFT.     |
|      The default, NPAR=number of cores might be grossly inefficient         |
|      on modern multi-core architectures or massively parallel machines.     |
|      Do your own testing !!!!                                               |
|      Unfortunately you need to use the default for GW and RPA calculations. |
|      (for HF NCORE is supported but not extensively tested yet)             |
|                                                                             |
 ----------------------------------------------------------------------------- 


 ----------------------------------------------------------------------------- 
|                                                                             |
|           W    W    AA    RRRRR   N    N  II  N    N   GGGG   !!!           |
|           W    W   A  A   R    R  NN   N  II  NN   N  G    G  !!!           |
|           W    W  A    A  R    R  N N  N  II  N N  N  G       !!!           |
|           W WW W  AAAAAA  RRRRR   N  N N  II  N  N N  G  GGG   !            |
|           WW  WW  A    A  R   R   N   NN  II  N   NN  G    G                |
|           W    W  A    A  R    R  N    N  II  N    N   GGGG   !!!           |
|                                                                             |
|      You have enabled k-point parallelism (KPAR>1).                         |
|      This developmental code was originally  written by Paul Kent at ORNL,  |
|      and carefully double checked in Vienna.                                |
|      GW as well as linear response parallelism added by Martijn Marsman     |
|      and Georg Kresse.                                                      |
|      Carefully verify results versus KPAR=1.                                |
|      Report problems to Paul Kent and Vienna.                               |
|                                                                             |
 ----------------------------------------------------------------------------- 

 LDA part: xc-table for Pade appr. of Perdew
 POSCAR, INCAR and KPOINTS ok, starting setup
 WARNING: small aliasing (wrap around) errors must be expected
 FFT: planning ...
 WAVECAR not read
 entering main loop
       N       E                     dE             d eps       ncg     rms          rms(c)
DAV:   1     0.168723671765E+04    0.16872E+04   -0.12510E+05  5824   0.102E+03
DAV:   2    -0.655717312249E+02   -0.17528E+04   -0.16568E+04  6272   0.275E+02
DAV:   3    -0.137221902344E+03   -0.71650E+02   -0.68648E+02  6296   0.509E+01
DAV:   4    -0.138361292217E+03   -0.11394E+01   -0.11330E+01  6216   0.641E+00
DAV:   5    -0.138380429752E+03   -0.19138E-01   -0.19126E-01  6208   0.781E-01    0.506E+01
RMM:   6    -0.130391500256E+03    0.79889E+01   -0.29225E+01  5824   0.119E+01    0.353E+01
RMM:   7    -0.131146500613E+03   -0.75500E+00   -0.12879E+01  5824   0.696E+00    0.216E+01
RMM:   8    -0.128393959579E+03    0.27525E+01   -0.38338E+00  5824   0.357E+00    0.682E+00
RMM:   9    -0.128534082274E+03   -0.14012E+00   -0.79509E-01  5824   0.156E+00    0.472E+00
RMM:  10    -0.128298906130E+03    0.23518E+00   -0.39365E-01  5824   0.108E+00    0.186E+00
RMM:  11    -0.128265652745E+03    0.33253E-01   -0.41520E-02  5824   0.344E-01    0.984E-01
RMM:  12    -0.128257029911E+03    0.86228E-02   -0.12225E-02  5824   0.188E-01    0.316E-01
RMM:  13    -0.128256951578E+03    0.78333E-04   -0.20538E-03  5824   0.738E-02    0.231E-01
RMM:  14    -0.128256601196E+03    0.35038E-03   -0.48901E-04  5824   0.377E-02    0.147E-01
RMM:  15    -0.128256528095E+03    0.73100E-04   -0.20509E-04  5819   0.252E-02    0.627E-02
RMM:  16    -0.128256480129E+03    0.47967E-04   -0.65194E-05  4501   0.137E-02    0.173E-02
RMM:  17    -0.128256475118E+03    0.50102E-05   -0.72912E-06  3139   0.491E-03
   1 F= -.12825648E+03 E0= -.12824599E+03  d E =-.128256E+03
 curvature:   0.00 expect dE= 0.000E+00 dE for cont linesearch  0.000E+00
 trial: gam= 0.00000 g(F)=  0.789E-02 g(S)=  0.869E-02 ort = 0.000E+00 (trialstep = 0.100E+01)
 search vector abs. value=  0.166E-01
 bond charge predicted
       N       E                     dE             d eps       ncg     rms          rms(c)
DAV:   1    -0.128311100555E+03   -0.54620E-01   -0.14892E+00  6064   0.294E+00    0.131E+00
RMM:   2    -0.128272779004E+03    0.38322E-01   -0.12869E-01  5824   0.849E-01    0.594E-01
RMM:   3    -0.128272192646E+03    0.58636E-03   -0.16553E-02  5824   0.249E-01    0.640E-01
RMM:   4    -0.128269237902E+03    0.29547E-02   -0.32804E-03  5824   0.103E-01    0.333E-01
RMM:   5    -0.128269698022E+03   -0.46012E-03   -0.12528E-03  5824   0.601E-02    0.235E-01
RMM:   6    -0.128269308725E+03    0.38930E-03   -0.71270E-04  5824   0.461E-02    0.726E-02
RMM:   7    -0.128269243948E+03    0.64777E-04   -0.90095E-05  4977   0.161E-02    0.177E-02
RMM:   8    -0.128269240134E+03    0.38142E-05   -0.93364E-06  3070   0.613E-03
   2 F= -.12826924E+03 E0= -.12825875E+03  d E =-.127650E-01
 trial-energy change:   -0.012765  1 .order   -0.012817   -0.016574   -0.009060
 step:   2.3351(harm=  2.2059)  dis= 0.00764  next Energy=  -128.275165 (dE=-0.187E-01)
 bond charge predicted
       N       E                     dE             d eps       ncg     rms          rms(c)
DAV:   1    -0.128349010585E+03   -0.79767E-01   -0.26532E+00  5920   0.393E+00    0.175E+00
RMM:   2    -0.128280583234E+03    0.68427E-01   -0.22814E-01  5824   0.113E+00    0.795E-01
RMM:   3    -0.128279624731E+03    0.95850E-03   -0.29445E-02  5824   0.332E-01    0.854E-01
RMM:   4    -0.128274334403E+03    0.52903E-02   -0.58890E-03  5824   0.138E-01    0.445E-01
RMM:   5    -0.128275142386E+03   -0.80798E-03   -0.22522E-03  5824   0.808E-02    0.317E-01
RMM:   6    -0.128274437216E+03    0.70517E-03   -0.12827E-03  5824   0.619E-02    0.999E-02
RMM:   7    -0.128274313599E+03    0.12362E-03   -0.17149E-04  5772   0.222E-02    0.242E-02
RMM:   8    -0.128274306640E+03    0.69595E-05   -0.15926E-05  3239   0.797E-03
   3 F= -.12827431E+03 E0= -.12826382E+03  d E =-.178315E-01
 curvature:  -1.09 expect dE=-0.103E-01 dE for cont linesearch -0.115E-03
 trial: gam= 0.64738 g(F)=  0.339E-02 g(S)=  0.602E-02 ort =-0.132E-02 (trialstep = 0.127E+01)
 search vector abs. value=  0.146E-01
 bond charge predicted
       N       E                     dE             d eps       ncg     rms          rms(c)
DAV:   1    -0.128285513308E+03   -0.11200E-01   -0.19469E+00  5920   0.254E+00    0.426E-01
RMM:   2    -0.128284181656E+03    0.13317E-02   -0.27215E-02  5824   0.394E-01    0.220E-01
RMM:   3    -0.128284056458E+03    0.12520E-03   -0.23236E-03  5824   0.923E-02    0.228E-01
RMM:   4    -0.128283531582E+03    0.52488E-03   -0.68030E-04  5824   0.451E-02    0.123E-01
RMM:   5    -0.128283487549E+03    0.44033E-04   -0.20641E-04  5824   0.259E-02    0.694E-02
RMM:   6    -0.128283430164E+03    0.57385E-04   -0.12323E-04  5745   0.197E-02    0.288E-02
RMM:   7    -0.128283426106E+03    0.40577E-05   -0.18705E-05  3687   0.757E-03
   4 F= -.12828343E+03 E0= -.12827302E+03  d E =-.911947E-02
 trial-energy change:   -0.009119  1 .order   -0.009092   -0.010833   -0.007352
 step:   3.9436(harm=  3.9436)  dis= 0.01768  next Energy=  -128.291165 (dE=-0.169E-01)
 bond charge predicted
       N       E                     dE             d eps       ncg     rms          rms(c)
DAV:   1    -0.128300163785E+03   -0.16734E-01   -0.86963E+00  5856   0.537E+00    0.897E-01
RMM:   2    -0.128294301753E+03    0.58620E-02   -0.12106E-01  5824   0.833E-01    0.471E-01
RMM:   3    -0.128293760877E+03    0.54088E-03   -0.10436E-02  5824   0.195E-01    0.482E-01
RMM:   4    -0.128291400944E+03    0.23599E-02   -0.30848E-03  5824   0.961E-02    0.264E-01
RMM:   5    -0.128291224782E+03    0.17616E-03   -0.94166E-04  5824   0.553E-02    0.148E-01
RMM:   6    -0.128290980297E+03    0.24448E-03   -0.56406E-04  5824   0.422E-02    0.621E-02
RMM:   7    -0.128290964984E+03    0.15313E-04   -0.89512E-05  5075   0.161E-02    0.424E-02
RMM:   8    -0.128290945510E+03    0.19473E-04   -0.24652E-05  3759   0.892E-03    0.142E-02
RMM:   9    -0.128290944528E+03    0.98224E-06   -0.45354E-06  3073   0.406E-03
   5 F= -.12829094E+03 E0= -.12828080E+03  d E =-.166379E-01
 curvature:  -3.38 expect dE=-0.576E-02 dE for cont linesearch -0.757E-05
 trial: gam=-0.04293 g(F)=  0.618E-03 g(S)=  0.109E-02 ort =-0.181E-03 (trialstep = 0.180E+01)
 search vector abs. value=  0.175E-02
 bond charge predicted
       N       E                     dE             d eps       ncg     rms          rms(c)
DAV:   1    -0.128308243598E+03   -0.17298E-01   -0.52243E-01  6040   0.178E+00    0.795E-01
RMM:   2    -0.128294181326E+03    0.14062E-01   -0.47304E-02  5824   0.518E-01    0.377E-01
RMM:   3    -0.128293852504E+03    0.32882E-03   -0.61220E-03  5824   0.150E-01    0.401E-01
RMM:   4    -0.128292706716E+03    0.11458E-02   -0.12267E-03  5824   0.633E-02    0.209E-01
RMM:   5    -0.128292848625E+03   -0.14191E-03   -0.47683E-04  5824   0.370E-02    0.147E-01
RMM:   6    -0.128292654049E+03    0.19458E-03   -0.28569E-04  5823   0.292E-02    0.453E-02
RMM:   7    -0.128292627368E+03    0.26681E-04   -0.32993E-05  3906   0.989E-03    0.881E-03
RMM:   8    -0.128292626600E+03    0.76740E-06   -0.33520E-06  2985   0.371E-03
   6 F= -.12829263E+03 E0= -.12828248E+03  d E =-.168207E-02
 trial-energy change:   -0.001682  1 .order   -0.001680   -0.003087   -0.000273
 step:   1.9775(harm=  1.9775)  dis= 0.00228  next Energy=  -128.292638 (dE=-0.169E-02)
 bond charge predicted
       N       E                     dE             d eps       ncg     rms          rms(c)
DAV:   1    -0.128292788192E+03   -0.16082E-03   -0.48993E-03  6072   0.172E-01    0.766E-02
RMM:   2    -0.128292659217E+03    0.12897E-03   -0.44468E-04  5824   0.502E-02    0.364E-02
RMM:   3    -0.128292655023E+03    0.41943E-05   -0.56334E-05  5158   0.145E-02
   7 F= -.12829266E+03 E0= -.12828248E+03  d E =-.171049E-02
 curvature:  -1.01 expect dE=-0.563E-03 dE for cont linesearch -0.870E-05
 ZBRENT: increasing intervall
 opt :   2.3279  next Energy=  -128.292688 (dE=-0.174E-02)
 bond charge predicted
       N       E                     dE             d eps       ncg     rms          rms(c)
DAV:   1    -0.128293196914E+03   -0.53770E-03   -0.19549E-02  6000   0.345E-01    0.153E-01
RMM:   2    -0.128292656773E+03    0.54014E-03   -0.18105E-03  5824   0.101E-01    0.793E-02
RMM:   3    -0.128292637298E+03    0.19475E-04   -0.22213E-04  5824   0.287E-02    0.818E-02
RMM:   4    -0.128292595963E+03    0.41335E-04   -0.42293E-05  4232   0.119E-02    0.454E-02
RMM:   5    -0.128292597395E+03   -0.14317E-05   -0.22360E-05  3748   0.849E-03
   8 F= -.12829260E+03 E0= -.12828245E+03  d E =-.165287E-02
 curvature:  -3.81 expect dE=-0.357E-02 dE for cont linesearch -0.158E-03
 ZBRENT: bracketing found
 ZBRENT: interpolating
 opt :   2.0872  next Energy=  -128.292662 (dE=-0.172E-02)
 bond charge predicted
       N       E                     dE             d eps       ncg     rms          rms(c)
DAV:   1    -0.128292901002E+03   -0.30504E-03   -0.93242E-03  6008   0.238E-01    0.106E-01
RMM:   2    -0.128292650370E+03    0.25063E-03   -0.84284E-04  5824   0.691E-02    0.505E-02
RMM:   3    -0.128292647686E+03    0.26837E-05   -0.11206E-04  5802   0.203E-02    0.542E-02
RMM:   4    -0.128292627698E+03    0.19988E-04   -0.22299E-05  3756   0.869E-03    0.283E-02
RMM:   5    -0.128292632366E+03   -0.46683E-05   -0.81164E-06  2955   0.523E-03
   9 F= -.12829263E+03 E0= -.12828250E+03  d E =-.168784E-02
 curvature:  -0.16 expect dE=-0.128E-03 dE for cont linesearch -0.178E-05
 trial: gam= 0.54851 g(F)=  0.282E-03 g(S)=  0.507E-03 ort =-0.139E-03 (trialstep = 0.186E+01)
 search vector abs. value=  0.116E-02
 bond charge predicted
       N       E                     dE             d eps       ncg     rms          rms(c)
DAV:   1    -0.128294247010E+03   -0.16193E-02   -0.33764E-01  5904   0.111E+00    0.170E-01
RMM:   2    -0.128293900434E+03    0.34658E-03   -0.39978E-03  5824   0.159E-01    0.821E-02
RMM:   3    -0.128293813365E+03    0.87069E-04   -0.34361E-04  5824   0.363E-02    0.829E-02
RMM:   4    -0.128293741257E+03    0.72108E-04   -0.99896E-05  5535   0.177E-02    0.398E-02
RMM:   5    -0.128293737757E+03    0.35002E-05   -0.36916E-05  3974   0.112E-02
  10 F= -.12829374E+03 E0= -.12828353E+03  d E =-.110539E-02
 trial-energy change:   -0.001105  1 .order   -0.001130   -0.001327   -0.000932
 step:   6.2559(harm=  6.2559)  dis= 0.00826  next Energy=  -128.294864 (dE=-0.223E-02)
 bond charge predicted
       N       E                     dE             d eps       ncg     rms          rms(c)
DAV:   1    -0.128297375175E+03   -0.36339E-02   -0.18877E+00  5920   0.262E+00    0.403E-01
RMM:   2    -0.128295429926E+03    0.19452E-02   -0.22438E-02  5824   0.376E-01    0.189E-01
RMM:   3    -0.128294826130E+03    0.60380E-03   -0.17430E-03  5824   0.826E-02    0.175E-01
RMM:   4    -0.128294522925E+03    0.30320E-03   -0.42080E-04  5824   0.370E-02    0.816E-02
RMM:   5    -0.128294486090E+03    0.36835E-04   -0.18076E-04  5824   0.249E-02    0.533E-02
RMM:   6    -0.128294457259E+03    0.28831E-04   -0.64242E-05  4618   0.141E-02    0.248E-02
RMM:   7    -0.128294456765E+03    0.49375E-06   -0.10948E-05  3214   0.608E-03
  11 F= -.12829446E+03 E0= -.12828426E+03  d E =-.182440E-02
 curvature:  -5.10 expect dE=-0.202E-02 dE for cont linesearch -0.481E-04
 ZBRENT: interpolating
 opt :   5.4961  next Energy=  -128.294497 (dE=-0.186E-02)
 bond charge predicted
       N       E                     dE             d eps       ncg     rms          rms(c)
DAV:   1    -0.128294599175E+03   -0.14192E-03   -0.56553E-02  6040   0.454E-01    0.705E-02
RMM:   2    -0.128294542931E+03    0.56245E-04   -0.66491E-04  5824   0.651E-02    0.338E-02
RMM:   3    -0.128294525806E+03    0.17124E-04   -0.56867E-05  5271   0.149E-02    0.328E-02
RMM:   4    -0.128294513286E+03    0.12520E-04   -0.16627E-05  3464   0.761E-03    0.166E-02
RMM:   5    -0.128294510923E+03    0.23630E-05   -0.67882E-06  2975   0.513E-03
  12 F= -.12829451E+03 E0= -.12828436E+03  d E =-.187856E-02
 curvature:  -4.22 expect dE=-0.138E-02 dE for cont linesearch -0.189E-05
 trial: gam= 0.23656 g(F)=  0.280E-03 g(S)=  0.477E-04 ort =-0.229E-04 (trialstep = 0.259E+01)
 search vector abs. value=  0.382E-03
 bond charge predicted
       N       E                     dE             d eps       ncg     rms          rms(c)
DAV:   1    -0.128296337641E+03   -0.18244E-02   -0.20273E-01  5888   0.890E-01    0.234E-01
RMM:   2    -0.128295342570E+03    0.99507E-03   -0.51097E-03  5824   0.170E-01    0.118E-01
RMM:   3    -0.128295310276E+03    0.32294E-04   -0.65821E-04  5824   0.488E-02    0.124E-01
RMM:   4    -0.128295167430E+03    0.14285E-03   -0.16140E-04  5798   0.225E-02    0.610E-02
RMM:   5    -0.128295169203E+03   -0.17722E-05   -0.48586E-05  4240   0.121E-02
  13 F= -.12829517E+03 E0= -.12828500E+03  d E =-.658279E-03
 trial-energy change:   -0.000658  1 .order   -0.000703   -0.000833   -0.000572
 step:   8.2574(harm=  8.2574)  dis= 0.00525  next Energy=  -128.295841 (dE=-0.133E-02)
 bond charge predicted
       N       E                     dE             d eps       ncg     rms          rms(c)
DAV:   1    -0.128301088719E+03   -0.59213E-02   -0.97422E-01  5904   0.195E+00    0.515E-01
RMM:   2    -0.128296296767E+03    0.47920E-02   -0.24701E-02  5824   0.373E-01    0.267E-01
RMM:   3    -0.128296104044E+03    0.19272E-03   -0.32520E-03  5824   0.108E-01    0.274E-01
RMM:   4    -0.128295382937E+03    0.72111E-03   -0.77455E-04  5824   0.497E-02    0.133E-01
RMM:   5    -0.128295401527E+03   -0.18590E-04   -0.25254E-04  5823   0.274E-02    0.103E-01
RMM:   6    -0.128295333374E+03    0.68153E-04   -0.17010E-04  5823   0.235E-02    0.338E-02
RMM:   7    -0.128295320947E+03    0.12427E-04   -0.26052E-05  3799   0.888E-03    0.121E-02
RMM:   8    -0.128295319633E+03    0.13140E-05   -0.42636E-06  3014   0.416E-03
  14 F= -.12829532E+03 E0= -.12828505E+03  d E =-.808709E-03
 curvature:  -4.89 expect dE=-0.592E-02 dE for cont linesearch -0.189E-03
 ZBRENT: interpolating
 opt :   6.2482  next Energy=  -128.295442 (dE=-0.931E-03)
 bond charge predicted
       N       E                     dE             d eps       ncg     rms          rms(c)
DAV:   1    -0.128296204312E+03   -0.88337E-03   -0.12258E-01  5920   0.692E-01    0.183E-01
RMM:   2    -0.128295607734E+03    0.59658E-03   -0.31039E-03  5824   0.133E-01    0.948E-02
RMM:   3    -0.128295580566E+03    0.27168E-04   -0.41499E-04  5824   0.386E-02    0.986E-02
RMM:   4    -0.128295482658E+03    0.97908E-04   -0.10264E-04  5416   0.180E-02    0.480E-02
RMM:   5    -0.128295477337E+03    0.53207E-05   -0.29316E-05  3854   0.961E-03
  15 F= -.12829548E+03 E0= -.12828520E+03  d E =-.966414E-03
 curvature:  -3.16 expect dE=-0.200E-02 dE for cont linesearch -0.112E-04
 trial: gam= 2.01471 g(F)=  0.436E-04 g(S)=  0.588E-03 ort =-0.368E-04 (trialstep = 0.623E+00)
 search vector abs. value=  0.203E-02
 bond charge predicted
       N       E                     dE             d eps       ncg     rms          rms(c)
DAV:   1    -0.128296181260E+03   -0.69860E-03   -0.63450E-02  5920   0.498E-01    0.128E-01
RMM:   2    -0.128295879580E+03    0.30168E-03   -0.16111E-03  5824   0.962E-02    0.683E-02
RMM:   3    -0.128295869105E+03    0.10476E-04   -0.23001E-04  5824   0.281E-02    0.763E-02
RMM:   4    -0.128295811357E+03    0.57748E-04   -0.58000E-05  4512   0.137E-02    0.362E-02
RMM:   5    -0.128295808933E+03    0.24240E-05   -0.14607E-05  3419   0.718E-03
  16 F= -.12829581E+03 E0= -.12828559E+03  d E =-.331595E-03
 ZBRENT: can't locate minimum, use default step
 trial-energy change:   -0.000332  1 .order   -0.000333   -0.000348   -0.000318
 step:   2.4931(harm=  7.4653)  dis= 0.00368  next Energy=  -128.297559 (dE=-0.208E-02)
 bond charge predicted
       N       E                     dE             d eps       ncg     rms          rms(c)
DAV:   1    -0.128299548970E+03   -0.37376E-02   -0.56964E-01  5840   0.149E+00    0.382E-01
RMM:   2    -0.128296746908E+03    0.28021E-02   -0.14210E-02  5824   0.285E-01    0.173E-01
RMM:   3    -0.128296638075E+03    0.10883E-03   -0.16372E-03  5824   0.774E-02    0.204E-01
RMM:   4    -0.128296287092E+03    0.35098E-03   -0.36521E-04  5823   0.342E-02    0.101E-01
RMM:   5    -0.128296295182E+03   -0.80901E-05   -0.14501E-04  5800   0.212E-02    0.773E-02
RMM:   6    -0.128296230798E+03    0.64384E-04   -0.98949E-05  5566   0.176E-02    0.223E-02
RMM:   7    -0.128296224323E+03    0.64748E-05   -0.11061E-05  3202   0.599E-03
  17 F= -.12829622E+03 E0= -.12828598E+03  d E =-.746985E-03
 curvature:  -6.42 expect dE=-0.649E-03 dE for cont linesearch -0.143E-05
 ZBRENT: extrapolating
 opt :   2.5742  next Energy=  -128.296225 (dE=-0.748E-03)
 bond charge predicted
       N       E                     dE             d eps       ncg     rms          rms(c)
DAV:   1    -0.128296228579E+03    0.22185E-05   -0.10428E-03  6112   0.637E-02    0.163E-02
RMM:   2    -0.128296224179E+03    0.44000E-05   -0.25873E-05  3046   0.125E-02
  18 F= -.12829622E+03 E0= -.12828599E+03  d E =-.746842E-03
 curvature:  -3.88 expect dE=-0.462E-03 dE for cont linesearch -0.311E-06
 trial: gam= 0.12525 g(F)=  0.910E-04 g(S)=  0.280E-04 ort =-0.128E-04 (trialstep = 0.101E+01)
 search vector abs. value=  0.148E-03
 bond charge predicted
       N       E                     dE             d eps       ncg     rms          rms(c)
DAV:   1    -0.128296389018E+03   -0.16044E-03   -0.11461E-02  5976   0.217E-01    0.521E-02
RMM:   2    -0.128296342076E+03    0.46942E-04   -0.23057E-04  5814   0.365E-02    0.334E-02
RMM:   3    -0.128296332492E+03    0.95833E-05   -0.35482E-05  3976   0.112E-02
  19 F= -.12829633E+03 E0= -.12828606E+03  d E =-.108313E-03
 ZBRENT: can't locate minimum, use default step
 trial-energy change:   -0.000108  1 .order   -0.000121   -0.000119   -0.000122
 step:   4.0538(harm=  4.0538)  dis= 0.00118  next Energy=  -128.296727 (dE=-0.503E-03)
 bond charge predicted
       N       E                     dE             d eps       ncg     rms          rms(c)
DAV:   1    -0.128297082671E+03   -0.74060E-03   -0.10314E-01  5944   0.650E-01    0.152E-01
RMM:   2    -0.128296652327E+03    0.43034E-03   -0.19235E-03  5824   0.107E-01    0.824E-02
RMM:   3    -0.128296591871E+03    0.60457E-04   -0.26980E-04  5824   0.312E-02    0.807E-02
RMM:   4    -0.128296515861E+03    0.76010E-04   -0.71566E-05  4973   0.155E-02    0.349E-02
RMM:   5    -0.128296509597E+03    0.62642E-05   -0.30623E-05  3837   0.103E-02
  20 F= -.12829651E+03 E0= -.12828622E+03  d E =-.285417E-03
 curvature:  -3.87 expect dE=-0.435E-03 dE for cont linesearch -0.655E-04
 ZBRENT: increasing intervall
 opt :  10.1345  next Energy=  -128.296383 (dE=-0.159E-03)
 bond charge predicted
       N       E                     dE             d eps       ncg     rms          rms(c)
DAV:   1    -0.128298504521E+03   -0.19887E-02   -0.41250E-01  5944   0.130E+00    0.299E-01
RMM:   2    -0.128296884677E+03    0.16198E-02   -0.76481E-03  5824   0.213E-01    0.156E-01
RMM:   3    -0.128296690613E+03    0.19406E-03   -0.10356E-03  5824   0.612E-02    0.156E-01
RMM:   4    -0.128296404850E+03    0.28576E-03   -0.27336E-04  5823   0.300E-02    0.658E-02
RMM:   5    -0.128296385684E+03    0.19166E-04   -0.10693E-04  5776   0.186E-02    0.469E-02
RMM:   6    -0.128296354164E+03    0.31520E-04   -0.43198E-05  4114   0.117E-02    0.149E-02
RMM:   7    -0.128296353239E+03    0.92532E-06   -0.61946E-06  3009   0.468E-03
  21 F= -.12829635E+03 E0= -.12828604E+03  d E =-.129059E-03
 curvature:   7.47 expect dE= 0.329E-02 dE for cont linesearch  0.224E-03
 ZBRENT: bracketing found
 ZBRENT: interpolating
 opt :   6.6601  next Energy=  -128.296575 (dE=-0.351E-03)
 bond charge predicted
       N       E                     dE             d eps       ncg     rms          rms(c)
DAV:   1    -0.128297208256E+03   -0.85409E-03   -0.13479E-01  5936   0.743E-01    0.172E-01
RMM:   2    -0.128296674455E+03    0.53380E-03   -0.24980E-03  5824   0.122E-01    0.898E-02
RMM:   3    -0.128296618884E+03    0.55571E-04   -0.34442E-04  5824   0.353E-02    0.904E-02
RMM:   4    -0.128296526331E+03    0.92553E-04   -0.94917E-05  5462   0.176E-02    0.388E-02
RMM:   5    -0.128296528193E+03   -0.18614E-05   -0.36967E-05  3970   0.109E-02
  22 F= -.12829653E+03 E0= -.12828628E+03  d E =-.304014E-03
 curvature:  -2.17 expect dE=-0.378E-03 dE for cont linesearch -0.115E-04
 ZBRENT: interpolating
 opt :   5.7253  next Energy=  -128.296541 (dE=-0.317E-03)
 bond charge predicted
       N       E                     dE             d eps       ncg     rms          rms(c)
DAV:   1    -0.128296571575E+03   -0.45243E-04   -0.97551E-03  6000   0.201E-01    0.476E-02
RMM:   2    -0.128296534211E+03    0.37363E-04   -0.19689E-04  5813   0.336E-02    0.309E-02
RMM:   3    -0.128296528569E+03    0.56423E-05   -0.33339E-05  3878   0.107E-02
  23 F= -.12829653E+03 E0= -.12828623E+03  d E =-.304390E-03
 curvature:  -2.47 expect dE=-0.500E-03 dE for cont linesearch -0.581E-05
 trial: gam= 1.69276 g(F)=  0.127E-04 g(S)=  0.190E-03 ort =-0.186E-04 (trialstep = 0.514E+00)
 search vector abs. value=  0.563E-03
 bond charge predicted
       N       E                     dE             d eps       ncg     rms          rms(c)
DAV:   1    -0.128296722513E+03   -0.18830E-03   -0.11790E-02  5968   0.235E-01    0.745E-02
RMM:   2    -0.128296605439E+03    0.11707E-03   -0.47270E-04  5824   0.517E-02    0.397E-02
RMM:   3    -0.128296604132E+03    0.13069E-05   -0.63999E-05  5222   0.151E-02
  24 F= -.12829660E+03 E0= -.12828635E+03  d E =-.755633E-04
 ZBRENT: can't locate minimum, use default step
 trial-energy change:   -0.000076  1 .order   -0.000092   -0.000088   -0.000095
 step:   2.0545(harm=  2.0545)  dis= 0.00098  next Energy=  -128.296940 (dE=-0.411E-03)
 bond charge predicted
       N       E                     dE             d eps       ncg     rms          rms(c)
DAV:   1    -0.128297944709E+03   -0.13393E-02   -0.10646E-01  5936   0.703E-01    0.229E-01
RMM:   2    -0.128296779200E+03    0.11655E-02   -0.42334E-03  5824   0.156E-01    0.112E-01
RMM:   3    -0.128296735936E+03    0.43264E-04   -0.53697E-04  5824   0.444E-02    0.123E-01
RMM:   4    -0.128296632035E+03    0.10390E-03   -0.11561E-04  5607   0.194E-02    0.636E-02
RMM:   5    -0.128296651732E+03   -0.19697E-04   -0.60918E-05  4559   0.138E-02    0.483E-02
RMM:   6    -0.128296634177E+03    0.17555E-04   -0.35572E-05  3923   0.110E-02    0.137E-02
RMM:   7    -0.128296632421E+03    0.17559E-05   -0.45039E-06  2980   0.412E-03
  25 F= -.12829663E+03 E0= -.12828628E+03  d E =-.103852E-03
 curvature:  -5.23 expect dE=-0.287E-03 dE for cont linesearch -0.113E-04
 ZBRENT: interpolating
 opt :   1.8110  next Energy=  -128.296637 (dE=-0.108E-03)
 bond charge predicted
       N       E                     dE             d eps       ncg     rms          rms(c)
DAV:   1    -0.128296678060E+03   -0.43883E-04   -0.26892E-03  6064   0.112E-01    0.370E-02
RMM:   2    -0.128296650428E+03    0.27633E-04   -0.10482E-04  5750   0.246E-02    0.162E-02
RMM:   3    -0.128296648358E+03    0.20701E-05   -0.12151E-05  3104   0.703E-03
  26 F= -.12829665E+03 E0= -.12828631E+03  d E =-.119789E-03
 curvature:  -1.97 expect dE=-0.911E-04 dE for cont linesearch -0.486E-05
 ZBRENT: bisectioning
 opt :   1.1623  next Energy=  -128.296675 (dE=-0.146E-03)
 bond charge predicted
       N       E                     dE             d eps       ncg     rms          rms(c)
DAV:   1    -0.128296885708E+03   -0.23528E-03   -0.18928E-02  5928   0.297E-01    0.968E-02
RMM:   2    -0.128296680000E+03    0.20571E-03   -0.74791E-04  5824   0.655E-02    0.462E-02
RMM:   3    -0.128296667678E+03    0.12322E-04   -0.89746E-05  5763   0.183E-02    0.509E-02
RMM:   4    -0.128296648128E+03    0.19550E-04   -0.17413E-05  3562   0.781E-03    0.265E-02
RMM:   5    -0.128296645703E+03    0.24250E-05   -0.10317E-05  2984   0.610E-03
  27 F= -.12829665E+03 E0= -.12828631E+03  d E =-.117134E-03
 curvature: -10.66 expect dE=-0.316E-03 dE for cont linesearch -0.252E-04
 ZBRENT: interpolating
 opt :   1.4830  next Energy=  -128.296652 (dE=-0.123E-03)
 bond charge predicted
       N       E                     dE             d eps       ncg     rms          rms(c)
DAV:   1    -0.128296699219E+03   -0.51091E-04   -0.46491E-03  5928   0.148E-01    0.480E-02
RMM:   2    -0.128296650042E+03    0.49177E-04   -0.18083E-04  5797   0.323E-02    0.225E-02
RMM:   3    -0.128296649681E+03    0.36060E-06   -0.23071E-05  3597   0.942E-03
  28 F= -.12829665E+03 E0= -.12828635E+03  d E =-.121112E-03
 curvature:  -2.48 expect dE=-0.143E-03 dE for cont linesearch -0.113E-04
 ZBRENT: interpolating
 opt :   1.6719  next Energy=  -128.296651 (dE=-0.122E-03)
 bond charge predicted
       N       E                     dE             d eps       ncg     rms          rms(c)
DAV:   1    -0.128296662783E+03   -0.12742E-04   -0.16097E-03  5992   0.878E-02    0.305E-02
RMM:   2    -0.128296643855E+03    0.18928E-04   -0.69703E-05  5639   0.198E-02    0.202E-02
RMM:   3    -0.128296643403E+03    0.45180E-06   -0.11109E-05  2993   0.644E-03
  29 F= -.12829664E+03 E0= -.12828629E+03  d E =-.114834E-03
 curvature:  -0.57 expect dE=-0.291E-04 dE for cont linesearch -0.725E-06
 ZBRENT: interpolating
 opt :   1.7301  next Energy=  -128.296644 (dE=-0.116E-03)
 bond charge predicted
       N       E                     dE             d eps       ncg     rms          rms(c)
DAV:   1    -0.128296644668E+03   -0.81286E-06   -0.15840E-04  6032   0.285E-02    0.142E-02
RMM:   2    -0.128296643628E+03    0.10401E-05   -0.86436E-06  2935   0.689E-03
  30 F= -.12829664E+03 E0= -.12828629E+03  d E =-.115059E-03
 curvature:  -0.61 expect dE=-0.302E-04 dE for cont linesearch -0.378E-07
 trial: gam= 0.25801 g(F)=  0.302E-04 g(S)=  0.192E-04 ort = 0.590E-05 (trialstep = 0.757E+00)
 search vector abs. value=  0.899E-04
 bond charge predicted
       N       E                     dE             d eps       ncg     rms          rms(c)
DAV:   1    -0.128296698313E+03   -0.53645E-04   -0.34024E-03  6008   0.124E-01    0.331E-02
RMM:   2    -0.128296676956E+03    0.21357E-04   -0.60678E-05  5611   0.188E-02    0.212E-02
RMM:   3    -0.128296675653E+03    0.13029E-05   -0.15078E-05  3414   0.718E-03
  31 F= -.12829668E+03 E0= -.12828636E+03  d E =-.320254E-04
 ZBRENT: can't locate minimum, use default step
 trial-energy change:   -0.000032  1 .order   -0.000041   -0.000039   -0.000044
 step:   3.0276(harm=  3.0276)  dis= 0.00051  next Energy=  -128.296844 (dE=-0.201E-03)
 bond charge predicted
       N       E                     dE             d eps       ncg     rms          rms(c)
DAV:   1    -0.128296967405E+03   -0.29045E-03   -0.30463E-02  6000   0.371E-01    0.928E-02
RMM:   2    -0.128296781958E+03    0.18545E-03   -0.49469E-04  5824   0.543E-02    0.466E-02
RMM:   3    -0.128296750854E+03    0.31105E-04   -0.89206E-05  5769   0.181E-02    0.448E-02
RMM:   4    -0.128296729033E+03    0.21821E-04   -0.24754E-05  3788   0.911E-03    0.176E-02
RMM:   5    -0.128296729612E+03   -0.57926E-06   -0.92518E-06  2978   0.600E-03
  32 F= -.12829673E+03 E0= -.12828632E+03  d E =-.859842E-04
 curvature:  -4.17 expect dE=-0.208E-03 dE for cont linesearch -0.439E-04
 ZBRENT: increasing intervall
 opt :   7.5690  next Energy=  -128.296743 (dE=-0.992E-04)
 bond charge predicted
       N       E                     dE             d eps       ncg     rms          rms(c)
DAV:   1    -0.128297665694E+03   -0.93666E-03   -0.12217E-01  6016   0.744E-01    0.182E-01
RMM:   2    -0.128296965199E+03    0.70049E-03   -0.19616E-03  5824   0.108E-01    0.873E-02
RMM:   3    -0.128296848379E+03    0.11682E-03   -0.32468E-04  5824   0.348E-02    0.857E-02
RMM:   4    -0.128296771857E+03    0.76522E-04   -0.93941E-05  5294   0.172E-02    0.369E-02
RMM:   5    -0.128296771886E+03   -0.28536E-07   -0.39484E-05  4020   0.115E-02
  33 F= -.12829677E+03 E0= -.12828631E+03  d E =-.128258E-03
 curvature:  -1.26 expect dE=-0.211E-03 dE for cont linesearch -0.180E-05
 trial: gam= 2.79634 g(F)=  0.831E-05 g(S)=  0.160E-03 ort = 0.113E-04 (trialstep = 0.204E+00)
 search vector abs. value=  0.935E-03
 bond charge predicted
       N       E                     dE             d eps       ncg     rms          rms(c)
DAV:   1    -0.128296806054E+03   -0.34196E-04   -0.24247E-03  6112   0.111E-01    0.319E-02
RMM:   2    -0.128296786224E+03    0.19830E-04   -0.59089E-05  5619   0.183E-02    0.174E-02
RMM:   3    -0.128296784060E+03    0.21635E-05   -0.12579E-05  3077   0.678E-03
  34 F= -.12829678E+03 E0= -.12828625E+03  d E =-.121742E-04
 ZBRENT: can't locate minimum, use default step
 trial-energy change:   -0.000012  1 .order   -0.000039   -0.000041   -0.000036
 step:   0.8156(harm=  1.9193)  dis= 0.00037  next Energy=  -128.296964 (dE=-0.192E-03)
 bond charge predicted
       N       E                     dE             d eps       ncg     rms          rms(c)
DAV:   1    -0.128297107831E+03   -0.32161E-03   -0.22024E-02  6008   0.329E-01    0.961E-02
RMM:   2    -0.128296907072E+03    0.20076E-03   -0.51084E-04  5824   0.539E-02    0.514E-02
RMM:   3    -0.128296883000E+03    0.24072E-04   -0.10881E-04  5790   0.194E-02    0.540E-02
RMM:   4    -0.128296848573E+03    0.34426E-04   -0.33416E-05  3952   0.105E-02    0.235E-02
RMM:   5    -0.128296846284E+03    0.22891E-05   -0.13380E-05  3246   0.688E-03
  35 F= -.12829685E+03 E0= -.12828634E+03  d E =-.743985E-04
 curvature:  -2.63 expect dE=-0.149E-03 dE for cont linesearch -0.373E-04
 trial: gam=-0.19587 g(F)=  0.134E-04 g(S)=  0.433E-04 ort = 0.115E-03 (trialstep = 0.326E+00)
 search vector abs. value=  0.475E-04
 reached required accuracy - stopping structural energy minimisation
