 running on  160 total cores
 distrk:  each k-point on   20 cores,    8 groups
 distr:  one band on    5 cores,    4 groups
 using from now: INCAR     
 vasp.5.4.1 05Feb16 (build Jan 29 2020 16:04:39) complex                        
  
 POSCAR found type information on POSCAR  Pt Au
 POSCAR found :  2 types and      32 ions
 scaLAPACK will be used

 ----------------------------------------------------------------------------- 
|                                                                             |
|           W    W    AA    RRRRR   N    N  II  N    N   GGGG   !!!           |
|           W    W   A  A   R    R  NN   N  II  NN   N  G    G  !!!           |
|           W    W  A    A  R    R  N N  N  II  N N  N  G       !!!           |
|           W WW W  AAAAAA  RRRRR   N  N N  II  N  N N  G  GGG   !            |
|           WW  WW  A    A  R   R   N   NN  II  N   NN  G    G                |
|           W    W  A    A  R    R  N    N  II  N    N   GGGG   !!!           |
|                                                                             |
|      For optimal performance we recommend to set                            |
|        NCORE= 4 - approx SQRT( number of cores)                             |
|      NCORE specifies how many cores store one orbital (NPAR=cpu/NCORE).     |
|      This setting can  greatly improve the performance of VASP for DFT.     |
|      The default, NPAR=number of cores might be grossly inefficient         |
|      on modern multi-core architectures or massively parallel machines.     |
|      Do your own testing !!!!                                               |
|      Unfortunately you need to use the default for GW and RPA calculations. |
|      (for HF NCORE is supported but not extensively tested yet)             |
|                                                                             |
 ----------------------------------------------------------------------------- 


 ----------------------------------------------------------------------------- 
|                                                                             |
|           W    W    AA    RRRRR   N    N  II  N    N   GGGG   !!!           |
|           W    W   A  A   R    R  NN   N  II  NN   N  G    G  !!!           |
|           W    W  A    A  R    R  N N  N  II  N N  N  G       !!!           |
|           W WW W  AAAAAA  RRRRR   N  N N  II  N  N N  G  GGG   !            |
|           WW  WW  A    A  R   R   N   NN  II  N   NN  G    G                |
|           W    W  A    A  R    R  N    N  II  N    N   GGGG   !!!           |
|                                                                             |
|      You have enabled k-point parallelism (KPAR>1).                         |
|      This developmental code was originally  written by Paul Kent at ORNL,  |
|      and carefully double checked in Vienna.                                |
|      GW as well as linear response parallelism added by Martijn Marsman     |
|      and Georg Kresse.                                                      |
|      Carefully verify results versus KPAR=1.                                |
|      Report problems to Paul Kent and Vienna.                               |
|                                                                             |
 ----------------------------------------------------------------------------- 

 LDA part: xc-table for Pade appr. of Perdew
 POSCAR, INCAR and KPOINTS ok, starting setup
 FFT: planning ...
 WAVECAR not read
 entering main loop
       N       E                     dE             d eps       ncg     rms          rms(c)
DAV:   1     0.155093300570E+04    0.15509E+04   -0.11989E+05  5616   0.102E+03
DAV:   2    -0.987537223552E+02   -0.16497E+04   -0.15569E+04  6088   0.270E+02
DAV:   3    -0.170209544494E+03   -0.71456E+02   -0.66292E+02  6120   0.503E+01
DAV:   4    -0.171730342901E+03   -0.15208E+01   -0.15064E+01  6136   0.716E+00
DAV:   5    -0.171766897662E+03   -0.36555E-01   -0.36517E-01  6168   0.988E-01    0.532E+01
RMM:   6    -0.162178073347E+03    0.95888E+01   -0.29310E+01  5600   0.124E+01    0.339E+01
RMM:   7    -0.165511903791E+03   -0.33338E+01   -0.14627E+01  5600   0.748E+00    0.235E+01
RMM:   8    -0.162074532422E+03    0.34374E+01   -0.69494E+00  5600   0.482E+00    0.125E+01
RMM:   9    -0.161371193506E+03    0.70334E+00   -0.27829E+00  5600   0.297E+00    0.812E+00
RMM:  10    -0.161062905466E+03    0.30829E+00   -0.98680E-01  5600   0.181E+00    0.482E+00
RMM:  11    -0.160877254516E+03    0.18565E+00   -0.31253E-01  5600   0.105E+00    0.236E+00
RMM:  12    -0.160845718084E+03    0.31536E-01   -0.51816E-02  5600   0.411E-01    0.145E+00
RMM:  13    -0.160833797378E+03    0.11921E-01   -0.19459E-02  5600   0.249E-01    0.758E-01
RMM:  14    -0.160833000579E+03    0.79680E-03   -0.68442E-03  5600   0.147E-01    0.427E-01
RMM:  15    -0.160831389082E+03    0.16115E-02   -0.11619E-03  5600   0.609E-02    0.229E-01
RMM:  16    -0.160831112617E+03    0.27647E-03   -0.89484E-04  5600   0.508E-02    0.156E-01
RMM:  17    -0.160830989399E+03    0.12322E-03   -0.15084E-04  5595   0.224E-02    0.687E-02
RMM:  18    -0.160830959066E+03    0.30333E-04   -0.50597E-05  4526   0.130E-02    0.283E-02
RMM:  19    -0.160830958324E+03    0.74247E-06   -0.12884E-05  3054   0.679E-03
   1 F= -.16083096E+03 E0= -.16083304E+03  d E =-.160831E+03
 curvature:   0.00 expect dE= 0.000E+00 dE for cont linesearch  0.000E+00
 trial: gam= 0.00000 g(F)=  0.142E+00 g(S)=  0.590E+00 ort = 0.000E+00 (trialstep = 0.100E+01)
 search vector abs. value=  0.731E+00
 bond charge predicted
       N       E                     dE             d eps       ncg     rms          rms(c)
DAV:   1    -0.164053938328E+03   -0.32230E+01   -0.66479E+01  5688   0.219E+01    0.108E+01
RMM:   2    -0.161401489603E+03    0.26524E+01   -0.74527E+00  5600   0.661E+00    0.362E+00
RMM:   3    -0.161366124203E+03    0.35365E-01   -0.62469E-01  5600   0.164E+00    0.360E+00
RMM:   4    -0.161321181584E+03    0.44943E-01   -0.95113E-02  5600   0.551E-01    0.255E+00
RMM:   5    -0.161335816851E+03   -0.14635E-01   -0.58087E-02  5600   0.447E-01    0.173E+00
RMM:   6    -0.161322819578E+03    0.12997E-01   -0.43598E-02  5600   0.387E-01    0.814E-01
RMM:   7    -0.161316594859E+03    0.62247E-02   -0.89644E-03  5600   0.174E-01    0.372E-01
RMM:   8    -0.161315275499E+03    0.13194E-02   -0.13890E-03  5600   0.691E-02    0.105E-01
RMM:   9    -0.161315192995E+03    0.82505E-04   -0.22912E-04  5600   0.291E-02    0.632E-02
RMM:  10    -0.161315165177E+03    0.27817E-04   -0.78606E-05  5555   0.170E-02    0.375E-02
RMM:  11    -0.161315172184E+03   -0.70067E-05   -0.16874E-05  3188   0.782E-03
   2 F= -.16131517E+03 E0= -.16131684E+03  d E =-.484214E+00
 trial-energy change:   -0.484214  1 .order   -0.477263   -0.731172   -0.223354
 step:   1.3946(harm=  1.4398)  dis= 0.01554  next Energy=  -161.359671 (dE=-0.529E+00)
 bond charge predicted
       N       E                     dE             d eps       ncg     rms          rms(c)
DAV:   1    -0.161783511770E+03   -0.46835E+00   -0.10446E+01  5816   0.872E+00    0.424E+00
RMM:   2    -0.161373855783E+03    0.40966E+00   -0.11426E+00  5600   0.261E+00    0.159E+00
RMM:   3    -0.161368657660E+03    0.51981E-02   -0.95295E-02  5600   0.641E-01    0.153E+00
RMM:   4    -0.161361983493E+03    0.66742E-02   -0.17909E-02  5600   0.239E-01    0.113E+00
RMM:   5    -0.161363707765E+03   -0.17243E-02   -0.10756E-02  5600   0.191E-01    0.743E-01
RMM:   6    -0.161361523826E+03    0.21839E-02   -0.79056E-03  5600   0.163E-01    0.348E-01
RMM:   7    -0.161360335349E+03    0.11885E-02   -0.16496E-03  5600   0.745E-02    0.139E-01
RMM:   8    -0.161360136025E+03    0.19932E-03   -0.21212E-04  5600   0.265E-02    0.340E-02
RMM:   9    -0.161360127383E+03    0.86419E-05   -0.28556E-05  3535   0.102E-02
   3 F= -.16136013E+03 E0= -.16136116E+03  d E =-.529169E+00
 curvature:  -0.71 expect dE=-0.876E-01 dE for cont linesearch -0.456E-04
 trial: gam= 0.15888 g(F)=  0.991E-01 g(S)=  0.239E-01 ort = 0.684E-02 (trialstep = 0.108E+01)
 search vector abs. value=  0.144E+00
 bond charge predicted
       N       E                     dE             d eps       ncg     rms          rms(c)
DAV:   1    -0.161467991470E+03   -0.10786E+00   -0.14357E+01  5600   0.705E+00    0.866E-01
RMM:   2    -0.161478459169E+03   -0.10468E-01   -0.15975E-01  5600   0.100E+00    0.579E-01
RMM:   3    -0.161479496330E+03   -0.10372E-02   -0.10973E-02  5600   0.201E-01    0.560E-01
RMM:   4    -0.161476223329E+03    0.32730E-02   -0.39225E-03  5600   0.110E-01    0.283E-01
RMM:   5    -0.161476313281E+03   -0.89952E-04   -0.17729E-03  5600   0.747E-02    0.252E-01
RMM:   6    -0.161475851596E+03    0.46169E-03   -0.69411E-04  5600   0.478E-02    0.953E-02
RMM:   7    -0.161475817651E+03    0.33945E-04   -0.22866E-04  5600   0.269E-02    0.794E-02
RMM:   8    -0.161475756669E+03    0.60982E-04   -0.96856E-05  5600   0.182E-02    0.348E-02
RMM:   9    -0.161475749114E+03    0.75551E-05   -0.15154E-05  3138   0.721E-03
   4 F= -.16147575E+03 E0= -.16147682E+03  d E =-.115622E+00
 trial-energy change:   -0.115622  1 .order   -0.115506   -0.133887   -0.097124
 step:   3.9293(harm=  3.9293)  dis= 0.04499  next Energy=  -161.603929 (dE=-0.244E+00)
 bond charge predicted
       N       E                     dE             d eps       ncg     rms          rms(c)
DAV:   1    -0.161554237213E+03   -0.78481E-01   -0.10052E+02  5600   0.187E+01    0.216E+00
RMM:   2    -0.161629181040E+03   -0.74944E-01   -0.11192E+00  5600   0.266E+00    0.141E+00
RMM:   3    -0.161634786960E+03   -0.56059E-02   -0.71564E-02  5600   0.517E-01    0.138E+00
RMM:   4    -0.161614585266E+03    0.20202E-01   -0.24769E-02  5600   0.277E-01    0.726E-01
RMM:   5    -0.161614651483E+03   -0.66216E-04   -0.11587E-02  5600   0.191E-01    0.612E-01
RMM:   6    -0.161611908799E+03    0.27427E-02   -0.45408E-03  5600   0.122E-01    0.240E-01
RMM:   7    -0.161611768629E+03    0.14017E-03   -0.14625E-03  5600   0.684E-02    0.213E-01
RMM:   8    -0.161611334337E+03    0.43429E-03   -0.63244E-04  5600   0.466E-02    0.854E-02
RMM:   9    -0.161611299846E+03    0.34491E-04   -0.11035E-04  5588   0.185E-02    0.522E-02
RMM:  10    -0.161611283405E+03    0.16441E-04   -0.21086E-05  3300   0.847E-03    0.195E-02
RMM:  11    -0.161611282939E+03    0.46559E-06   -0.81151E-06  3009   0.556E-03
   5 F= -.16161128E+03 E0= -.16161222E+03  d E =-.251156E+00
 curvature:  -2.27 expect dE=-0.201E-01 dE for cont linesearch -0.658E-03
 ZBRENT: extrapolating
 opt :   4.1492  next Energy=  -161.611992 (dE=-0.252E+00)
 bond charge predicted
       N       E                     dE             d eps       ncg     rms          rms(c)
DAV:   1    -0.161611696975E+03   -0.41357E-03   -0.59592E-01  5776   0.143E+00    0.162E-01
RMM:   2    -0.161612139999E+03   -0.44302E-03   -0.67468E-03  5600   0.204E-01    0.107E-01
RMM:   3    -0.161612171352E+03   -0.31353E-04   -0.43865E-04  5600   0.403E-02    0.104E-01
RMM:   4    -0.161612052787E+03    0.11857E-03   -0.14106E-04  5598   0.209E-02    0.545E-02
RMM:   5    -0.161612051565E+03    0.12218E-05   -0.65041E-05  4945   0.145E-02
   6 F= -.16161205E+03 E0= -.16161300E+03  d E =-.251924E+00
 curvature:  -2.45 expect dE=-0.217E-01 dE for cont linesearch -0.412E-05
 trial: gam= 0.02006 g(F)=  0.605E-02 g(S)=  0.282E-02 ort = 0.492E-03 (trialstep = 0.169E+01)
 search vector abs. value=  0.894E-02
 bond charge predicted
       N       E                     dE             d eps       ncg     rms          rms(c)
DAV:   1    -0.161648022645E+03   -0.35970E-01   -0.21370E+00  5704   0.318E+00    0.106E+00
RMM:   2    -0.161624666210E+03    0.23356E-01   -0.84301E-02  5600   0.709E-01    0.442E-01
RMM:   3    -0.161625436033E+03   -0.76982E-03   -0.91614E-03  5600   0.195E-01    0.552E-01
RMM:   4    -0.161623117852E+03    0.23182E-02   -0.23256E-03  5600   0.869E-02    0.280E-01
RMM:   5    -0.161623328562E+03   -0.21071E-03   -0.91805E-04  5600   0.568E-02    0.200E-01
RMM:   6    -0.161622995983E+03    0.33258E-03   -0.53323E-04  5600   0.418E-02    0.796E-02
RMM:   7    -0.161622942337E+03    0.53646E-04   -0.10199E-04  5547   0.183E-02    0.399E-02
RMM:   8    -0.161622927121E+03    0.15216E-04   -0.21077E-05  3223   0.901E-03    0.171E-02
RMM:   9    -0.161622926235E+03    0.88569E-06   -0.68419E-06  2940   0.516E-03
   7 F= -.16162293E+03 E0= -.16162396E+03  d E =-.108747E-01
 trial-energy change:   -0.010875  1 .order   -0.010831   -0.015025   -0.006638
 step:   2.9636(harm=  3.0329)  dis= 0.00691  next Energy=  -161.625435 (dE=-0.134E-01)
 bond charge predicted
       N       E                     dE             d eps       ncg     rms          rms(c)
DAV:   1    -0.161639739837E+03   -0.16813E-01   -0.12021E+00  5744   0.238E+00    0.794E-01
RMM:   2    -0.161626583261E+03    0.13157E-01   -0.47556E-02  5600   0.532E-01    0.321E-01
RMM:   3    -0.161626634880E+03   -0.51618E-04   -0.46767E-03  5600   0.142E-01    0.359E-01
RMM:   4    -0.161625768441E+03    0.86644E-03   -0.10260E-03  5600   0.573E-02    0.210E-01
RMM:   5    -0.161625847039E+03   -0.78597E-04   -0.49534E-04  5600   0.420E-02    0.139E-01
RMM:   6    -0.161625677629E+03    0.16941E-03   -0.30219E-04  5600   0.316E-02    0.553E-02
RMM:   7    -0.161625654357E+03    0.23272E-04   -0.47726E-05  4413   0.127E-02    0.312E-02
RMM:   8    -0.161625645506E+03    0.88511E-05   -0.11969E-05  2998   0.688E-03
   8 F= -.16162565E+03 E0= -.16162675E+03  d E =-.135939E-01
 curvature:  -1.52 expect dE=-0.133E-01 dE for cont linesearch -0.193E-04
 trial: gam= 0.94894 g(F)=  0.208E-02 g(S)=  0.665E-02 ort = 0.336E-03 (trialstep = 0.999E+00)
 search vector abs. value=  0.174E-01
 bond charge predicted
       N       E                     dE             d eps       ncg     rms          rms(c)
DAV:   1    -0.161639441472E+03   -0.13787E-01   -0.14014E+00  5728   0.237E+00    0.554E-01
RMM:   2    -0.161634060050E+03    0.53814E-02   -0.29339E-02  5600   0.419E-01    0.235E-01
RMM:   3    -0.161634250827E+03   -0.19078E-03   -0.31715E-03  5600   0.113E-01    0.311E-01
RMM:   4    -0.161633432125E+03    0.81870E-03   -0.86549E-04  5600   0.530E-02    0.143E-01
RMM:   5    -0.161633463029E+03   -0.30904E-04   -0.26245E-04  5600   0.298E-02    0.110E-01
RMM:   6    -0.161633404020E+03    0.59008E-04   -0.18965E-04  5600   0.252E-02    0.570E-02
RMM:   7    -0.161633381181E+03    0.22839E-04   -0.48623E-05  4414   0.127E-02    0.270E-02
RMM:   8    -0.161633374738E+03    0.64427E-05   -0.12388E-05  2998   0.695E-03
   9 F= -.16163337E+03 E0= -.16163437E+03  d E =-.772923E-02
 trial-energy change:   -0.007729  1 .order   -0.007634   -0.009046   -0.006222
 step:   2.4664(harm=  3.2006)  dis= 0.00865  next Energy=  -161.638244 (dE=-0.126E-01)
 bond charge predicted
       N       E                     dE             d eps       ncg     rms          rms(c)
DAV:   1    -0.161652437125E+03   -0.19056E-01   -0.30186E+00  5632   0.348E+00    0.817E-01
RMM:   2    -0.161640797108E+03    0.11640E-01   -0.63108E-02  5600   0.614E-01    0.342E-01
RMM:   3    -0.161640984949E+03   -0.18784E-03   -0.64602E-03  5600   0.163E-01    0.431E-01
RMM:   4    -0.161639478497E+03    0.15065E-02   -0.16674E-03  5600   0.733E-02    0.213E-01
RMM:   5    -0.161639522816E+03   -0.44319E-04   -0.54103E-04  5600   0.434E-02    0.156E-01
RMM:   6    -0.161639407813E+03    0.11500E-03   -0.40648E-04  5600   0.367E-02    0.842E-02
RMM:   7    -0.161639355243E+03    0.52570E-04   -0.99511E-05  5524   0.181E-02    0.381E-02
RMM:   8    -0.161639342818E+03    0.12425E-04   -0.23746E-05  3433   0.919E-03    0.219E-02
RMM:   9    -0.161639341286E+03    0.15318E-05   -0.76908E-06  2966   0.548E-03
  10 F= -.16163934E+03 E0= -.16164014E+03  d E =-.136958E-01
 curvature:  -2.74 expect dE=-0.445E-02 dE for cont linesearch -0.517E-03
 ZBRENT: extrapolating
 opt :   3.0693  next Energy=  -161.639888 (dE=-0.142E-01)
 bond charge predicted
       N       E                     dE             d eps       ncg     rms          rms(c)
DAV:   1    -0.161642088998E+03   -0.27462E-02   -0.51067E-01  5776   0.143E+00    0.335E-01
RMM:   2    -0.161640139966E+03    0.19490E-02   -0.10600E-02  5600   0.253E-01    0.144E-01
RMM:   3    -0.161640211571E+03   -0.71605E-04   -0.11297E-03  5600   0.678E-02    0.188E-01
RMM:   4    -0.161639919128E+03    0.29244E-03   -0.30411E-04  5600   0.313E-02    0.884E-02
RMM:   5    -0.161639933031E+03   -0.13904E-04   -0.99755E-05  5573   0.185E-02    0.674E-02
RMM:   6    -0.161639914194E+03    0.18838E-04   -0.71269E-05  5086   0.156E-02    0.335E-02
RMM:   7    -0.161639907207E+03    0.69863E-05   -0.16814E-05  3168   0.792E-03
  11 F= -.16163991E+03 E0= -.16164060E+03  d E =-.142617E-01
 curvature:  -2.90 expect dE=-0.673E-02 dE for cont linesearch -0.173E-06
 trial: gam= 0.34153 g(F)=  0.184E-02 g(S)=  0.480E-03 ort = 0.323E-04 (trialstep = 0.141E+01)
 search vector abs. value=  0.438E-02
 bond charge predicted
       N       E                     dE             d eps       ncg     rms          rms(c)
DAV:   1    -0.161643485991E+03   -0.35718E-02   -0.68557E-01  5696   0.160E+00    0.219E-01
RMM:   2    -0.161643151529E+03    0.33446E-03   -0.81208E-03  5600   0.229E-01    0.111E-01
RMM:   3    -0.161643147104E+03    0.44254E-05   -0.72952E-04  5600   0.517E-02    0.155E-01
RMM:   4    -0.161642886429E+03    0.26067E-03   -0.23790E-04  5600   0.276E-02    0.514E-02
RMM:   5    -0.161642882455E+03    0.39738E-05   -0.88726E-05  5436   0.167E-02
  12 F= -.16164288E+03 E0= -.16164349E+03  d E =-.297525E-02
 ZBRENT: can't locate minimum, use default step
 trial-energy change:   -0.002975  1 .order   -0.003001   -0.003300   -0.002702
 step:   5.6532(harm=  7.7997)  dis= 0.01049  next Energy=  -161.649013 (dE=-0.911E-02)
 bond charge predicted
       N       E                     dE             d eps       ncg     rms          rms(c)
DAV:   1    -0.161653070796E+03   -0.10184E-01   -0.61739E+00  5616   0.480E+00    0.658E-01
RMM:   2    -0.161649980313E+03    0.30905E-02   -0.72681E-02  5600   0.685E-01    0.342E-01
RMM:   3    -0.161650141911E+03   -0.16160E-03   -0.69618E-03  5600   0.159E-01    0.503E-01
RMM:   4    -0.161647552094E+03    0.25898E-02   -0.23765E-03  5600   0.877E-02    0.157E-01
RMM:   5    -0.161647603324E+03   -0.51230E-04   -0.79440E-04  5600   0.496E-02    0.186E-01
RMM:   6    -0.161647282791E+03    0.32053E-03   -0.35718E-04  5600   0.341E-02    0.587E-02
RMM:   7    -0.161647268782E+03    0.14009E-04   -0.78747E-05  4918   0.156E-02    0.450E-02
RMM:   8    -0.161647257447E+03    0.11335E-04   -0.20957E-05  3240   0.882E-03    0.268E-02
RMM:   9    -0.161647252413E+03    0.50343E-05   -0.85048E-06  2992   0.584E-03
  13 F= -.16164725E+03 E0= -.16164742E+03  d E =-.734521E-02
 curvature:  -6.49 expect dE=-0.604E-02 dE for cont linesearch -0.146E-03
 ZBRENT: extrapolating
 opt :   6.4875  next Energy=  -161.647384 (dE=-0.748E-02)
 bond charge predicted
       N       E                     dE             d eps       ncg     rms          rms(c)
DAV:   1    -0.161647571772E+03   -0.31432E-03   -0.23871E-01  5792   0.942E-01    0.129E-01
RMM:   2    -0.161647458475E+03    0.11330E-03   -0.28326E-03  5600   0.135E-01    0.664E-02
RMM:   3    -0.161647460244E+03   -0.17699E-05   -0.26330E-04  5600   0.308E-02    0.934E-02
RMM:   4    -0.161647364285E+03    0.95959E-04   -0.87543E-05  5315   0.168E-02    0.311E-02
RMM:   5    -0.161647363368E+03    0.91672E-06   -0.30679E-05  3716   0.101E-02
  14 F= -.16164736E+03 E0= -.16164745E+03  d E =-.745616E-02
 curvature:  -5.81 expect dE=-0.658E-02 dE for cont linesearch -0.617E-05
 trial: gam= 0.41707 g(F)=  0.810E-03 g(S)=  0.322E-03 ort = 0.682E-04 (trialstep = 0.243E+01)
 search vector abs. value=  0.195E-02
 bond charge predicted
       N       E                     dE             d eps       ncg     rms          rms(c)
DAV:   1    -0.161654302439E+03   -0.69382E-02   -0.94674E-01  5664   0.197E+00    0.518E-01
RMM:   2    -0.161649356594E+03    0.49458E-02   -0.23653E-02  5600   0.375E-01    0.195E-01
RMM:   3    -0.161649246816E+03    0.10978E-03   -0.20699E-03  5600   0.955E-02    0.211E-01
RMM:   4    -0.161649010282E+03    0.23653E-03   -0.39424E-04  5600   0.359E-02    0.130E-01
RMM:   5    -0.161649057563E+03   -0.47281E-04   -0.20331E-04  5600   0.263E-02    0.996E-02
RMM:   6    -0.161649004782E+03    0.52780E-04   -0.14249E-04  5600   0.218E-02    0.421E-02
RMM:   7    -0.161648991510E+03    0.13272E-04   -0.27503E-05  3531   0.996E-03    0.207E-02
RMM:   8    -0.161648986969E+03    0.45411E-05   -0.76064E-06  2939   0.563E-03
  15 F= -.16164899E+03 E0= -.16164891E+03  d E =-.162360E-02
 trial-energy change:   -0.001624  1 .order   -0.001706   -0.002818   -0.000595
 step:   3.3712(harm=  3.0785)  dis= 0.00434  next Energy=  -161.649098 (dE=-0.173E-02)
 bond charge predicted
       N       E                     dE             d eps       ncg     rms          rms(c)
DAV:   1    -0.161649817790E+03   -0.82628E-03   -0.14279E-01  5792   0.764E-01    0.201E-01
RMM:   2    -0.161649080585E+03    0.73721E-03   -0.35743E-03  5600   0.146E-01    0.780E-02
RMM:   3    -0.161649095697E+03   -0.15113E-04   -0.33437E-04  5600   0.378E-02    0.988E-02
RMM:   4    -0.161649032774E+03    0.62923E-04   -0.71462E-05  4907   0.154E-02    0.516E-02
RMM:   5    -0.161649044995E+03   -0.12222E-04   -0.30059E-05  3660   0.105E-02    0.423E-02
RMM:   6    -0.161649038383E+03    0.66122E-05   -0.23100E-05  3291   0.976E-03
  16 F= -.16164904E+03 E0= -.16164890E+03  d E =-.167501E-02
 curvature:  -2.06 expect dE=-0.234E-02 dE for cont linesearch -0.610E-05
 trial: gam= 1.07095 g(F)=  0.283E-03 g(S)=  0.850E-03 ort =-0.759E-04 (trialstep = 0.159E+01)
 search vector abs. value=  0.321E-02
 bond charge predicted
       N       E                     dE             d eps       ncg     rms          rms(c)
DAV:   1    -0.161651555648E+03   -0.25107E-02   -0.67910E-01  5616   0.159E+00    0.298E-01
RMM:   2    -0.161650356952E+03    0.11987E-02   -0.11430E-02  5600   0.263E-01    0.128E-01
RMM:   3    -0.161650355716E+03    0.12357E-05   -0.95844E-04  5600   0.633E-02    0.144E-01
RMM:   4    -0.161650187891E+03    0.16782E-03   -0.22576E-04  5600   0.270E-02    0.840E-02
RMM:   5    -0.161650187787E+03    0.10394E-06   -0.84430E-05  5218   0.164E-02
  17 F= -.16165019E+03 E0= -.16165006E+03  d E =-.114940E-02
 trial-energy change:   -0.001149  1 .order   -0.001152   -0.001675   -0.000629
 step:   2.5490(harm=  2.5490)  dis= 0.00481  next Energy=  -161.650380 (dE=-0.134E-02)
 bond charge predicted
       N       E                     dE             d eps       ncg     rms          rms(c)
DAV:   1    -0.161650815465E+03   -0.62757E-03   -0.24699E-01  5680   0.959E-01    0.186E-01
RMM:   2    -0.161650399903E+03    0.41556E-03   -0.42837E-03  5600   0.160E-01    0.107E-01
RMM:   3    -0.161650511994E+03   -0.11209E-03   -0.56112E-04  5600   0.444E-02    0.155E-01
RMM:   4    -0.161650296880E+03    0.21511E-03   -0.17456E-04  5600   0.246E-02    0.560E-02
RMM:   5    -0.161650287510E+03    0.93698E-05   -0.42831E-05  4191   0.116E-02
  18 F= -.16165029E+03 E0= -.16165020E+03  d E =-.124913E-02
 curvature:  -3.88 expect dE=-0.651E-03 dE for cont linesearch -0.222E-05
 ZBRENT: interpolating
 opt :   2.4554  next Energy=  -161.650290 (dE=-0.125E-02)
 bond charge predicted
       N       E                     dE             d eps       ncg     rms          rms(c)
DAV:   1    -0.161650280836E+03    0.16044E-04   -0.23648E-03  5824   0.941E-02    0.235E-02
RMM:   2    -0.161650291157E+03   -0.10321E-04   -0.71979E-05  5458   0.192E-02    0.408E-02
RMM:   3    -0.161650275354E+03    0.15803E-04   -0.15910E-05  3110   0.766E-03    0.107E-02
RMM:   4    -0.161650275065E+03    0.28851E-06   -0.35778E-06  2831   0.367E-03
  19 F= -.16165028E+03 E0= -.16165017E+03  d E =-.123668E-02
 curvature:  -3.51 expect dE=-0.596E-03 dE for cont linesearch -0.217E-05
 ZBRENT: bisectioning
 opt :   2.0231  next Energy=  -161.650296 (dE=-0.126E-02)
 bond charge predicted
       N       E                     dE             d eps       ncg     rms          rms(c)
DAV:   1    -0.161650349883E+03   -0.74530E-04   -0.50153E-02  5680   0.431E-01    0.818E-02
RMM:   2    -0.161650258149E+03    0.91734E-04   -0.84232E-04  5600   0.713E-02    0.349E-02
RMM:   3    -0.161650259292E+03   -0.11429E-05   -0.70767E-05  5503   0.172E-02
  20 F= -.16165026E+03 E0= -.16165016E+03  d E =-.122091E-02
 curvature: -33.92 expect dE=-0.649E-02 dE for cont linesearch -0.252E-03
 ZBRENT: interpolating
 opt :   2.3585  next Energy=  -161.650277 (dE=-0.124E-02)
 bond charge predicted
       N       E                     dE             d eps       ncg     rms          rms(c)
DAV:   1    -0.161650336693E+03   -0.78544E-04   -0.30033E-02  5680   0.335E-01    0.654E-02
RMM:   2    -0.161650296655E+03    0.40038E-04   -0.54368E-04  5600   0.567E-02    0.391E-02
RMM:   3    -0.161650309518E+03   -0.12863E-04   -0.73971E-05  5095   0.160E-02    0.534E-02
RMM:   4    -0.161650280093E+03    0.29425E-04   -0.21959E-05  3231   0.939E-03    0.162E-02
RMM:   5    -0.161650278153E+03    0.19404E-05   -0.40642E-06  2819   0.394E-03
  21 F= -.16165028E+03 E0= -.16165018E+03  d E =-.123977E-02
 curvature:  -0.29 expect dE=-0.500E-04 dE for cont linesearch -0.151E-07
 trial: gam=-0.02972 g(F)=  0.128E-03 g(S)=  0.441E-04 ort = 0.129E-04 (trialstep = 0.174E+01)
 search vector abs. value=  0.174E-03
 bond charge predicted
       N       E                     dE             d eps       ncg     rms          rms(c)
DAV:   1    -0.161650706328E+03   -0.42623E-03   -0.42101E-02  5648   0.411E-01    0.961E-02
RMM:   2    -0.161650558383E+03    0.14794E-03   -0.85097E-04  5600   0.715E-02    0.448E-02
RMM:   3    -0.161650578098E+03   -0.19716E-04   -0.11231E-04  5572   0.204E-02    0.699E-02
RMM:   4    -0.161650531647E+03    0.46451E-04   -0.35873E-05  3980   0.110E-02    0.245E-02
RMM:   5    -0.161650531059E+03    0.58855E-06   -0.10307E-05  2904   0.616E-03
  22 F= -.16165053E+03 E0= -.16165050E+03  d E =-.252906E-03
 trial-energy change:   -0.000253  1 .order   -0.000247   -0.000299   -0.000194
 step:   4.9655(harm=  4.9655)  dis= 0.00189  next Energy=  -161.650704 (dE=-0.426E-03)
 bond charge predicted
       N       E                     dE             d eps       ncg     rms          rms(c)
DAV:   1    -0.161651282512E+03   -0.75086E-03   -0.14364E-01  5616   0.760E-01    0.178E-01
RMM:   2    -0.161650770214E+03    0.51230E-03   -0.28988E-03  5600   0.132E-01    0.768E-02
RMM:   3    -0.161650797629E+03   -0.27415E-04   -0.33670E-04  5600   0.362E-02    0.110E-01
RMM:   4    -0.161650690959E+03    0.10667E-03   -0.98133E-05  5437   0.179E-02    0.433E-02
RMM:   5    -0.161650693698E+03   -0.27394E-05   -0.31205E-05  3766   0.104E-02
  23 F= -.16165069E+03 E0= -.16165079E+03  d E =-.415545E-03
 curvature:  -2.52 expect dE=-0.542E-03 dE for cont linesearch -0.103E-05
 trial: gam= 1.30282 g(F)=  0.314E-04 g(S)=  0.184E-03 ort =-0.844E-05 (trialstep = 0.851E+00)
 search vector abs. value=  0.488E-03
 bond charge predicted
       N       E                     dE             d eps       ncg     rms          rms(c)
DAV:   1    -0.161651043249E+03   -0.35229E-03   -0.26003E-02  5784   0.348E-01    0.105E-01
RMM:   2    -0.161650830163E+03    0.21309E-03   -0.83693E-04  5600   0.699E-02    0.564E-02
RMM:   3    -0.161650873446E+03   -0.43283E-04   -0.16286E-04  5599   0.235E-02    0.903E-02
RMM:   4    -0.161650798745E+03    0.74702E-04   -0.57550E-05  4655   0.141E-02    0.301E-02
RMM:   5    -0.161650797560E+03    0.11849E-05   -0.10384E-05  2892   0.613E-03
  24 F= -.16165080E+03 E0= -.16165095E+03  d E =-.103861E-03
 trial-energy change:   -0.000104  1 .order   -0.000136   -0.000174   -0.000099
 step:   1.9829(harm=  1.9829)  dis= 0.00106  next Energy=  -161.650896 (dE=-0.202E-03)
 bond charge predicted
       N       E                     dE             d eps       ncg     rms          rms(c)
DAV:   1    -0.161651301920E+03   -0.50318E-03   -0.46168E-02  5752   0.464E-01    0.141E-01
RMM:   2    -0.161650902327E+03    0.39959E-03   -0.14883E-03  5600   0.937E-02    0.729E-02
RMM:   3    -0.161650972200E+03   -0.69873E-04   -0.26893E-04  5600   0.307E-02    0.115E-01
RMM:   4    -0.161650852823E+03    0.11938E-03   -0.94870E-05  5444   0.179E-02    0.373E-02
RMM:   5    -0.161650861714E+03   -0.88901E-05   -0.22446E-05  3437   0.866E-03
  25 F= -.16165086E+03 E0= -.16165107E+03  d E =-.168015E-03
 curvature:  -2.37 expect dE=-0.169E-03 dE for cont linesearch -0.161E-07
 trial: gam= 0.16375 g(F)=  0.577E-04 g(S)=  0.135E-04 ort = 0.182E-05 (trialstep = 0.108E+01)
 search vector abs. value=  0.849E-04
 bond charge predicted
       N       E                     dE             d eps       ncg     rms          rms(c)
DAV:   1    -0.161650935122E+03   -0.82299E-04   -0.71354E-03  5816   0.168E-01    0.303E-02
RMM:   2    -0.161650936141E+03   -0.10183E-05   -0.10893E-04  5532   0.248E-02    0.346E-02
RMM:   3    -0.161650925874E+03    0.10266E-04   -0.16414E-05  3166   0.772E-03    0.179E-02
RMM:   4    -0.161650923449E+03    0.24248E-05   -0.79596E-06  2842   0.555E-03
  26 F= -.16165092E+03 E0= -.16165117E+03  d E =-.617359E-04
 ZBRENT: can't locate minimum, use default step
 trial-energy change:   -0.000062  1 .order   -0.000068   -0.000077   -0.000059
 step:   4.3089(harm=  4.6868)  dis= 0.00107  next Energy=  -161.651029 (dE=-0.167E-03)
 bond charge predicted
       N       E                     dE             d eps       ncg     rms          rms(c)
DAV:   1    -0.161651166612E+03   -0.24074E-03   -0.64262E-02  5680   0.501E-01    0.826E-02
RMM:   2    -0.161651088904E+03    0.77708E-04   -0.76389E-04  5600   0.688E-02    0.407E-02
RMM:   3    -0.161651071366E+03    0.17538E-04   -0.93188E-05  5573   0.180E-02    0.506E-02
RMM:   4    -0.161651045543E+03    0.25823E-04   -0.28790E-05  3700   0.964E-03    0.168E-02
RMM:   5    -0.161651045465E+03    0.77460E-07   -0.68848E-06  2872   0.503E-03
  27 F= -.16165105E+03 E0= -.16165139E+03  d E =-.183752E-03
 curvature:  -2.75 expect dE=-0.437E-04 dE for cont linesearch -0.722E-05
 trial: gam=-0.01954 g(F)=  0.698E-05 g(S)=  0.891E-05 ort = 0.149E-04 (trialstep = 0.172E+01)
 search vector abs. value=  0.153E-04
 reached required accuracy - stopping structural energy minimisation
