The current hostname is p0155.ten.osc.edu
The current working directory is /users/PAA0028/eragasa
Switching to the working directory /users/PAA0028/eragasa/repos/pymatmc2/tests/unittests/MultiCellMonteCarlo/simulations/fcc1_000_T400_P0
switching compiler chain
module load intel/19.0.5
module load intelmpi/2019.3
VASP_STD_BIN=/users/PAA0028/eragasa/bin/vasp_std
 running on   40 total cores
 distrk:  each k-point on    5 cores,    8 groups

-----------------------
Resources requested:
nodes=1:ppn=40
mem=190440mb
-----------------------
Resources used:
cput=00:00:20
walltime=00:00:04
mem=0.001GB
vmem=0.000GB
-----------------------
Resource units charged (estimate):
0.004 RUs
-----------------------
The current hostname is p0032.ten.osc.edu
The current working directory is /users/PAA0028/eragasa
Switching to the working directory /users/PAA0028/eragasa/repos/pymatmc2/tests/unittests/MultiCellMonteCarlo/simulations/fcc1_000_T400_P0
switching compiler chain
module load intel/19.0.5
module load intelmpi/2019.3
VASP_STD_BIN=/users/PAA0028/eragasa/bin/vasp_std
 running on  160 total cores
 distrk:  each k-point on   20 cores,    8 groups
 distr:  one band on    5 cores,    4 groups
 using from now: INCAR     
 vasp.5.4.1 05Feb16 (build Jan 29 2020 16:04:39) complex                        
  
 POSCAR found type information on POSCAR  Pt Au
 POSCAR found :  2 types and      32 ions
 scaLAPACK will be used

 ----------------------------------------------------------------------------- 
|                                                                             |
|           W    W    AA    RRRRR   N    N  II  N    N   GGGG   !!!           |
|           W    W   A  A   R    R  NN   N  II  NN   N  G    G  !!!           |
|           W    W  A    A  R    R  N N  N  II  N N  N  G       !!!           |
|           W WW W  AAAAAA  RRRRR   N  N N  II  N  N N  G  GGG   !            |
|           WW  WW  A    A  R   R   N   NN  II  N   NN  G    G                |
|           W    W  A    A  R    R  N    N  II  N    N   GGGG   !!!           |
|                                                                             |
|      For optimal performance we recommend to set                            |
|        NCORE= 4 - approx SQRT( number of cores)                             |
|      NCORE specifies how many cores store one orbital (NPAR=cpu/NCORE).     |
|      This setting can  greatly improve the performance of VASP for DFT.     |
|      The default, NPAR=number of cores might be grossly inefficient         |
|      on modern multi-core architectures or massively parallel machines.     |
|      Do your own testing !!!!                                               |
|      Unfortunately you need to use the default for GW and RPA calculations. |
|      (for HF NCORE is supported but not extensively tested yet)             |
|                                                                             |
 ----------------------------------------------------------------------------- 


 ----------------------------------------------------------------------------- 
|                                                                             |
|           W    W    AA    RRRRR   N    N  II  N    N   GGGG   !!!           |
|           W    W   A  A   R    R  NN   N  II  NN   N  G    G  !!!           |
|           W    W  A    A  R    R  N N  N  II  N N  N  G       !!!           |
|           W WW W  AAAAAA  RRRRR   N  N N  II  N  N N  G  GGG   !            |
|           WW  WW  A    A  R   R   N   NN  II  N   NN  G    G                |
|           W    W  A    A  R    R  N    N  II  N    N   GGGG   !!!           |
|                                                                             |
|      You have enabled k-point parallelism (KPAR>1).                         |
|      This developmental code was originally  written by Paul Kent at ORNL,  |
|      and carefully double checked in Vienna.                                |
|      GW as well as linear response parallelism added by Martijn Marsman     |
|      and Georg Kresse.                                                      |
|      Carefully verify results versus KPAR=1.                                |
|      Report problems to Paul Kent and Vienna.                               |
|                                                                             |
 ----------------------------------------------------------------------------- 

 LDA part: xc-table for Pade appr. of Perdew
 POSCAR, INCAR and KPOINTS ok, starting setup
 FFT: planning ...
 WAVECAR not read
 entering main loop
       N       E                     dE             d eps       ncg     rms          rms(c)
DAV:   1     0.171695334789E+04    0.17170E+04   -0.12628E+05  5856   0.103E+03
DAV:   2    -0.627247374195E+02   -0.17797E+04   -0.16826E+04  6272   0.278E+02
DAV:   3    -0.134119333310E+03   -0.71395E+02   -0.68766E+02  6272   0.517E+01
DAV:   4    -0.135208311617E+03   -0.10890E+01   -0.10830E+01  6224   0.633E+00
DAV:   5    -0.135226360565E+03   -0.18049E-01   -0.18032E-01  6232   0.767E-01    0.538E+01
RMM:   6    -0.127298336378E+03    0.79280E+01   -0.29770E+01  5824   0.119E+01    0.381E+01
RMM:   7    -0.128264126880E+03   -0.96579E+00   -0.15359E+01  5824   0.756E+00    0.224E+01
RMM:   8    -0.125037359184E+03    0.32268E+01   -0.39497E+00  5824   0.369E+00    0.619E+00
RMM:   9    -0.125045126477E+03   -0.77673E-02   -0.79919E-01  5824   0.157E+00    0.336E+00
RMM:  10    -0.124957397625E+03    0.87729E-01   -0.24199E-01  5824   0.853E-01    0.208E+00
RMM:  11    -0.124920064085E+03    0.37334E-01   -0.61603E-02  5824   0.421E-01    0.622E-01
RMM:  12    -0.124918206594E+03    0.18575E-02   -0.73068E-03  5824   0.140E-01    0.352E-01
RMM:  13    -0.124916111620E+03    0.20950E-02   -0.19034E-03  5824   0.740E-02    0.161E-01
RMM:  14    -0.124915913230E+03    0.19839E-03   -0.20516E-04  5823   0.250E-02    0.889E-02
RMM:  15    -0.124915835588E+03    0.77642E-04   -0.12757E-04  5511   0.187E-02    0.298E-02
RMM:  16    -0.124915826481E+03    0.91071E-05   -0.29826E-05  3857   0.847E-03
   1 F= -.12491583E+03 E0= -.12491086E+03  d E =-.124916E+03
 curvature:   0.00 expect dE= 0.000E+00 dE for cont linesearch  0.000E+00
 trial: gam= 0.00000 g(F)=  0.157E+00 g(S)=  0.215E+00 ort = 0.000E+00 (trialstep = 0.100E+01)
 search vector abs. value=  0.372E+00
 bond charge predicted
       N       E                     dE             d eps       ncg     rms          rms(c)
DAV:   1    -0.126264812040E+03   -0.13490E+01   -0.35172E+01  6000   0.148E+01    0.666E+00
RMM:   2    -0.125278648018E+03    0.98616E+00   -0.33210E+00  5824   0.439E+00    0.313E+00
RMM:   3    -0.125265764145E+03    0.12884E-01   -0.43179E-01  5824   0.125E+00    0.364E+00
RMM:   4    -0.125181286327E+03    0.84478E-01   -0.80516E-02  5824   0.507E-01    0.197E+00
RMM:   5    -0.125189787388E+03   -0.85011E-02   -0.25710E-02  5824   0.275E-01    0.925E-01
RMM:   6    -0.125180671882E+03    0.91155E-02   -0.17585E-02  5824   0.224E-01    0.213E-01
RMM:   7    -0.125180078972E+03    0.59291E-03   -0.81349E-04  5824   0.503E-02    0.822E-02
RMM:   8    -0.125179988036E+03    0.90937E-04   -0.17661E-04  5823   0.242E-02    0.269E-02
RMM:   9    -0.125179988986E+03   -0.94972E-06   -0.19655E-05  3424   0.837E-03
   2 F= -.12517999E+03 E0= -.12517475E+03  d E =-.264163E+00
 trial-energy change:   -0.264163  1 .order   -0.265657   -0.371927   -0.159386
 step:   1.8120(harm=  1.7499)  dis= 0.02227  next Energy=  -125.243896 (dE=-0.328E+00)
 bond charge predicted
       N       E                     dE             d eps       ncg     rms          rms(c)
DAV:   1    -0.125965567132E+03   -0.78558E+00   -0.23122E+01  5928   0.119E+01    0.544E+00
RMM:   2    -0.125314878589E+03    0.65069E+00   -0.22508E+00  5824   0.359E+00    0.256E+00
RMM:   3    -0.125307413869E+03    0.74647E-02   -0.30248E-01  5824   0.104E+00    0.299E+00
RMM:   4    -0.125246444924E+03    0.60969E-01   -0.56899E-02  5824   0.425E-01    0.157E+00
RMM:   5    -0.125252360402E+03   -0.59155E-02   -0.17849E-02  5824   0.227E-01    0.802E-01
RMM:   6    -0.125246020824E+03    0.63396E-02   -0.12089E-02  5824   0.185E-01    0.174E-01
RMM:   7    -0.125245629150E+03    0.39167E-03   -0.56679E-04  5824   0.416E-02    0.696E-02
RMM:   8    -0.125245564192E+03    0.64957E-04   -0.11691E-04  5817   0.199E-02    0.222E-02
RMM:   9    -0.125245564994E+03   -0.80191E-06   -0.15739E-05  3257   0.752E-03
   3 F= -.12524556E+03 E0= -.12524022E+03  d E =-.329739E+00
 curvature:  -0.87 expect dE=-0.932E-01 dE for cont linesearch -0.148E-04
 trial: gam= 0.28171 g(F)=  0.617E-01 g(S)=  0.456E-01 ort = 0.252E-02 (trialstep = 0.116E+01)
 search vector abs. value=  0.138E+00
 bond charge predicted
       N       E                     dE             d eps       ncg     rms          rms(c)
DAV:   1    -0.125391822532E+03   -0.14626E+00   -0.16723E+01  5840   0.772E+00    0.156E+00
RMM:   2    -0.125363551758E+03    0.28271E-01   -0.29577E-01  5824   0.130E+00    0.843E-01
RMM:   3    -0.125362362387E+03    0.11894E-02   -0.31946E-02  5824   0.343E-01    0.748E-01
RMM:   4    -0.125356558315E+03    0.58041E-02   -0.69275E-03  5824   0.147E-01    0.366E-01
RMM:   5    -0.125356609903E+03   -0.51588E-04   -0.19776E-03  5824   0.771E-02    0.242E-01
RMM:   6    -0.125356203066E+03    0.40684E-03   -0.10445E-03  5824   0.582E-02    0.511E-02
RMM:   7    -0.125356203683E+03   -0.61660E-06   -0.13395E-04  5768   0.199E-02    0.472E-02
RMM:   8    -0.125356173635E+03    0.30048E-04   -0.38412E-05  4016   0.109E-02    0.156E-02
RMM:   9    -0.125356174263E+03   -0.62814E-06   -0.66993E-06  3084   0.518E-03
   4 F= -.12535617E+03 E0= -.12535024E+03  d E =-.110609E+00
 ZBRENT: can't locate minimum, use default step
 trial-energy change:   -0.110609  1 .order   -0.110496   -0.125545   -0.095447
 step:   4.6496(harm=  4.8485)  dis= 0.04844  next Energy=  -125.507400 (dE=-0.262E+00)
 bond charge predicted
       N       E                     dE             d eps       ncg     rms          rms(c)
DAV:   1    -0.125818906551E+03   -0.46273E+00   -0.14946E+02  5824   0.229E+01    0.474E+00
RMM:   2    -0.125554704528E+03    0.26420E+00   -0.26467E+00  5824   0.383E+00    0.241E+00
RMM:   3    -0.125549586178E+03    0.51183E-02   -0.27183E-01  5824   0.101E+00    0.219E+00
RMM:   4    -0.125501588967E+03    0.47997E-01   -0.60740E-02  5824   0.435E-01    0.108E+00
RMM:   5    -0.125501790307E+03   -0.20134E-03   -0.17119E-02  5824   0.229E-01    0.698E-01
RMM:   6    -0.125498198032E+03    0.35923E-02   -0.82521E-03  5824   0.166E-01    0.128E-01
RMM:   7    -0.125498206428E+03   -0.83964E-05   -0.10461E-03  5824   0.560E-02    0.131E-01
RMM:   8    -0.125497974889E+03    0.23154E-03   -0.30101E-04  5824   0.302E-02    0.451E-02
RMM:   9    -0.125497973768E+03    0.11204E-05   -0.46530E-05  4179   0.123E-02
   5 F= -.12549797E+03 E0= -.12549092E+03  d E =-.252409E+00
 curvature:  -3.09 expect dE=-0.297E-01 dE for cont linesearch -0.206E-03
 ZBRENT: interpolating
 opt :   4.5252  next Energy=  -125.498163 (dE=-0.253E+00)
 bond charge predicted
       N       E                     dE             d eps       ncg     rms          rms(c)
DAV:   1    -0.125498536909E+03   -0.56202E-03   -0.19212E-01  6064   0.832E-01    0.169E-01
RMM:   2    -0.125498221063E+03    0.31585E-03   -0.33361E-03  5824   0.140E-01    0.973E-02
RMM:   3    -0.125498196754E+03    0.24308E-04   -0.37126E-04  5824   0.368E-02    0.832E-02
RMM:   4    -0.125498126006E+03    0.70749E-04   -0.79215E-05  5013   0.159E-02    0.428E-02
RMM:   5    -0.125498121999E+03    0.40065E-05   -0.25144E-05  3756   0.926E-03
   6 F= -.12549812E+03 E0= -.12549108E+03  d E =-.252557E+00
 curvature:  -2.83 expect dE=-0.235E-01 dE for cont linesearch -0.250E-05
 trial: gam= 0.16167 g(F)=  0.336E-02 g(S)=  0.492E-02 ort = 0.349E-03 (trialstep = 0.183E+01)
 search vector abs. value=  0.120E-01
 bond charge predicted
       N       E                     dE             d eps       ncg     rms          rms(c)
DAV:   1    -0.125554903057E+03   -0.56777E-01   -0.34823E+00  5912   0.400E+00    0.140E+00
RMM:   2    -0.125514091739E+03    0.40811E-01   -0.16156E-01  5824   0.962E-01    0.620E-01
RMM:   3    -0.125513399932E+03    0.69181E-03   -0.21093E-02  5824   0.273E-01    0.780E-01
RMM:   4    -0.125509060624E+03    0.43393E-02   -0.40552E-03  5824   0.116E-01    0.378E-01
RMM:   5    -0.125509312135E+03   -0.25151E-03   -0.15055E-03  5824   0.676E-02    0.223E-01
RMM:   6    -0.125508793545E+03    0.51859E-03   -0.84899E-04  5824   0.504E-02    0.336E-02
RMM:   7    -0.125508782870E+03    0.10675E-04   -0.46965E-05  4083   0.121E-02    0.224E-02
RMM:   8    -0.125508776872E+03    0.59981E-05   -0.12374E-05  3200   0.693E-03
   7 F= -.12550878E+03 E0= -.12550157E+03  d E =-.106549E-01
 trial-energy change:   -0.010655  1 .order   -0.010532   -0.015307   -0.005757
 step:   2.8234(harm=  2.9410)  dis= 0.00811  next Energy=  -125.510347 (dE=-0.122E-01)
 bond charge predicted
       N       E                     dE             d eps       ncg     rms          rms(c)
DAV:   1    -0.125523939596E+03   -0.15157E-01   -0.10080E+00  5944   0.215E+00    0.750E-01
RMM:   2    -0.125512166897E+03    0.11773E-01   -0.47036E-02  5824   0.517E-01    0.333E-01
RMM:   3    -0.125511963163E+03    0.20373E-03   -0.61459E-03  5824   0.147E-01    0.420E-01
RMM:   4    -0.125510692540E+03    0.12706E-02   -0.11895E-03  5824   0.626E-02    0.202E-01
RMM:   5    -0.125510756876E+03   -0.64336E-04   -0.43824E-04  5824   0.364E-02    0.122E-01
RMM:   6    -0.125510597139E+03    0.15974E-03   -0.24494E-04  5823   0.272E-02    0.180E-02
RMM:   7    -0.125510594001E+03    0.31381E-05   -0.13350E-05  3455   0.655E-03
   8 F= -.12551059E+03 E0= -.12550332E+03  d E =-.124720E-01
 curvature:  -2.09 expect dE=-0.834E-02 dE for cont linesearch -0.396E-04
 trial: gam= 0.44084 g(F)=  0.169E-02 g(S)=  0.230E-02 ort = 0.477E-03 (trialstep = 0.203E+01)
 search vector abs. value=  0.674E-02
 bond charge predicted
       N       E                     dE             d eps       ncg     rms          rms(c)
DAV:   1    -0.125527854531E+03   -0.17257E-01   -0.21918E+00  5944   0.294E+00    0.681E-01
RMM:   2    -0.125519923113E+03    0.79314E-02   -0.42429E-02  5824   0.499E-01    0.363E-01
RMM:   3    -0.125519189949E+03    0.73316E-03   -0.56822E-03  5824   0.143E-01    0.350E-01
RMM:   4    -0.125517804571E+03    0.13854E-02   -0.14630E-03  5824   0.683E-02    0.156E-01
RMM:   5    -0.125517751979E+03    0.52592E-04   -0.54218E-04  5824   0.412E-02    0.103E-01
RMM:   6    -0.125517627760E+03    0.12422E-03   -0.22749E-04  5824   0.267E-02    0.238E-02
RMM:   7    -0.125517629034E+03   -0.12742E-05   -0.18336E-05  3659   0.750E-03
   9 F= -.12551763E+03 E0= -.12551029E+03  d E =-.703503E-02
 trial-energy change:   -0.007035  1 .order   -0.006958   -0.008530   -0.005386
 step:   4.6390(harm=  5.5153)  dis= 0.00855  next Energy=  -125.521245 (dE=-0.107E-01)
 bond charge predicted
       N       E                     dE             d eps       ncg     rms          rms(c)
DAV:   1    -0.125538566274E+03   -0.20939E-01   -0.36014E+00  5968   0.377E+00    0.873E-01
RMM:   2    -0.125525464058E+03    0.13102E-01   -0.69382E-02  5824   0.638E-01    0.463E-01
RMM:   3    -0.125524239101E+03    0.12250E-02   -0.91844E-03  5824   0.183E-01    0.445E-01
RMM:   4    -0.125522022504E+03    0.22166E-02   -0.23723E-03  5824   0.869E-02    0.200E-01
RMM:   5    -0.125521929343E+03    0.93161E-04   -0.88771E-04  5824   0.530E-02    0.130E-01
RMM:   6    -0.125521728164E+03    0.20118E-03   -0.36616E-04  5824   0.339E-02    0.298E-02
RMM:   7    -0.125521730337E+03   -0.21737E-05   -0.28626E-05  3835   0.935E-03
  10 F= -.12552173E+03 E0= -.12551442E+03  d E =-.111363E-01
 curvature:  -4.15 expect dE=-0.755E-02 dE for cont linesearch -0.157E-03
 ZBRENT: extrapolating
 opt :   5.2519  next Energy=  -125.521885 (dE=-0.113E-01)
 bond charge predicted
       N       E                     dE             d eps       ncg     rms          rms(c)
DAV:   1    -0.125522767750E+03   -0.10396E-02   -0.19917E-01  6048   0.887E-01    0.204E-01
RMM:   2    -0.125522047229E+03    0.72052E-03   -0.38231E-03  5824   0.150E-01    0.110E-01
RMM:   3    -0.125521981580E+03    0.65649E-04   -0.50272E-04  5824   0.428E-02    0.104E-01
RMM:   4    -0.125521864820E+03    0.11676E-03   -0.12918E-04  5745   0.203E-02    0.485E-02
RMM:   5    -0.125521863742E+03    0.10778E-05   -0.47754E-05  4188   0.126E-02
  11 F= -.12552186E+03 E0= -.12551455E+03  d E =-.112697E-01
 curvature:  -4.09 expect dE=-0.102E-01 dE for cont linesearch -0.405E-05
 trial: gam= 0.70151 g(F)=  0.101E-02 g(S)=  0.149E-02 ort = 0.817E-04 (trialstep = 0.268E+01)
 search vector abs. value=  0.593E-02
 bond charge predicted
       N       E                     dE             d eps       ncg     rms          rms(c)
DAV:   1    -0.125549936365E+03   -0.28072E-01   -0.30490E+00  6000   0.366E+00    0.963E-01
RMM:   2    -0.125531128882E+03    0.18807E-01   -0.67188E-02  5824   0.633E-01    0.463E-01
RMM:   3    -0.125529328195E+03    0.18007E-02   -0.99237E-03  5824   0.190E-01    0.496E-01
RMM:   4    -0.125526727369E+03    0.26008E-02   -0.26320E-03  5824   0.915E-02    0.214E-01
RMM:   5    -0.125526489418E+03    0.23795E-03   -0.10358E-03  5824   0.593E-02    0.129E-01
RMM:   6    -0.125526257536E+03    0.23188E-03   -0.37602E-04  5824   0.335E-02    0.350E-02
RMM:   7    -0.125526257552E+03   -0.15723E-07   -0.28208E-05  3833   0.903E-03
  12 F= -.12552626E+03 E0= -.12551902E+03  d E =-.439381E-02
 trial-energy change:   -0.004394  1 .order   -0.004602   -0.006841   -0.002363
 step:   4.0885(harm=  4.0885)  dis= 0.00750  next Energy=  -125.527089 (dE=-0.522E-02)
 bond charge predicted
       N       E                     dE             d eps       ncg     rms          rms(c)
DAV:   1    -0.125533392090E+03   -0.71346E-02   -0.84689E-01  6016   0.193E+00    0.505E-01
RMM:   2    -0.125528185588E+03    0.52065E-02   -0.18687E-02  5824   0.333E-01    0.244E-01
RMM:   3    -0.125527666713E+03    0.51888E-03   -0.27346E-03  5824   0.996E-02    0.259E-01
RMM:   4    -0.125526952202E+03    0.71451E-03   -0.72630E-04  5824   0.481E-02    0.112E-01
RMM:   5    -0.125526877695E+03    0.74507E-04   -0.28657E-04  5824   0.312E-02    0.668E-02
RMM:   6    -0.125526813039E+03    0.64656E-04   -0.10200E-04  5442   0.175E-02    0.183E-02
RMM:   7    -0.125526812892E+03    0.14683E-06   -0.73514E-06  3113   0.489E-03
  13 F= -.12552681E+03 E0= -.12551964E+03  d E =-.494915E-02
 curvature:  -4.74 expect dE=-0.867E-02 dE for cont linesearch -0.800E-08
 trial: gam= 0.62137 g(F)=  0.972E-03 g(S)=  0.855E-03 ort = 0.316E-05 (trialstep = 0.296E+01)
 search vector abs. value=  0.412E-02
 bond charge predicted
       N       E                     dE             d eps       ncg     rms          rms(c)
DAV:   1    -0.125548653583E+03   -0.21841E-01   -0.25293E+00  6032   0.333E+00    0.835E-01
RMM:   2    -0.125534359731E+03    0.14294E-01   -0.49450E-02  5824   0.541E-01    0.389E-01
RMM:   3    -0.125532584591E+03    0.17751E-02   -0.71404E-03  5824   0.162E-01    0.420E-01
RMM:   4    -0.125530771993E+03    0.18126E-02   -0.19342E-03  5824   0.786E-02    0.176E-01
RMM:   5    -0.125530651159E+03    0.12083E-03   -0.82888E-04  5824   0.522E-02    0.118E-01
RMM:   6    -0.125530472389E+03    0.17877E-03   -0.29282E-04  5823   0.298E-02    0.327E-02
RMM:   7    -0.125530475195E+03   -0.28062E-05   -0.26564E-05  3804   0.859E-03
  14 F= -.12553048E+03 E0= -.12552333E+03  d E =-.366230E-02
 trial-energy change:   -0.003662  1 .order   -0.003788   -0.005412   -0.002164
 step:   4.9301(harm=  4.9301)  dis= 0.00711  next Energy=  -125.531321 (dE=-0.451E-02)
 bond charge predicted
       N       E                     dE             d eps       ncg     rms          rms(c)
DAV:   1    -0.125539102507E+03   -0.86301E-02   -0.11231E+00  6024   0.222E+00    0.555E-01
RMM:   2    -0.125532735325E+03    0.63672E-02   -0.21860E-02  5824   0.360E-01    0.260E-01
RMM:   3    -0.125531921663E+03    0.81366E-03   -0.31222E-03  5824   0.107E-01    0.277E-01
RMM:   4    -0.125531150261E+03    0.77140E-03   -0.83534E-04  5824   0.517E-02    0.118E-01
RMM:   5    -0.125531097834E+03    0.52427E-04   -0.36209E-04  5824   0.347E-02    0.756E-02
RMM:   6    -0.125531025642E+03    0.72192E-04   -0.12393E-04  5639   0.193E-02    0.215E-02
RMM:   7    -0.125531027416E+03   -0.17741E-05   -0.10718E-05  3282   0.570E-03
  15 F= -.12553103E+03 E0= -.12552389E+03  d E =-.421452E-02
 curvature:  -5.55 expect dE=-0.676E-02 dE for cont linesearch -0.642E-05
 trial: gam= 0.65618 g(F)=  0.503E-03 g(S)=  0.715E-03 ort =-0.690E-04 (trialstep = 0.335E+01)
 search vector abs. value=  0.290E-02
 bond charge predicted
       N       E                     dE             d eps       ncg     rms          rms(c)
DAV:   1    -0.125553387350E+03   -0.22362E-01   -0.24784E+00  5992   0.329E+00    0.918E-01
RMM:   2    -0.125536400820E+03    0.16987E-01   -0.64085E-02  5824   0.616E-01    0.444E-01
RMM:   3    -0.125535093007E+03    0.13078E-02   -0.87109E-03  5824   0.180E-01    0.443E-01
RMM:   4    -0.125533128045E+03    0.19650E-02   -0.21450E-03  5824   0.822E-02    0.213E-01
RMM:   5    -0.125532980027E+03    0.14802E-03   -0.84055E-04  5824   0.530E-02    0.122E-01
RMM:   6    -0.125532770774E+03    0.20925E-03   -0.33910E-04  5824   0.320E-02    0.282E-02
RMM:   7    -0.125532769758E+03    0.10166E-05   -0.20781E-05  3674   0.822E-03
  16 F= -.12553277E+03 E0= -.12552585E+03  d E =-.174234E-02
 trial-energy change:   -0.001742  1 .order   -0.001787   -0.003929    0.000355
 step:   3.0586(harm=  3.0756)  dis= 0.00331  next Energy=  -125.532785 (dE=-0.176E-02)
 bond charge predicted
       N       E                     dE             d eps       ncg     rms          rms(c)
DAV:   1    -0.125532939876E+03   -0.16910E-03   -0.19198E-02  6072   0.290E-01    0.838E-02
RMM:   2    -0.125532802947E+03    0.13693E-03   -0.50394E-04  5824   0.544E-02    0.395E-02
RMM:   3    -0.125532795277E+03    0.76698E-05   -0.72549E-05  5595   0.163E-02
  17 F= -.12553280E+03 E0= -.12552582E+03  d E =-.176786E-02
 curvature:  -3.79 expect dE=-0.216E-02 dE for cont linesearch -0.370E-04
 ZBRENT: interpolating
 opt :   2.6747  next Energy=  -125.532828 (dE=-0.180E-02)
 bond charge predicted
       N       E                     dE             d eps       ncg     rms          rms(c)
DAV:   1    -0.125533049039E+03   -0.24609E-03   -0.32347E-02  6016   0.377E-01    0.108E-01
RMM:   2    -0.125532802278E+03    0.24676E-03   -0.84974E-04  5824   0.706E-02    0.575E-02
RMM:   3    -0.125532781358E+03    0.20920E-04   -0.11914E-04  5821   0.210E-02    0.543E-02
RMM:   4    -0.125532757079E+03    0.24279E-04   -0.30658E-05  3919   0.996E-03    0.280E-02
RMM:   5    -0.125532759771E+03   -0.26920E-05   -0.15211E-05  3255   0.754E-03
  18 F= -.12553276E+03 E0= -.12552577E+03  d E =-.173235E-02
 curvature:  -3.31 expect dE=-0.131E-02 dE for cont linesearch -0.143E-04
 ZBRENT: interpolating
 opt :   2.8281  next Energy=  -125.532768 (dE=-0.174E-02)
 bond charge predicted
       N       E                     dE             d eps       ncg     rms          rms(c)
DAV:   1    -0.125532817651E+03   -0.60573E-04   -0.52045E-03  6024   0.152E-01    0.426E-02
RMM:   2    -0.125532783956E+03    0.33695E-04   -0.13404E-04  5774   0.282E-02    0.204E-02
RMM:   3    -0.125532780186E+03    0.37705E-05   -0.17552E-05  3376   0.839E-03
  19 F= -.12553278E+03 E0= -.12552582E+03  d E =-.175277E-02
 curvature:  -1.99 expect dE=-0.787E-03 dE for cont linesearch -0.190E-04
 ZBRENT: bisectioning
 opt :   2.9434  next Energy=  -125.532802 (dE=-0.177E-02)
 bond charge predicted
       N       E                     dE             d eps       ncg     rms          rms(c)
DAV:   1    -0.125532813400E+03   -0.29444E-04   -0.29367E-03  6008   0.114E-01    0.338E-02
RMM:   2    -0.125532789492E+03    0.23907E-04   -0.78282E-05  5683   0.215E-02    0.188E-02
RMM:   3    -0.125532785583E+03    0.39099E-05   -0.10401E-05  2970   0.649E-03
  20 F= -.12553279E+03 E0= -.12552583E+03  d E =-.175817E-02
 curvature:  -2.25 expect dE=-0.946E-03 dE for cont linesearch -0.948E-05
 ZBRENT: bisectioning
 opt :   3.0010  next Energy=  -125.532791 (dE=-0.176E-02)
 bond charge predicted
       N       E                     dE             d eps       ncg     rms          rms(c)
DAV:   1    -0.125532792231E+03   -0.27386E-05   -0.73584E-04  6096   0.576E-02    0.185E-02
RMM:   2    -0.125532785187E+03    0.70439E-05   -0.18826E-05  2954   0.109E-02
  21 F= -.12553279E+03 E0= -.12552583E+03  d E =-.175777E-02
 curvature:  -1.32 expect dE=-0.565E-03 dE for cont linesearch -0.319E-05
 trial: gam= 0.23588 g(F)=  0.198E-03 g(S)=  0.230E-03 ort = 0.838E-04 (trialstep = 0.328E+01)
 search vector abs. value=  0.629E-03
 bond charge predicted
       N       E                     dE             d eps       ncg     rms          rms(c)
DAV:   1    -0.125537382080E+03   -0.45898E-02   -0.52203E-01  5936   0.148E+00    0.380E-01
RMM:   2    -0.125534501985E+03    0.28801E-02   -0.11210E-02  5824   0.257E-01    0.176E-01
RMM:   3    -0.125534244534E+03    0.25745E-03   -0.16200E-03  5824   0.763E-02    0.196E-01
RMM:   4    -0.125533840680E+03    0.40385E-03   -0.41868E-04  5824   0.366E-02    0.822E-02
RMM:   5    -0.125533827487E+03    0.13194E-04   -0.15695E-04  5824   0.228E-02    0.528E-02
RMM:   6    -0.125533794903E+03    0.32584E-04   -0.59514E-05  4477   0.137E-02    0.154E-02
RMM:   7    -0.125533794810E+03    0.93129E-07   -0.69524E-06  3055   0.488E-03
  22 F= -.12553379E+03 E0= -.12552693E+03  d E =-.100962E-02
 trial-energy change:   -0.001010  1 .order   -0.001015   -0.001470   -0.000561
 step:   5.3094(harm=  5.3094)  dis= 0.00314  next Energy=  -125.533974 (dE=-0.119E-02)
 bond charge predicted
       N       E                     dE             d eps       ncg     rms          rms(c)
DAV:   1    -0.125535311380E+03   -0.15165E-02   -0.19878E-01  6040   0.916E-01    0.232E-01
RMM:   2    -0.125534222304E+03    0.10891E-02   -0.42677E-03  5824   0.158E-01    0.109E-01
RMM:   3    -0.125534122839E+03    0.99465E-04   -0.60434E-04  5824   0.467E-02    0.120E-01
RMM:   4    -0.125533978622E+03    0.14422E-03   -0.15265E-04  5805   0.222E-02    0.515E-02
RMM:   5    -0.125533975932E+03    0.26898E-05   -0.58865E-05  4707   0.141E-02
  23 F= -.12553398E+03 E0= -.12552715E+03  d E =-.119074E-02
 curvature:  -3.73 expect dE=-0.121E-02 dE for cont linesearch -0.735E-05
 trial: gam= 0.74943 g(F)=  0.387E-04 g(S)=  0.287E-03 ort = 0.352E-04 (trialstep = 0.317E+01)
 search vector abs. value=  0.731E-03
 bond charge predicted
       N       E                     dE             d eps       ncg     rms          rms(c)
DAV:   1    -0.125541215733E+03   -0.72371E-02   -0.50857E-01  6016   0.158E+00    0.496E-01
RMM:   2    -0.125535658424E+03    0.55573E-02   -0.15895E-02  5824   0.303E-01    0.226E-01
RMM:   3    -0.125535138191E+03    0.52023E-03   -0.22931E-03  5824   0.927E-02    0.231E-01
RMM:   4    -0.125534632399E+03    0.50579E-03   -0.57106E-04  5824   0.423E-02    0.111E-01
RMM:   5    -0.125534576923E+03    0.55475E-04   -0.24970E-04  5824   0.289E-02    0.665E-02
RMM:   6    -0.125534511920E+03    0.65004E-04   -0.94157E-05  5261   0.168E-02    0.161E-02
RMM:   7    -0.125534511850E+03    0.69351E-07   -0.68133E-06  3056   0.477E-03
  24 F= -.12553451E+03 E0= -.12552798E+03  d E =-.535919E-03
 trial-energy change:   -0.000536  1 .order   -0.000552   -0.001116    0.000011
 step:   3.1396(harm=  3.1396)  dis= 0.00138  next Energy=  -125.534528 (dE=-0.552E-03)
 bond charge predicted
       N       E                     dE             d eps       ncg     rms          rms(c)
DAV:   1    -0.125534510799E+03    0.11211E-05   -0.57380E-05  5768   0.188E-02    0.863E-03
RMM:   2    -0.125534509917E+03    0.88168E-06   -0.29368E-06  2972   0.420E-03
  25 F= -.12553451E+03 E0= -.12552798E+03  d E =-.533985E-03
 curvature:  -3.26 expect dE=-0.589E-03 dE for cont linesearch -0.932E-06
 trial: gam= 0.56326 g(F)=  0.657E-04 g(S)=  0.115E-03 ort =-0.145E-04 (trialstep = 0.316E+01)
 search vector abs. value=  0.396E-03
 bond charge predicted
       N       E                     dE             d eps       ncg     rms          rms(c)
DAV:   1    -0.125537173801E+03   -0.26630E-02   -0.24454E-01  6000   0.108E+00    0.273E-01
RMM:   2    -0.125535536580E+03    0.16372E-02   -0.36043E-03  5824   0.145E-01    0.135E-01
RMM:   3    -0.125535218279E+03    0.31830E-03   -0.79971E-04  5824   0.540E-02    0.126E-01
RMM:   4    -0.125535012966E+03    0.20531E-03   -0.24410E-04  5823   0.276E-02    0.454E-02
RMM:   5    -0.125535003142E+03    0.98241E-05   -0.61228E-05  4904   0.145E-02
  26 F= -.12553500E+03 E0= -.12552861E+03  d E =-.493225E-03
 ZBRENT: can't locate minimum, use default step
 trial-energy change:   -0.000493  1 .order   -0.000479   -0.000545   -0.000413
 step:  12.6586(harm= 13.0905)  dis= 0.00292  next Energy=  -125.535638 (dE=-0.113E-02)
 bond charge predicted
       N       E                     dE             d eps       ncg     rms          rms(c)
DAV:   1    -0.125554658781E+03   -0.19646E-01   -0.21998E+00  6024   0.324E+00    0.822E-01
RMM:   2    -0.125539726932E+03    0.14932E-01   -0.32538E-02  5824   0.435E-01    0.406E-01
RMM:   3    -0.125536628391E+03    0.30985E-02   -0.71282E-03  5824   0.162E-01    0.363E-01
RMM:   4    -0.125534924297E+03    0.17041E-02   -0.20946E-03  5824   0.807E-02    0.135E-01
RMM:   5    -0.125534798199E+03    0.12610E-03   -0.52068E-04  5824   0.425E-02    0.807E-02
RMM:   6    -0.125534724099E+03    0.74100E-04   -0.13934E-04  5682   0.201E-02    0.337E-02
RMM:   7    -0.125534726982E+03   -0.28830E-05   -0.11343E-05  3220   0.615E-03
  27 F= -.12553473E+03 E0= -.12552897E+03  d E =-.217065E-03
 curvature: -15.02 expect dE=-0.867E-02 dE for cont linesearch -0.869E-03
 ZBRENT: interpolating
 opt :   7.5619  next Energy=  -125.535290 (dE=-0.780E-03)
 bond charge predicted
       N       E                     dE             d eps       ncg     rms          rms(c)
DAV:   1    -0.125540968897E+03   -0.62448E-02   -0.63500E-01  6008   0.174E+00    0.444E-01
RMM:   2    -0.125536672099E+03    0.42968E-02   -0.93430E-03  5824   0.234E-01    0.219E-01
RMM:   3    -0.125535770952E+03    0.90115E-03   -0.20522E-03  5824   0.871E-02    0.197E-01
RMM:   4    -0.125535268633E+03    0.50232E-03   -0.60054E-04  5824   0.432E-02    0.723E-02
RMM:   5    -0.125535218422E+03    0.50211E-04   -0.14675E-04  5824   0.227E-02    0.421E-02
RMM:   6    -0.125535195892E+03    0.22530E-04   -0.37541E-05  3995   0.106E-02    0.176E-02
RMM:   7    -0.125535196189E+03   -0.29708E-06   -0.45478E-06  3004   0.413E-03
  28 F= -.12553520E+03 E0= -.12552911E+03  d E =-.686272E-03
 curvature:  -4.96 expect dE=-0.758E-03 dE for cont linesearch -0.249E-05
 trial: gam= 0.95720 g(F)=  0.408E-04 g(S)=  0.112E-03 ort =-0.141E-04 (trialstep = 0.328E+01)
 search vector abs. value=  0.489E-03
 bond charge predicted
       N       E                     dE             d eps       ncg     rms          rms(c)
DAV:   1    -0.125539939606E+03   -0.47437E-02   -0.31960E-01  6024   0.130E+00    0.401E-01
RMM:   2    -0.125536273031E+03    0.36666E-02   -0.84199E-03  5824   0.219E-01    0.188E-01
RMM:   3    -0.125535817694E+03    0.45534E-03   -0.14602E-03  5824   0.740E-02    0.183E-01
RMM:   4    -0.125535483592E+03    0.33410E-03   -0.39001E-04  5824   0.348E-02    0.843E-02
RMM:   5    -0.125535431743E+03    0.51850E-04   -0.15800E-04  5823   0.234E-02    0.471E-02
RMM:   6    -0.125535397911E+03    0.33831E-04   -0.48664E-05  4180   0.121E-02    0.133E-02
RMM:   7    -0.125535397741E+03    0.17042E-06   -0.37003E-06  2991   0.370E-03
  29 F= -.12553540E+03 E0= -.12552957E+03  d E =-.201552E-03
 trial-energy change:   -0.000202  1 .order   -0.000187   -0.000457    0.000083
 step:   2.7744(harm=  2.7744)  dis= 0.00083  next Energy=  -125.535389 (dE=-0.193E-03)
 bond charge predicted
       N       E                     dE             d eps       ncg     rms          rms(c)
DAV:   1    -0.125535507048E+03   -0.10914E-03   -0.75391E-03  6080   0.199E-01    0.628E-02
RMM:   2    -0.125535416978E+03    0.90070E-04   -0.20189E-04  5813   0.339E-02    0.292E-02
RMM:   3    -0.125535408006E+03    0.89719E-05   -0.33793E-05  3820   0.115E-02
  30 F= -.12553541E+03 E0= -.12552953E+03  d E =-.211817E-03
 curvature:  -4.87 expect dE=-0.395E-03 dE for cont linesearch -0.394E-04
 ZBRENT: interpolating
 opt :   1.9116  next Energy=  -125.535435 (dE=-0.239E-03)
 bond charge predicted
       N       E                     dE             d eps       ncg     rms          rms(c)
DAV:   1    -0.125535717296E+03   -0.30032E-03   -0.22044E-02  6040   0.341E-01    0.108E-01
RMM:   2    -0.125535437101E+03    0.28020E-03   -0.59329E-04  5824   0.580E-02    0.539E-02
RMM:   3    -0.125535399968E+03    0.37133E-04   -0.10384E-04  5793   0.198E-02    0.489E-02
RMM:   4    -0.125535380592E+03    0.19376E-04   -0.27871E-05  3871   0.943E-03    0.240E-02
RMM:   5    -0.125535381360E+03   -0.76784E-06   -0.13363E-05  3030   0.720E-03
  31 F= -.12553538E+03 E0= -.12552943E+03  d E =-.185171E-03
 curvature:  -3.35 expect dE=-0.189E-03 dE for cont linesearch -0.574E-05
 ZBRENT: interpolating
 opt :   2.1834  next Energy=  -125.535385 (dE=-0.189E-03)
 bond charge predicted
       N       E                     dE             d eps       ncg     rms          rms(c)
DAV:   1    -0.125535422525E+03   -0.41933E-04   -0.22178E-03  6032   0.109E-01    0.342E-02
RMM:   2    -0.125535398631E+03    0.23894E-04   -0.57473E-05  5430   0.182E-02    0.158E-02
RMM:   3    -0.125535394906E+03    0.37253E-05   -0.97274E-06  2952   0.633E-03
  32 F= -.12553539E+03 E0= -.12552948E+03  d E =-.198717E-03
 curvature:  -2.30 expect dE=-0.160E-03 dE for cont linesearch -0.193E-04
 ZBRENT: interpolating
 opt :   2.4817  next Energy=  -125.535417 (dE=-0.221E-03)
 bond charge predicted
       N       E                     dE             d eps       ncg     rms          rms(c)
DAV:   1    -0.125535444455E+03   -0.45824E-04   -0.26349E-03  6048   0.118E-01    0.383E-02
RMM:   2    -0.125535410077E+03    0.34378E-04   -0.72166E-05  5648   0.202E-02    0.198E-02
RMM:   3    -0.125535403944E+03    0.61325E-05   -0.12689E-05  3010   0.716E-03
  33 F= -.12553540E+03 E0= -.12552951E+03  d E =-.207755E-03
 curvature:  -1.10 expect dE=-0.826E-04 dE for cont linesearch -0.691E-05
 ZBRENT: interpolating
 opt :   2.6190  next Energy=  -125.535408 (dE=-0.212E-03)
 bond charge predicted
       N       E                     dE             d eps       ncg     rms          rms(c)
DAV:   1    -0.125535413823E+03   -0.37464E-05   -0.55898E-04  6104   0.553E-02    0.199E-02
RMM:   2    -0.125535404775E+03    0.90481E-05   -0.16128E-05  2955   0.976E-03
  34 F= -.12553540E+03 E0= -.12552952E+03  d E =-.208586E-03
 curvature:  -0.60 expect dE=-0.485E-04 dE for cont linesearch -0.427E-05
 ZBRENT: bisectioning
 opt :   2.6967  next Energy=  -125.535409 (dE=-0.213E-03)
 bond charge predicted
       N       E                     dE             d eps       ncg     rms          rms(c)
DAV:   1    -0.125535409122E+03    0.47013E-05   -0.18255E-04  6096   0.318E-02    0.168E-02
RMM:   2    -0.125535406798E+03    0.23237E-05   -0.15122E-05  3184   0.828E-03
  35 F= -.12553541E+03 E0= -.12552953E+03  d E =-.210609E-03
 curvature:  -0.66 expect dE=-0.509E-04 dE for cont linesearch -0.221E-05
 ZBRENT: bisectioning
 opt :   2.7355  next Energy=  -125.535408 (dE=-0.212E-03)
 bond charge predicted
       N       E                     dE             d eps       ncg     rms          rms(c)
DAV:   1    -0.125535405109E+03    0.40124E-05   -0.55935E-05  5416   0.207E-02    0.107E-02
RMM:   2    -0.125535403341E+03    0.17680E-05   -0.42871E-06  2934   0.499E-03
  36 F= -.12553540E+03 E0= -.12552953E+03  d E =-.207152E-03
 curvature:  -0.42 expect dE=-0.314E-04 dE for cont linesearch -0.641E-06
 ZBRENT: bisectioning
 opt :   2.7549  next Energy=  -125.535404 (dE=-0.208E-03)
 bond charge predicted
       N       E                     dE             d eps       ncg     rms          rms(c)
DAV:   1    -0.125535403000E+03    0.21095E-05   -0.13624E-05  3104   0.106E-02    0.668E-03
RMM:   2    -0.125535402402E+03    0.59773E-06   -0.21227E-06  2896   0.342E-03
  37 F= -.12553540E+03 E0= -.12552953E+03  d E =-.206213E-03
 curvature:  -0.30 expect dE=-0.230E-04 dE for cont linesearch -0.808E-07
 trial: gam= 0.32505 g(F)=  0.357E-04 g(S)=  0.399E-04 ort = 0.114E-04 (trialstep = 0.317E+01)
 search vector abs. value=  0.135E-03
 bond charge predicted
       N       E                     dE             d eps       ncg     rms          rms(c)
DAV:   1    -0.125536338068E+03   -0.93507E-03   -0.85219E-02  5992   0.632E-01    0.160E-01
RMM:   2    -0.125535771655E+03    0.56641E-03   -0.12373E-03  5824   0.851E-02    0.787E-02
RMM:   3    -0.125535641277E+03    0.13038E-03   -0.26410E-04  5824   0.315E-02    0.651E-02
RMM:   4    -0.125535587428E+03    0.53849E-04   -0.72849E-05  4821   0.150E-02    0.257E-02
RMM:   5    -0.125535585314E+03    0.21135E-05   -0.19659E-05  3463   0.850E-03
  38 F= -.12553559E+03 E0= -.12552978E+03  d E =-.182913E-03
 trial-energy change:   -0.000183  1 .order   -0.000204   -0.000251   -0.000156
 step:   8.3605(harm=  8.3605)  dis= 0.00177  next Energy=  -125.535734 (dE=-0.331E-03)
 bond charge predicted
       N       E                     dE             d eps       ncg     rms          rms(c)
DAV:   1    -0.125537627825E+03   -0.20404E-02   -0.22750E-01  6024   0.103E+00    0.258E-01
RMM:   2    -0.125536136341E+03    0.14915E-02   -0.33034E-03  5824   0.139E-01    0.128E-01
RMM:   3    -0.125535784014E+03    0.35233E-03   -0.68849E-04  5824   0.510E-02    0.104E-01
RMM:   4    -0.125535649934E+03    0.13408E-03   -0.18694E-04  5822   0.240E-02    0.417E-02
RMM:   5    -0.125535640960E+03    0.89736E-05   -0.48500E-05  4379   0.130E-02
  39 F= -.12553564E+03 E0= -.12552996E+03  d E =-.238558E-03
 curvature:  -7.10 expect dE=-0.476E-03 dE for cont linesearch -0.167E-05
 trial: gam= 1.05945 g(F)=  0.144E-04 g(S)=  0.526E-04 ort =-0.562E-05 (trialstep = 0.275E+01)
 search vector abs. value=  0.206E-03
 reached required accuracy - stopping structural energy minimisation

-----------------------
Resources requested:
nodes=4:ppn=40
-----------------------
Resources used:
cput=02:01:38
walltime=00:03:09
mem=6.183GB
vmem=159.738GB
-----------------------
Resource units charged (estimate):
-----------------------
