
-----------------------
Resources requested:
nodes=4:ppn=40
-----------------------
Resources used:
cput=05:31:54
walltime=00:08:26
mem=8.410GB
vmem=162.079GB
-----------------------
Resource units charged (estimate):
-----------------------
